../Core/Src/gyro.c:74:6:Start_Gyro_SPI	8	static
../Core/Src/gyro.c:79:6:Stop_Gyro_SPI	8	static
../Core/Src/gyro.c:84:14:Gyro_ReadReg	32	static
../Core/Src/gyro.c:112:14:Gyro_ReadMultiReg	96	static
../Core/Src/gyro.c:150:14:Gyro_WriteReg	24	static
../Core/Src/gyro.c:172:14:Gyro_WriteMultiReg	96	static
../Core/Src/gyro.c:209:14:Gyro_ReadWhoAmI	16	static
../Core/Src/gyro.c:214:14:Gyro_Init	24	static
../Core/Src/gyro.c:284:14:Gyro_ReadRaw	24	static
../Core/Src/gyro.c:305:14:Gyro_CalibrateZero	104	static
../Core/Src/gyro.c:345:6:Gyro_RawSampleValid	16	static
../Core/Src/gyro.c:356:6:Gyro_ConvertToDps	16	static
../Core/Src/gyro.c:363:14:Gyro_ReadConverted	24	static
