../Core/Src/gyro.c:53:6:Start_Gyro_SPI	8	static
../Core/Src/gyro.c:58:6:Stop_Gyro_SPI	8	static
../Core/Src/gyro.c:63:14:Gyro_ReadReg	32	static
../Core/Src/gyro.c:91:14:Gyro_ReadMultiReg	96	static
../Core/Src/gyro.c:129:14:Gyro_WriteReg	24	static
../Core/Src/gyro.c:151:14:Gyro_WriteMultiReg	96	static
../Core/Src/gyro.c:188:14:Gyro_ReadWhoAmI	16	static
../Core/Src/gyro.c:193:14:Gyro_Init	24	static
../Core/Src/gyro.c:263:14:Gyro_ReadRaw	24	static
../Core/Src/gyro.c:284:14:Gyro_CalibrateZero	104	static
../Core/Src/gyro.c:324:6:Gyro_RawSampleValid	16	static
../Core/Src/gyro.c:335:6:Gyro_ConvertToDps	16	static
../Core/Src/gyro.c:342:14:Gyro_ReadConverted	24	static
