../Core/Src/lcd_ili9341_min.c:63:13:LCD_IO_Init	8	static
../Core/Src/lcd_ili9341_min.c:70:13:LCD_WriteByte	16	static
../Core/Src/lcd_ili9341_min.c:78:13:LCD_WriteCommand	16	static
../Core/Src/lcd_ili9341_min.c:86:13:LCD_WriteData	16	static
../Core/Src/lcd_ili9341_min.c:94:13:LCD_WriteDataN	16	static
../Core/Src/lcd_ili9341_min.c:105:17:RGB565_To_DMA2DColor	32	static
../Core/Src/lcd_ili9341_min.c:118:13:LCD_BeginTransfer	4	static
../Core/Src/lcd_ili9341_min.c:127:13:LCD_EndTransfer	4	static
../Core/Src/lcd_ili9341_min.c:134:6:LCD_Init	8	static
../Core/Src/lcd_ili9341_min.c:285:6:LCD_IsReady	4	static
../Core/Src/lcd_ili9341_min.c:290:13:LCD_GetState	4	static
../Core/Src/lcd_ili9341_min.c:295:6:LCD_FillRGB565	24	static
../Core/Src/lcd_ili9341_min.c:304:6:LCD_FillRGB565_DMA	32	static
../Core/Src/lcd_ili9341_min.c:323:6:LCD_FillRect_RGB565_DMA	40	static
../Core/Src/lcd_ili9341_min.c:365:6:LCD_DrawImage_RGB565_DMA	40	static
../Core/Src/lcd_ili9341_min.c:419:13:LCD_DMA2D_TransferComplete	16	static
../Core/Src/lcd_ili9341_min.c:425:13:LCD_DMA2D_TransferError	16	static
