../Core/Src/lcd_ili9341_min.c:65:13:LCD_IO_Init	8	static
../Core/Src/lcd_ili9341_min.c:72:13:LCD_WriteByte	16	static
../Core/Src/lcd_ili9341_min.c:80:13:LCD_WriteCommand	16	static
../Core/Src/lcd_ili9341_min.c:88:13:LCD_WriteData	16	static
../Core/Src/lcd_ili9341_min.c:96:13:LCD_WriteDataN	16	static
../Core/Src/lcd_ili9341_min.c:107:17:RGB565_To_DMA2DColor	32	static
../Core/Src/lcd_ili9341_min.c:120:13:LCD_BeginTransfer	4	static
../Core/Src/lcd_ili9341_min.c:129:13:LCD_EndTransfer	4	static
../Core/Src/lcd_ili9341_min.c:134:13:LCD_DMA2D_ConfigR2M	16	static
../Core/Src/lcd_ili9341_min.c:144:13:LCD_DMA2D_ConfigM2M_RGB565	16	static
../Core/Src/lcd_ili9341_min.c:166:6:LCD_Init	8	static
../Core/Src/lcd_ili9341_min.c:317:6:LCD_IsReady	4	static
../Core/Src/lcd_ili9341_min.c:322:13:LCD_GetState	4	static
../Core/Src/lcd_ili9341_min.c:327:6:LCD_FillRGB565	24	static
../Core/Src/lcd_ili9341_min.c:336:6:LCD_FillRGB565_DMA	32	static
../Core/Src/lcd_ili9341_min.c:353:6:LCD_FillRect_RGB565_DMA	40	static
../Core/Src/lcd_ili9341_min.c:393:6:LCD_DrawImage_RGB565_DMA	32	static
../Core/Src/lcd_ili9341_min.c:436:13:LCD_DMA2D_TransferComplete	16	static
../Core/Src/lcd_ili9341_min.c:442:13:LCD_DMA2D_TransferError	16	static
