../Core/Src/lcd_ili9341_min.c:64:13:LCD_IO_Init	8	static
../Core/Src/lcd_ili9341_min.c:71:13:LCD_WriteByte	16	static
../Core/Src/lcd_ili9341_min.c:79:13:LCD_WriteCommand	16	static
../Core/Src/lcd_ili9341_min.c:87:13:LCD_WriteData	16	static
../Core/Src/lcd_ili9341_min.c:95:13:LCD_WriteDataN	16	static
../Core/Src/lcd_ili9341_min.c:106:17:RGB565_To_DMA2DColor	32	static
../Core/Src/lcd_ili9341_min.c:119:13:LCD_BeginTransfer	4	static
../Core/Src/lcd_ili9341_min.c:128:13:LCD_EndTransfer	4	static
../Core/Src/lcd_ili9341_min.c:133:13:LCD_DMA2D_ConfigR2M	16	static
../Core/Src/lcd_ili9341_min.c:143:13:LCD_DMA2D_ConfigM2M_RGB565	16	static
../Core/Src/lcd_ili9341_min.c:165:6:LCD_Init	8	static
../Core/Src/lcd_ili9341_min.c:316:6:LCD_IsReady	4	static
../Core/Src/lcd_ili9341_min.c:321:13:LCD_GetState	4	static
../Core/Src/lcd_ili9341_min.c:326:6:LCD_FillRGB565	24	static
../Core/Src/lcd_ili9341_min.c:335:6:LCD_FillRGB565_DMA	32	static
../Core/Src/lcd_ili9341_min.c:352:6:LCD_FillRect_RGB565_DMA	40	static
../Core/Src/lcd_ili9341_min.c:392:6:LCD_DrawImage_DMA	32	static
../Core/Src/lcd_ili9341_min.c:451:6:LCD_DrawImagePart_DMA	48	static
../Core/Src/lcd_ili9341_min.c:538:13:LCD_DMA2D_TransferComplete	16	static
../Core/Src/lcd_ili9341_min.c:544:13:LCD_DMA2D_TransferError	16	static
