../Core/Src/lcd_ili9341_min.c:66:13:LCD_IO_Init	8	static
../Core/Src/lcd_ili9341_min.c:73:13:LCD_WriteByte	16	static
../Core/Src/lcd_ili9341_min.c:81:13:LCD_WriteCommand	16	static
../Core/Src/lcd_ili9341_min.c:89:13:LCD_WriteData	16	static
../Core/Src/lcd_ili9341_min.c:97:13:LCD_WriteDataN	16	static
../Core/Src/lcd_ili9341_min.c:108:17:RGB565_To_DMA2DColor	32	static
../Core/Src/lcd_ili9341_min.c:121:13:LCD_BeginTransfer	4	static
../Core/Src/lcd_ili9341_min.c:130:13:LCD_EndTransfer	4	static
../Core/Src/lcd_ili9341_min.c:135:13:LCD_DMA2D_ConfigR2M	16	static
../Core/Src/lcd_ili9341_min.c:145:13:LCD_DMA2D_ConfigM2M_RGB565	16	static
../Core/Src/lcd_ili9341_min.c:165:6:LCD_DrawChar_RGB565	32	static
../Core/Src/lcd_ili9341_min.c:195:6:LCD_Init	8	static
../Core/Src/lcd_ili9341_min.c:346:6:LCD_IsReady	4	static
../Core/Src/lcd_ili9341_min.c:351:13:LCD_GetState	4	static
../Core/Src/lcd_ili9341_min.c:356:6:LCD_DrawPixel_RGB565	24	static
../Core/Src/lcd_ili9341_min.c:377:13:LCD_WritePixel	24	static
../Core/Src/lcd_ili9341_min.c:384:6:LCD_DrawLine_RGB565	48	static
../Core/Src/lcd_ili9341_min.c:432:6:LCD_FillRGB565_DMA	32	static
../Core/Src/lcd_ili9341_min.c:449:6:LCD_FillRect_RGB565_DMA	40	static
../Core/Src/lcd_ili9341_min.c:489:6:LCD_DrawImage_DMA	32	static
../Core/Src/lcd_ili9341_min.c:548:6:LCD_DrawImagePart_DMA	48	static
../Core/Src/lcd_ili9341_min.c:634:6:LCD_Print	32	static
../Core/Src/lcd_ili9341_min.c:661:13:LCD_DMA2D_TransferComplete	16	static
../Core/Src/lcd_ili9341_min.c:667:13:LCD_DMA2D_TransferError	16	static
