../Core/Src/lcd_ili9341_min.c:62:13:LCD_IO_Init	8	static
../Core/Src/lcd_ili9341_min.c:69:13:LCD_WriteByte	16	static
../Core/Src/lcd_ili9341_min.c:77:13:LCD_WriteCommand	16	static
../Core/Src/lcd_ili9341_min.c:85:13:LCD_WriteData	16	static
../Core/Src/lcd_ili9341_min.c:93:13:LCD_WriteDataN	16	static
../Core/Src/lcd_ili9341_min.c:104:17:RGB565_To_DMA2DColor	32	static
../Core/Src/lcd_ili9341_min.c:117:13:LCD_BeginTransfer	4	static
../Core/Src/lcd_ili9341_min.c:126:13:LCD_EndTransfer	4	static
../Core/Src/lcd_ili9341_min.c:133:6:LCD_Init	8	static
../Core/Src/lcd_ili9341_min.c:284:6:LCD_IsReady	4	static
../Core/Src/lcd_ili9341_min.c:289:13:LCD_GetState	4	static
../Core/Src/lcd_ili9341_min.c:294:6:LCD_FillRGB565	24	static
../Core/Src/lcd_ili9341_min.c:303:6:LCD_FillRGB565_DMA	32	static
../Core/Src/lcd_ili9341_min.c:320:6:LCD_FillRect_RGB565_DMA	40	static
../Core/Src/lcd_ili9341_min.c:360:13:LCD_DMA2D_TransferComplete	16	static
../Core/Src/lcd_ili9341_min.c:366:13:LCD_DMA2D_TransferError	16	static
