../Core/Src/lcd_ili9341_min.c:52:13:LCD_IO_Init	8	static
../Core/Src/lcd_ili9341_min.c:59:13:LCD_WriteByte	16	static
../Core/Src/lcd_ili9341_min.c:67:13:LCD_WriteCommand	16	static
../Core/Src/lcd_ili9341_min.c:75:13:LCD_WriteData	16	static
../Core/Src/lcd_ili9341_min.c:83:13:LCD_WriteDataN	16	static
../Core/Src/lcd_ili9341_min.c:94:6:LCD_Init	8	static
../Core/Src/lcd_ili9341_min.c:245:6:LCD_IsReady	4	static
../Core/Src/lcd_ili9341_min.c:250:6:LCD_FillRGB565	24	static
../Core/Src/lcd_ili9341_min.c:259:6:LCD_FillRGB565_DMA	32	static
../Core/Src/lcd_ili9341_min.c:278:17:RGB565_To_DMA2DColor	32	static
../Core/Src/lcd_ili9341_min.c:292:13:LCD_DMA2D_TransferComplete	16	static
../Core/Src/lcd_ili9341_min.c:298:13:LCD_DMA2D_TransferError	16	static
