../Core/Src/main.c:86:12:SDRAM_Test	7
../Core/Src/main.c:123:13:SDRAM_Initialization_Sequence	1
../Core/Src/main.c:165:13:LCD_Reset	1
../Core/Src/main.c:179:5:main	7
../Core/Src/main.c:324:6:SystemClock_Config	3
../Core/Src/main.c:370:13:MX_CRC_Init	2
../Core/Src/main.c:396:13:MX_DMA2D_Init	2
../Core/Src/main.c:425:13:MX_LTDC_Init	3
../Core/Src/main.c:487:13:MX_SPI5_Init	2
../Core/Src/main.c:525:13:MX_TIM1_Init	4
../Core/Src/main.c:571:13:MX_USART1_UART_Init	2
../Core/Src/main.c:600:13:MX_FMC_Init	3
../Core/Src/main.c:657:13:MX_GPIO_Init	1
../Core/Src/main.c:786:6:HAL_TIM_PeriodElapsedCallback	2
../Core/Src/main.c:804:6:Error_Handler	1
