../Core/Src/main.c:87:12:SDRAM_Test	32	static
../Core/Src/main.c:124:13:SDRAM_Initialization_Sequence	40	static
../Core/Src/main.c:166:13:LCD_Reset	8	static
../Core/Src/main.c:180:5:main	16	static
../Core/Src/main.c:252:6:SystemClock_Config	88	static
../Core/Src/main.c:298:13:MX_CRC_Init	8	static
../Core/Src/main.c:324:13:MX_DMA2D_Init	8	static
../Core/Src/main.c:353:13:MX_LTDC_Init	64	static
../Core/Src/main.c:415:13:MX_SPI5_Init	8	static
../Core/Src/main.c:453:13:MX_TIM1_Init	32	static
../Core/Src/main.c:499:13:MX_USART1_UART_Init	8	static
../Core/Src/main.c:528:13:MX_FMC_Init	40	static
../Core/Src/main.c:585:13:MX_GPIO_Init	64	static
../Core/Src/main.c:714:6:HAL_TIM_PeriodElapsedCallback	16	static
../Core/Src/main.c:732:6:Error_Handler	8	static,ignoring_inline_asm
