../Core/Src/stm32f4xx_hal_msp.c:62:6:HAL_MspInit	16	static
../Core/Src/stm32f4xx_hal_msp.c:85:6:HAL_CRC_MspInit	24	static
../Core/Src/stm32f4xx_hal_msp.c:108:6:HAL_CRC_MspDeInit	16	static
../Core/Src/stm32f4xx_hal_msp.c:130:6:HAL_DMA2D_MspInit	24	static
../Core/Src/stm32f4xx_hal_msp.c:156:6:HAL_DMA2D_MspDeInit	16	static
../Core/Src/stm32f4xx_hal_msp.c:181:6:HAL_LTDC_MspInit	112	static
../Core/Src/stm32f4xx_hal_msp.c:309:6:HAL_LTDC_MspDeInit	16	static
../Core/Src/stm32f4xx_hal_msp.c:373:6:HAL_SPI_MspInit	48	static
../Core/Src/stm32f4xx_hal_msp.c:411:6:HAL_SPI_MspDeInit	16	static
../Core/Src/stm32f4xx_hal_msp.c:441:6:HAL_TIM_Base_MspInit	24	static
../Core/Src/stm32f4xx_hal_msp.c:464:6:HAL_TIM_Base_MspDeInit	16	static
../Core/Src/stm32f4xx_hal_msp.c:486:6:HAL_UART_MspInit	48	static
../Core/Src/stm32f4xx_hal_msp.c:523:6:HAL_UART_MspDeInit	16	static
../Core/Src/stm32f4xx_hal_msp.c:548:13:HAL_FMC_MspInit	32	static
../Core/Src/stm32f4xx_hal_msp.c:654:6:HAL_SDRAM_MspInit	16	static
../Core/Src/stm32f4xx_hal_msp.c:666:13:HAL_FMC_MspDeInit	8	static
../Core/Src/stm32f4xx_hal_msp.c:740:6:HAL_SDRAM_MspDeInit	16	static
