Archive member included to satisfy reference by file (symbol)

C:/ST/STM32CubeIDE_2.2.0/STM32CubeIDE/plugins/com.st.stm32cube.ide.mcu.externaltools.gnu-tools-for-stm32.14.3.rel1.win32_1.0.100.202602081740/tools/bin/../lib/gcc/arm-none-eabi/14.3.1/../../../../arm-none-eabi/lib/thumb/v7e-m+fp/hard\libc_nano.a(libc_a-exit.o)
                              C:/ST/STM32CubeIDE_2.2.0/STM32CubeIDE/plugins/com.st.stm32cube.ide.mcu.externaltools.gnu-tools-for-stm32.14.3.rel1.win32_1.0.100.202602081740/tools/bin/../lib/gcc/arm-none-eabi/14.3.1/../../../../arm-none-eabi/lib/thumb/v7e-m+fp/hard/crt0.o (exit)
C:/ST/STM32CubeIDE_2.2.0/STM32CubeIDE/plugins/com.st.stm32cube.ide.mcu.externaltools.gnu-tools-for-stm32.14.3.rel1.win32_1.0.100.202602081740/tools/bin/../lib/gcc/arm-none-eabi/14.3.1/../../../../arm-none-eabi/lib/thumb/v7e-m+fp/hard\libc_nano.a(libc_a-malloc.o)
                              ./Middlewares/ST/STM32_USB_Host_Library/Class/CDC/Src/usbh_cdc.o (malloc)
C:/ST/STM32CubeIDE_2.2.0/STM32CubeIDE/plugins/com.st.stm32cube.ide.mcu.externaltools.gnu-tools-for-stm32.14.3.rel1.win32_1.0.100.202602081740/tools/bin/../lib/gcc/arm-none-eabi/14.3.1/../../../../arm-none-eabi/lib/thumb/v7e-m+fp/hard\libc_nano.a(libc_a-mallocr.o)
                              C:/ST/STM32CubeIDE_2.2.0/STM32CubeIDE/plugins/com.st.stm32cube.ide.mcu.externaltools.gnu-tools-for-stm32.14.3.rel1.win32_1.0.100.202602081740/tools/bin/../lib/gcc/arm-none-eabi/14.3.1/../../../../arm-none-eabi/lib/thumb/v7e-m+fp/hard\libc_nano.a(libc_a-malloc.o) (_malloc_r)
C:/ST/STM32CubeIDE_2.2.0/STM32CubeIDE/plugins/com.st.stm32cube.ide.mcu.externaltools.gnu-tools-for-stm32.14.3.rel1.win32_1.0.100.202602081740/tools/bin/../lib/gcc/arm-none-eabi/14.3.1/../../../../arm-none-eabi/lib/thumb/v7e-m+fp/hard\libc_nano.a(libc_a-mlock.o)
                              C:/ST/STM32CubeIDE_2.2.0/STM32CubeIDE/plugins/com.st.stm32cube.ide.mcu.externaltools.gnu-tools-for-stm32.14.3.rel1.win32_1.0.100.202602081740/tools/bin/../lib/gcc/arm-none-eabi/14.3.1/../../../../arm-none-eabi/lib/thumb/v7e-m+fp/hard\libc_nano.a(libc_a-mallocr.o) (__malloc_lock)
C:/ST/STM32CubeIDE_2.2.0/STM32CubeIDE/plugins/com.st.stm32cube.ide.mcu.externaltools.gnu-tools-for-stm32.14.3.rel1.win32_1.0.100.202602081740/tools/bin/../lib/gcc/arm-none-eabi/14.3.1/../../../../arm-none-eabi/lib/thumb/v7e-m+fp/hard\libc_nano.a(libc_a-findfp.o)
                              C:/ST/STM32CubeIDE_2.2.0/STM32CubeIDE/plugins/com.st.stm32cube.ide.mcu.externaltools.gnu-tools-for-stm32.14.3.rel1.win32_1.0.100.202602081740/tools/bin/../lib/gcc/arm-none-eabi/14.3.1/../../../../arm-none-eabi/lib/thumb/v7e-m+fp/hard\libc_nano.a(libc_a-exit.o) (__stdio_exit_handler)
C:/ST/STM32CubeIDE_2.2.0/STM32CubeIDE/plugins/com.st.stm32cube.ide.mcu.externaltools.gnu-tools-for-stm32.14.3.rel1.win32_1.0.100.202602081740/tools/bin/../lib/gcc/arm-none-eabi/14.3.1/../../../../arm-none-eabi/lib/thumb/v7e-m+fp/hard\libc_nano.a(libc_a-fwalk.o)
                              C:/ST/STM32CubeIDE_2.2.0/STM32CubeIDE/plugins/com.st.stm32cube.ide.mcu.externaltools.gnu-tools-for-stm32.14.3.rel1.win32_1.0.100.202602081740/tools/bin/../lib/gcc/arm-none-eabi/14.3.1/../../../../arm-none-eabi/lib/thumb/v7e-m+fp/hard\libc_nano.a(libc_a-findfp.o) (_fwalk_sglue)
C:/ST/STM32CubeIDE_2.2.0/STM32CubeIDE/plugins/com.st.stm32cube.ide.mcu.externaltools.gnu-tools-for-stm32.14.3.rel1.win32_1.0.100.202602081740/tools/bin/../lib/gcc/arm-none-eabi/14.3.1/../../../../arm-none-eabi/lib/thumb/v7e-m+fp/hard\libc_nano.a(libc_a-stdio.o)
                              C:/ST/STM32CubeIDE_2.2.0/STM32CubeIDE/plugins/com.st.stm32cube.ide.mcu.externaltools.gnu-tools-for-stm32.14.3.rel1.win32_1.0.100.202602081740/tools/bin/../lib/gcc/arm-none-eabi/14.3.1/../../../../arm-none-eabi/lib/thumb/v7e-m+fp/hard\libc_nano.a(libc_a-findfp.o) (__sread)
C:/ST/STM32CubeIDE_2.2.0/STM32CubeIDE/plugins/com.st.stm32cube.ide.mcu.externaltools.gnu-tools-for-stm32.14.3.rel1.win32_1.0.100.202602081740/tools/bin/../lib/gcc/arm-none-eabi/14.3.1/../../../../arm-none-eabi/lib/thumb/v7e-m+fp/hard\libc_nano.a(libc_a-memset.o)
                              C:/ST/STM32CubeIDE_2.2.0/STM32CubeIDE/plugins/com.st.stm32cube.ide.mcu.externaltools.gnu-tools-for-stm32.14.3.rel1.win32_1.0.100.202602081740/tools/bin/../lib/gcc/arm-none-eabi/14.3.1/../../../../arm-none-eabi/lib/thumb/v7e-m+fp/hard/crt0.o (memset)
C:/ST/STM32CubeIDE_2.2.0/STM32CubeIDE/plugins/com.st.stm32cube.ide.mcu.externaltools.gnu-tools-for-stm32.14.3.rel1.win32_1.0.100.202602081740/tools/bin/../lib/gcc/arm-none-eabi/14.3.1/../../../../arm-none-eabi/lib/thumb/v7e-m+fp/hard\libc_nano.a(libc_a-closer.o)
                              C:/ST/STM32CubeIDE_2.2.0/STM32CubeIDE/plugins/com.st.stm32cube.ide.mcu.externaltools.gnu-tools-for-stm32.14.3.rel1.win32_1.0.100.202602081740/tools/bin/../lib/gcc/arm-none-eabi/14.3.1/../../../../arm-none-eabi/lib/thumb/v7e-m+fp/hard\libc_nano.a(libc_a-stdio.o) (_close_r)
[...]
Memory Configuration

Name             Origin             Length             Attributes
CCMRAM           0x10000000         0x00010000         xrw
RAM              0x20000000         0x00030000         xrw
FLASH            0x08000000         0x00200000         xr
*default*        0x00000000         0xffffffff

Linker script and memory map

LOAD C:/ST/STM32CubeIDE_2.2.0/STM32CubeIDE/plugins/com.st.stm32cube.ide.mcu.externaltools.gnu-tools-for-stm32.14.3.rel1.win32_1.0.100.202602081740/tools/bin/../lib/gcc/arm-none-eabi/14.3.1/thumb/v7e-m+fp/hard/crti.o
LOAD C:/ST/STM32CubeIDE_2.2.0/STM32CubeIDE/plugins/com.st.stm32cube.ide.mcu.externaltools.gnu-tools-for-stm32.14.3.rel1.win32_1.0.100.202602081740/tools/bin/../lib/gcc/arm-none-eabi/14.3.1/thumb/v7e-m+fp/hard/crtbegin.o
LOAD C:/ST/STM32CubeIDE_2.2.0/STM32CubeIDE/plugins/com.st.stm32cube.ide.mcu.externaltools.gnu-tools-for-stm32.14.3.rel1.win32_1.0.100.202602081740/tools/bin/../lib/gcc/arm-none-eabi/14.3.1/../../../../arm-none-eabi/lib/thumb/v7e-m+fp/hard/crt0.o
LOAD ./Core/Src/lcd_ili9341_min.o
LOAD ./Core/Src/main.o
LOAD ./Core/Src/stm32f4xx_hal_msp.o
LOAD ./Core/Src/stm32f4xx_hal_timebase_tim.o
LOAD ./Core/Src/stm32f4xx_it.o
LOAD ./Core/Src/syscalls.o
LOAD ./Core/Src/sysmem.o
LOAD ./Core/Src/system_stm32f4xx.o
LOAD ./Core/Startup/startup_stm32f429zitx.o
LOAD ./Drivers/STM32F4xx_HAL_Driver/Src/stm32f4xx_hal.o
LOAD ./Drivers/STM32F4xx_HAL_Driver/Src/stm32f4xx_hal_cortex.o
LOAD ./Drivers/STM32F4xx_HAL_Driver/Src/stm32f4xx_hal_crc.o
LOAD ./Drivers/STM32F4xx_HAL_Driver/Src/stm32f4xx_hal_dma.o
LOAD ./Drivers/STM32F4xx_HAL_Driver/Src/stm32f4xx_hal_dma2d.o
LOAD ./Drivers/STM32F4xx_HAL_Driver/Src/stm32f4xx_hal_dma_ex.o
LOAD ./Drivers/STM32F4xx_HAL_Driver/Src/stm32f4xx_hal_dsi.o
LOAD ./Drivers/STM32F4xx_HAL_Driver/Src/stm32f4xx_hal_exti.o
LOAD ./Drivers/STM32F4xx_HAL_Driver/Src/stm32f4xx_hal_flash.o
LOAD ./Drivers/STM32F4xx_HAL_Driver/Src/stm32f4xx_hal_flash_ex.o
LOAD ./Drivers/STM32F4xx_HAL_Driver/Src/stm32f4xx_hal_flash_ramfunc.o
LOAD ./Drivers/STM32F4xx_HAL_Driver/Src/stm32f4xx_hal_gpio.o
LOAD ./Drivers/STM32F4xx_HAL_Driver/Src/stm32f4xx_hal_hcd.o
LOAD ./Drivers/STM32F4xx_HAL_Driver/Src/stm32f4xx_hal_i2c.o
LOAD ./Drivers/STM32F4xx_HAL_Driver/Src/stm32f4xx_hal_i2c_ex.o
LOAD ./Drivers/STM32F4xx_HAL_Driver/Src/stm32f4xx_hal_ltdc.o
LOAD ./Drivers/STM32F4xx_HAL_Driver/Src/stm32f4xx_hal_ltdc_ex.o
LOAD ./Drivers/STM32F4xx_HAL_Driver/Src/stm32f4xx_hal_nand.o
LOAD ./Drivers/STM32F4xx_HAL_Driver/Src/stm32f4xx_hal_nor.o
LOAD ./Drivers/STM32F4xx_HAL_Driver/Src/stm32f4xx_hal_pccard.o
LOAD ./Drivers/STM32F4xx_HAL_Driver/Src/stm32f4xx_hal_pwr.o
LOAD ./Drivers/STM32F4xx_HAL_Driver/Src/stm32f4xx_hal_pwr_ex.o
LOAD ./Drivers/STM32F4xx_HAL_Driver/Src/stm32f4xx_hal_rcc.o
LOAD ./Drivers/STM32F4xx_HAL_Driver/Src/stm32f4xx_hal_rcc_ex.o
LOAD ./Drivers/STM32F4xx_HAL_Driver/Src/stm32f4xx_hal_sdram.o
LOAD ./Drivers/STM32F4xx_HAL_Driver/Src/stm32f4xx_hal_spi.o
LOAD ./Drivers/STM32F4xx_HAL_Driver/Src/stm32f4xx_hal_sram.o
LOAD ./Drivers/STM32F4xx_HAL_Driver/Src/stm32f4xx_hal_tim.o
LOAD ./Drivers/STM32F4xx_HAL_Driver/Src/stm32f4xx_hal_tim_ex.o
LOAD ./Drivers/STM32F4xx_HAL_Driver/Src/stm32f4xx_hal_uart.o
LOAD ./Drivers/STM32F4xx_HAL_Driver/Src/stm32f4xx_ll_fmc.o
LOAD ./Drivers/STM32F4xx_HAL_Driver/Src/stm32f4xx_ll_usb.o
LOAD ./Middlewares/ST/STM32_USB_Host_Library/Class/CDC/Src/usbh_cdc.o
LOAD ./Middlewares/ST/STM32_USB_Host_Library/Core/Src/usbh_core.o
LOAD ./Middlewares/ST/STM32_USB_Host_Library/Core/Src/usbh_ctlreq.o
LOAD ./Middlewares/ST/STM32_USB_Host_Library/Core/Src/usbh_ioreq.o
LOAD ./Middlewares/ST/STM32_USB_Host_Library/Core/Src/usbh_pipes.o
LOAD ./USB_HOST/App/usb_host.o
LOAD ./USB_HOST/Target/usbh_conf.o
LOAD ./USB_HOST/Target/usbh_platform.o
START GROUP
LOAD C:/ST/STM32CubeIDE_2.2.0/STM32CubeIDE/plugins/com.st.stm32cube.ide.mcu.externaltools.gnu-tools-for-stm32.14.3.rel1.win32_1.0.100.202602081740/tools/bin/../lib/gcc/arm-none-eabi/14.3.1/../../../../arm-none-eabi/lib/thumb/v7e-m+fp/hard\libc_nano.a
LOAD C:/ST/STM32CubeIDE_2.2.0/STM32CubeIDE/plugins/com.st.stm32cube.ide.mcu.externaltools.gnu-tools-for-stm32.14.3.rel1.win32_1.0.100.202602081740/tools/bin/../lib/gcc/arm-none-eabi/14.3.1/../../../../arm-none-eabi/lib/thumb/v7e-m+fp/hard\libm.a
END GROUP
START GROUP
LOAD C:/ST/STM32CubeIDE_2.2.0/STM32CubeIDE/plugins/com.st.stm32cube.ide.mcu.externaltools.gnu-tools-for-stm32.14.3.rel1.win32_1.0.100.202602081740/tools/bin/../lib/gcc/arm-none-eabi/14.3.1/thumb/v7e-m+fp/hard\libgcc.a
LOAD C:/ST/STM32CubeIDE_2.2.0/STM32CubeIDE/plugins/com.st.stm32cube.ide.mcu.externaltools.gnu-tools-for-stm32.14.3.rel1.win32_1.0.100.202602081740/tools/bin/../lib/gcc/arm-none-eabi/14.3.1/../../../../arm-none-eabi/lib/thumb/v7e-m+fp/hard\libc_nano.a
END GROUP
START GROUP
LOAD C:/ST/STM32CubeIDE_2.2.0/STM32CubeIDE/plugins/com.st.stm32cube.ide.mcu.externaltools.gnu-tools-for-stm32.14.3.rel1.win32_1.0.100.202602081740/tools/bin/../lib/gcc/arm-none-eabi/14.3.1/thumb/v7e-m+fp/hard\libgcc.a
LOAD C:/ST/STM32CubeIDE_2.2.0/STM32CubeIDE/plugins/com.st.stm32cube.ide.mcu.externaltools.gnu-tools-for-stm32.14.3.rel1.win32_1.0.100.202602081740/tools/bin/../lib/gcc/arm-none-eabi/14.3.1/../../../../arm-none-eabi/lib/thumb/v7e-m+fp/hard\libc_nano.a
LOAD C:/ST/STM32CubeIDE_2.2.0/STM32CubeIDE/plugins/com.st.stm32cube.ide.mcu.externaltools.gnu-tools-for-stm32.14.3.rel1.win32_1.0.100.202602081740/tools/bin/../lib/gcc/arm-none-eabi/14.3.1/../../../../arm-none-eabi/lib/thumb/v7e-m+fp/hard\libnosys.a
END GROUP
START GROUP
LOAD C:/ST/STM32CubeIDE_2.2.0/STM32CubeIDE/plugins/com.st.stm32cube.ide.mcu.externaltools.gnu-tools-for-stm32.14.3.rel1.win32_1.0.100.202602081740/tools/bin/../lib/gcc/arm-none-eabi/14.3.1/thumb/v7e-m+fp/hard\libgcc.a
LOAD C:/ST/STM32CubeIDE_2.2.0/STM32CubeIDE/plugins/com.st.stm32cube.ide.mcu.externaltools.gnu-tools-for-stm32.14.3.rel1.win32_1.0.100.202602081740/tools/bin/../lib/gcc/arm-none-eabi/14.3.1/../../../../arm-none-eabi/lib/thumb/v7e-m+fp/hard\libc_nano.a
LOAD C:/ST/STM32CubeIDE_2.2.0/STM32CubeIDE/plugins/com.st.stm32cube.ide.mcu.externaltools.gnu-tools-for-stm32.14.3.rel1.win32_1.0.100.202602081740/tools/bin/../lib/gcc/arm-none-eabi/14.3.1/../../../../arm-none-eabi/lib/thumb/v7e-m+fp/hard\libnosys.a
END GROUP
LOAD C:/ST/STM32CubeIDE_2.2.0/STM32CubeIDE/plugins/com.st.stm32cube.ide.mcu.externaltools.gnu-tools-for-stm32.14.3.rel1.win32_1.0.100.202602081740/tools/bin/../lib/gcc/arm-none-eabi/14.3.1/thumb/v7e-m+fp/hard/crtend.o
LOAD C:/ST/STM32CubeIDE_2.2.0/STM32CubeIDE/plugins/com.st.stm32cube.ide.mcu.externaltools.gnu-tools-for-stm32.14.3.rel1.win32_1.0.100.202602081740/tools/bin/../lib/gcc/arm-none-eabi/14.3.1/thumb/v7e-m+fp/hard/crtn.o
                0x20030000                        _estack = (ORIGIN (RAM) + LENGTH (RAM))
                0x00000200                        _Min_Heap_Size = 0x200
                0x00000400                        _Min_Stack_Size = 0x400

.isr_vector     0x08000000      0x1ac
                0x08000000                        . = ALIGN (0x4)
 *(.isr_vector)
 .isr_vector    0x08000000      0x1ac ./Core/Startup/startup_stm32f429zitx.o
                0x08000000                g_pfnVectors
                0x080001ac                        . = ALIGN (0x4)

.text           0x080001ac     0x75e0
                0x080001ac                        . = ALIGN (0x4)
 *(.text)
 .text          0x080001ac       0x40 C:/ST/STM32CubeIDE_2.2.0/STM32CubeIDE/plugins/com.st.stm32cube.ide.mcu.externaltools.gnu-tools-for-stm32.14.3.rel1.win32_1.0.100.202602081740/tools/bin/../lib/gcc/arm-none-eabi/14.3.1/thumb/v7e-m+fp/hard/crtbegin.o
 .text          0x080001ec       0x30 C:/ST/STM32CubeIDE_2.2.0/STM32CubeIDE/plugins/com.st.stm32cube.ide.mcu.externaltools.gnu-tools-for-stm32.14.3.rel1.win32_1.0.100.202602081740/tools/bin/../lib/gcc/arm-none-eabi/14.3.1/thumb/v7e-m+fp/hard\libgcc.a(_aeabi_uldivmod.o)
                0x080001ec                __aeabi_uldivmod
 .text          0x0800021c      0x2f8 C:/ST/STM32CubeIDE_2.2.0/STM32CubeIDE/plugins/com.st.stm32cube.ide.mcu.externaltools.gnu-tools-for-stm32.14.3.rel1.win32_1.0.100.202602081740/tools/bin/../lib/gcc/arm-none-eabi/14.3.1/thumb/v7e-m+fp/hard\libgcc.a(_udivmoddi4.o)
                0x0800021c                __udivmoddi4
 .text          0x08000514        0x4 C:/ST/STM32CubeIDE_2.2.0/STM32CubeIDE/plugins/com.st.stm32cube.ide.mcu.externaltools.gnu-tools-for-stm32.14.3.rel1.win32_1.0.100.202602081740/tools/bin/../lib/gcc/arm-none-eabi/14.3.1/thumb/v7e-m+fp/hard\libgcc.a(_dvmd_tls.o)
                0x08000514                __aeabi_idiv0
                0x08000514                __aeabi_ldiv0
 *(.text*)
 .text.LCD_IO_Init
                0x08000518       0x34 ./Core/Src/lcd_ili9341_min.o
 .text.LCD_WriteByte
                0x0800054c       0x30 ./Core/Src/lcd_ili9341_min.o
 .text.LCD_WriteCommand
                0x0800057c       0x44 ./Core/Src/lcd_ili9341_min.o
 .text.LCD_WriteData
                0x080005c0       0x44 ./Core/Src/lcd_ili9341_min.o
 .text.LCD_Init
                0x08000604      0x2d4 ./Core/Src/lcd_ili9341_min.o
                0x08000604                LCD_Init
 .text.LCD_FillRGB565
                0x080008d8       0x3e ./Core/Src/lcd_ili9341_min.o
                0x080008d8                LCD_FillRGB565
 .text.SDRAM_Test
                0x08000916       0xb2 ./Core/Src/main.o
 .text.SDRAM_Initialization_Sequence
                0x080009c8       0x8a ./Core/Src/main.o
 *fill*         0x08000a52        0x2 
 .text.LCD_Reset
                0x08000a54       0x2c ./Core/Src/main.o
 .text.main     0x08000a80       0x78 ./Core/Src/main.o
                0x08000a80                main
 .text.SystemClock_Config
                0x08000af8       0xd4 ./Core/Src/main.o
                0x08000af8                SystemClock_Config
 .text.MX_CRC_Init
                0x08000bcc       0x28 ./Core/Src/main.o
 .text.MX_DMA2D_Init
                0x08000bf4       0x64 ./Core/Src/main.o
 .text.MX_I2C3_Init
                0x08000c58       0x80 ./Core/Src/main.o
 .text.MX_LTDC_Init
                0x08000cd8      0x100 ./Core/Src/main.o
 .text.MX_SPI5_Init
                0x08000dd8       0x6c ./Core/Src/main.o
 .text.MX_TIM1_Init
                0x08000e44       0xa0 ./Core/Src/main.o
 .text.MX_USART1_UART_Init
                0x08000ee4       0x54 ./Core/Src/main.o
 .text.MX_FMC_Init
                0x08000f38       0xa8 ./Core/Src/main.o
 .text.MX_GPIO_Init
                0x08000fe0      0x220 ./Core/Src/main.o
 .text.HAL_TIM_PeriodElapsedCallback
                0x08001200       0x24 ./Core/Src/main.o
                0x08001200                HAL_TIM_PeriodElapsedCallback
 .text.Error_Handler
                0x08001224        0xc ./Core/Src/main.o
                0x08001224                Error_Handler
 .text.HAL_MspInit
                0x08001230       0x50 ./Core/Src/stm32f4xx_hal_msp.o
                0x08001230                HAL_MspInit
 .text.HAL_CRC_MspInit
                0x08001280       0x44 ./Core/Src/stm32f4xx_hal_msp.o
                0x08001280                HAL_CRC_MspInit
 .text.HAL_DMA2D_MspInit
                0x080012c4       0x50 ./Core/Src/stm32f4xx_hal_msp.o
                0x080012c4                HAL_DMA2D_MspInit
 .text.HAL_I2C_MspInit
                0x08001314       0xd4 ./Core/Src/stm32f4xx_hal_msp.o
                0x08001314                HAL_I2C_MspInit
 .text.HAL_LTDC_MspInit
                0x080013e8      0x260 ./Core/Src/stm32f4xx_hal_msp.o
                0x080013e8                HAL_LTDC_MspInit
 .text.HAL_SPI_MspInit
                0x08001648       0x90 ./Core/Src/stm32f4xx_hal_msp.o
                0x08001648                HAL_SPI_MspInit
 .text.HAL_TIM_Base_MspInit
                0x080016d8       0x44 ./Core/Src/stm32f4xx_hal_msp.o
                0x080016d8                HAL_TIM_Base_MspInit
 .text.HAL_UART_MspInit
                0x0800171c       0x90 ./Core/Src/stm32f4xx_hal_msp.o
                0x0800171c                HAL_UART_MspInit
 .text.HAL_FMC_MspInit
                0x080017ac      0x124 ./Core/Src/stm32f4xx_hal_msp.o
 .text.HAL_SDRAM_MspInit
                0x080018d0       0x14 ./Core/Src/stm32f4xx_hal_msp.o
                0x080018d0                HAL_SDRAM_MspInit
 .text.HAL_InitTick
                0x080018e4       0xf8 ./Core/Src/stm32f4xx_hal_timebase_tim.o
                0x080018e4                HAL_InitTick
 .text.NMI_Handler
                0x080019dc        0x8 ./Core/Src/stm32f4xx_it.o
                0x080019dc                NMI_Handler
 .text.HardFault_Handler
                0x080019e4       0x30 ./Core/Src/stm32f4xx_it.o
                0x080019e4                HardFault_Handler
 .text.MemManage_Handler
                0x08001a14        0x8 ./Core/Src/stm32f4xx_it.o
                0x08001a14                MemManage_Handler
 .text.BusFault_Handler
                0x08001a1c        0x8 ./Core/Src/stm32f4xx_it.o
                0x08001a1c                BusFault_Handler
 .text.UsageFault_Handler
                0x08001a24        0x8 ./Core/Src/stm32f4xx_it.o
                0x08001a24                UsageFault_Handler
 .text.SVC_Handler
                0x08001a2c        0xe ./Core/Src/stm32f4xx_it.o
                0x08001a2c                SVC_Handler
 .text.DebugMon_Handler
                0x08001a3a        0xe ./Core/Src/stm32f4xx_it.o
                0x08001a3a                DebugMon_Handler
 .text.PendSV_Handler
                0x08001a48        0xe ./Core/Src/stm32f4xx_it.o
                0x08001a48                PendSV_Handler
 .text.SysTick_Handler
                0x08001a56        0xe ./Core/Src/stm32f4xx_it.o
                0x08001a56                SysTick_Handler
 .text.TIM6_DAC_IRQHandler
                0x08001a64       0x14 ./Core/Src/stm32f4xx_it.o
                0x08001a64                TIM6_DAC_IRQHandler
 .text.OTG_HS_IRQHandler
                0x08001a78       0x14 ./Core/Src/stm32f4xx_it.o
                0x08001a78                OTG_HS_IRQHandler
 .text.LTDC_IRQHandler
                0x08001a8c       0x14 ./Core/Src/stm32f4xx_it.o
                0x08001a8c                LTDC_IRQHandler
 .text.DMA2D_IRQHandler
                0x08001aa0       0x14 ./Core/Src/stm32f4xx_it.o
                0x08001aa0                DMA2D_IRQHandler
 .text.SystemInit
                0x08001ab4       0x24 ./Core/Src/system_stm32f4xx.o
                0x08001ab4                SystemInit
 .text.Reset_Handler
                0x08001ad8       0x50 ./Core/Startup/startup_stm32f429zitx.o
                0x08001ad8                Reset_Handler
 .text.Default_Handler
                0x08001b28        0x2 ./Core/Startup/startup_stm32f429zitx.o
                0x08001b28                RTC_Alarm_IRQHandler
                0x08001b28                HASH_RNG_IRQHandler
                0x08001b28                EXTI2_IRQHandler
                0x08001b28                TIM8_CC_IRQHandler
                0x08001b28                UART8_IRQHandler
                0x08001b28                SPI4_IRQHandler
                0x08001b28                TIM1_CC_IRQHandler
                0x08001b28                DMA2_Stream5_IRQHandler
                0x08001b28                DMA1_Stream5_IRQHandler
                0x08001b28                PVD_IRQHandler
                0x08001b28                SDIO_IRQHandler
                0x08001b28                TAMP_STAMP_IRQHandler
                0x08001b28                CAN2_RX1_IRQHandler
                0x08001b28                EXTI3_IRQHandler
                0x08001b28                TIM8_TRG_COM_TIM14_IRQHandler
                0x08001b28                TIM1_UP_TIM10_IRQHandler
                0x08001b28                TIM8_UP_TIM13_IRQHandler
                0x08001b28                I2C3_ER_IRQHandler
                0x08001b28                EXTI0_IRQHandler
                0x08001b28                I2C2_EV_IRQHandler
                0x08001b28                DMA1_Stream2_IRQHandler
                0x08001b28                CAN1_RX0_IRQHandler
                0x08001b28                FPU_IRQHandler
                0x08001b28                OTG_HS_WKUP_IRQHandler
                0x08001b28                LTDC_ER_IRQHandler
                0x08001b28                CAN2_SCE_IRQHandler
                0x08001b28                DMA2_Stream2_IRQHandler
                0x08001b28                SPI1_IRQHandler
                0x08001b28                TIM1_BRK_TIM9_IRQHandler
                0x08001b28                DCMI_IRQHandler
                0x08001b28                CAN2_RX0_IRQHandler
                0x08001b28                DMA2_Stream3_IRQHandler
                0x08001b28                USART6_IRQHandler
                0x08001b28                USART3_IRQHandler
                0x08001b28                CAN1_RX1_IRQHandler
                0x08001b28                UART5_IRQHandler
                0x08001b28                DMA2_Stream0_IRQHandler
                0x08001b28                TIM4_IRQHandler
                0x08001b28                I2C1_EV_IRQHandler
                0x08001b28                DMA1_Stream6_IRQHandler
                0x08001b28                DMA1_Stream1_IRQHandler
                0x08001b28                UART4_IRQHandler
                0x08001b28                TIM3_IRQHandler
                0x08001b28                RCC_IRQHandler
                0x08001b28                TIM8_BRK_TIM12_IRQHandler
                0x08001b28                Default_Handler
                0x08001b28                EXTI15_10_IRQHandler
                0x08001b28                ADC_IRQHandler
                0x08001b28                DMA1_Stream7_IRQHandler
                0x08001b28                SPI5_IRQHandler
                0x08001b28                TIM7_IRQHandler
                0x08001b28                CAN2_TX_IRQHandler
                0x08001b28                TIM5_IRQHandler
                0x08001b28                DMA2_Stream7_IRQHandler
                0x08001b28                I2C3_EV_IRQHandler
                0x08001b28                EXTI9_5_IRQHandler
                0x08001b28                RTC_WKUP_IRQHandler
                0x08001b28                ETH_WKUP_IRQHandler
                0x08001b28                SPI2_IRQHandler
                0x08001b28                OTG_HS_EP1_IN_IRQHandler
                0x08001b28                DMA1_Stream0_IRQHandler
                0x08001b28                CAN1_TX_IRQHandler
                0x08001b28                EXTI4_IRQHandler
                0x08001b28                ETH_IRQHandler
                0x08001b28                OTG_HS_EP1_OUT_IRQHandler
                0x08001b28                WWDG_IRQHandler
                0x08001b28                SPI6_IRQHandler
                0x08001b28                TIM2_IRQHandler
                0x08001b28                OTG_FS_WKUP_IRQHandler
                0x08001b28                TIM1_TRG_COM_TIM11_IRQHandler
                0x08001b28                EXTI1_IRQHandler
                0x08001b28                UART7_IRQHandler
                0x08001b28                USART2_IRQHandler
                0x08001b28                I2C2_ER_IRQHandler
                0x08001b28                DMA2_Stream1_IRQHandler
                0x08001b28                CAN1_SCE_IRQHandler
                0x08001b28                FLASH_IRQHandler
                0x08001b28                DMA2_Stream4_IRQHandler
                0x08001b28                USART1_IRQHandler
                0x08001b28                OTG_FS_IRQHandler
                0x08001b28                SPI3_IRQHandler
                0x08001b28                DMA1_Stream4_IRQHandler
                0x08001b28                I2C1_ER_IRQHandler
                0x08001b28                FMC_IRQHandler
                0x08001b28                DMA2_Stream6_IRQHandler
                0x08001b28                SAI1_IRQHandler
                0x08001b28                DMA1_Stream3_IRQHandler
 *fill*         0x08001b2a        0x2 
 .text.HAL_Init
                0x08001b2c       0x44 ./Drivers/STM32F4xx_HAL_Driver/Src/stm32f4xx_hal.o
                0x08001b2c                HAL_Init
 .text.HAL_IncTick
                0x08001b70       0x28 ./Drivers/STM32F4xx_HAL_Driver/Src/stm32f4xx_hal.o
                0x08001b70                HAL_IncTick
 .text.HAL_GetTick
                0x08001b98       0x18 ./Drivers/STM32F4xx_HAL_Driver/Src/stm32f4xx_hal.o
                0x08001b98                HAL_GetTick
 .text.HAL_Delay
                0x08001bb0       0x48 ./Drivers/STM32F4xx_HAL_Driver/Src/stm32f4xx_hal.o
                0x08001bb0                HAL_Delay
 .text.__NVIC_SetPriorityGrouping
                0x08001bf8       0x48 ./Drivers/STM32F4xx_HAL_Driver/Src/stm32f4xx_hal_cortex.o
 .text.__NVIC_GetPriorityGrouping
                0x08001c40       0x1c ./Drivers/STM32F4xx_HAL_Driver/Src/stm32f4xx_hal_cortex.o
 .text.__NVIC_EnableIRQ
                0x08001c5c       0x3c ./Drivers/STM32F4xx_HAL_Driver/Src/stm32f4xx_hal_cortex.o
 .text.__NVIC_SetPriority
                0x08001c98       0x54 ./Drivers/STM32F4xx_HAL_Driver/Src/stm32f4xx_hal_cortex.o
 .text.NVIC_EncodePriority
                0x08001cec       0x66 ./Drivers/STM32F4xx_HAL_Driver/Src/stm32f4xx_hal_cortex.o
 .text.HAL_NVIC_SetPriorityGrouping
                0x08001d52       0x16 ./Drivers/STM32F4xx_HAL_Driver/Src/stm32f4xx_hal_cortex.o
                0x08001d52                HAL_NVIC_SetPriorityGrouping
 .text.HAL_NVIC_SetPriority
                0x08001d68       0x38 ./Drivers/STM32F4xx_HAL_Driver/Src/stm32f4xx_hal_cortex.o
                0x08001d68                HAL_NVIC_SetPriority
 .text.HAL_NVIC_EnableIRQ
                0x08001da0       0x1c ./Drivers/STM32F4xx_HAL_Driver/Src/stm32f4xx_hal_cortex.o
                0x08001da0                HAL_NVIC_EnableIRQ
 .text.HAL_CRC_Init
                0x08001dbc       0x38 ./Drivers/STM32F4xx_HAL_Driver/Src/stm32f4xx_hal_crc.o
                0x08001dbc                HAL_CRC_Init
 .text.HAL_DMA2D_Init
                0x08001df4       0x92 ./Drivers/STM32F4xx_HAL_Driver/Src/stm32f4xx_hal_dma2d.o
                0x08001df4                HAL_DMA2D_Init
 .text.HAL_DMA2D_IRQHandler
                0x08001e86      0x1f8 ./Drivers/STM32F4xx_HAL_Driver/Src/stm32f4xx_hal_dma2d.o
                0x08001e86                HAL_DMA2D_IRQHandler
 .text.HAL_DMA2D_LineEventCallback
                0x0800207e       0x14 ./Drivers/STM32F4xx_HAL_Driver/Src/stm32f4xx_hal_dma2d.o
                0x0800207e                HAL_DMA2D_LineEventCallback
 .text.HAL_DMA2D_CLUTLoadingCpltCallback
                0x08002092       0x14 ./Drivers/STM32F4xx_HAL_Driver/Src/stm32f4xx_hal_dma2d.o
                0x08002092                HAL_DMA2D_CLUTLoadingCpltCallback
 *fill*         0x080020a6        0x2 
 .text.HAL_DMA2D_ConfigLayer
                0x080020a8      0x124 ./Drivers/STM32F4xx_HAL_Driver/Src/stm32f4xx_hal_dma2d.o
                0x080020a8                HAL_DMA2D_ConfigLayer
 .text.HAL_GPIO_Init
                0x080021cc      0x358 ./Drivers/STM32F4xx_HAL_Driver/Src/stm32f4xx_hal_gpio.o
                0x080021cc                HAL_GPIO_Init
 .text.HAL_GPIO_WritePin
                0x08002524       0x32 ./Drivers/STM32F4xx_HAL_Driver/Src/stm32f4xx_hal_gpio.o
                0x08002524                HAL_GPIO_WritePin
 .text.HAL_HCD_IRQHandler
                0x08002556      0x220 ./Drivers/STM32F4xx_HAL_Driver/Src/stm32f4xx_hal_hcd.o
                0x08002556                HAL_HCD_IRQHandler
 .text.HAL_HCD_Stop
                0x08002776       0x3a ./Drivers/STM32F4xx_HAL_Driver/Src/stm32f4xx_hal_hcd.o
                0x08002776                HAL_HCD_Stop
 .text.HCD_HC_IN_IRQHandler
                0x080027b0      0xcd2 ./Drivers/STM32F4xx_HAL_Driver/Src/stm32f4xx_hal_hcd.o
 .text.HCD_HC_OUT_IRQHandler
                0x08003482      0x97e ./Drivers/STM32F4xx_HAL_Driver/Src/stm32f4xx_hal_hcd.o
 .text.HCD_RXQLVL_IRQHandler
                0x08003e00      0x1be ./Drivers/STM32F4xx_HAL_Driver/Src/stm32f4xx_hal_hcd.o
 .text.HCD_Port_IRQHandler
                0x08003fbe       0xe6 ./Drivers/STM32F4xx_HAL_Driver/Src/stm32f4xx_hal_hcd.o
 .text.HAL_I2C_Init
                0x080040a4      0x288 ./Drivers/STM32F4xx_HAL_Driver/Src/stm32f4xx_hal_i2c.o
                0x080040a4                HAL_I2C_Init
 .text.HAL_I2CEx_ConfigAnalogFilter
                0x0800432c       0x78 ./Drivers/STM32F4xx_HAL_Driver/Src/stm32f4xx_hal_i2c_ex.o
                0x0800432c                HAL_I2CEx_ConfigAnalogFilter
 .text.HAL_I2CEx_ConfigDigitalFilter
                0x080043a4       0x7e ./Drivers/STM32F4xx_HAL_Driver/Src/stm32f4xx_hal_i2c_ex.o
                0x080043a4                HAL_I2CEx_ConfigDigitalFilter
 .text.HAL_LTDC_Init
                0x08004422      0x13a ./Drivers/STM32F4xx_HAL_Driver/Src/stm32f4xx_hal_ltdc.o
                0x08004422                HAL_LTDC_Init
 .text.HAL_LTDC_IRQHandler
                0x0800455c      0x148 ./Drivers/STM32F4xx_HAL_Driver/Src/stm32f4xx_hal_ltdc.o
                0x0800455c                HAL_LTDC_IRQHandler
 .text.HAL_LTDC_ErrorCallback
                0x080046a4       0x14 ./Drivers/STM32F4xx_HAL_Driver/Src/stm32f4xx_hal_ltdc.o
                0x080046a4                HAL_LTDC_ErrorCallback
 .text.HAL_LTDC_LineEventCallback
                0x080046b8       0x14 ./Drivers/STM32F4xx_HAL_Driver/Src/stm32f4xx_hal_ltdc.o
                0x080046b8                HAL_LTDC_LineEventCallback
 .text.HAL_LTDC_ReloadEventCallback
                0x080046cc       0x14 ./Drivers/STM32F4xx_HAL_Driver/Src/stm32f4xx_hal_ltdc.o
                0x080046cc                HAL_LTDC_ReloadEventCallback
 .text.HAL_LTDC_ConfigLayer
                0x080046e0       0x7c ./Drivers/STM32F4xx_HAL_Driver/Src/stm32f4xx_hal_ltdc.o
                0x080046e0                HAL_LTDC_ConfigLayer
 .text.LTDC_SetConfig
                0x0800475c      0x2e6 ./Drivers/STM32F4xx_HAL_Driver/Src/stm32f4xx_hal_ltdc.o
 *fill*         0x08004a42        0x2 
 .text.HAL_RCC_OscConfig
                0x08004a44      0x4f0 ./Drivers/STM32F4xx_HAL_Driver/Src/stm32f4xx_hal_rcc.o
                0x08004a44                HAL_RCC_OscConfig
 .text.HAL_RCC_ClockConfig
                0x08004f34      0x1cc ./Drivers/STM32F4xx_HAL_Driver/Src/stm32f4xx_hal_rcc.o
                0x08004f34                HAL_RCC_ClockConfig
 .text.HAL_RCC_GetSysClockFreq
                0x08005100      0x20c ./Drivers/STM32F4xx_HAL_Driver/Src/stm32f4xx_hal_rcc.o
                0x08005100                HAL_RCC_GetSysClockFreq
 .text.HAL_RCC_GetHCLKFreq
                0x0800530c       0x18 ./Drivers/STM32F4xx_HAL_Driver/Src/stm32f4xx_hal_rcc.o
                0x0800530c                HAL_RCC_GetHCLKFreq
 .text.HAL_RCC_GetPCLK1Freq
                0x08005324       0x28 ./Drivers/STM32F4xx_HAL_Driver/Src/stm32f4xx_hal_rcc.o
                0x08005324                HAL_RCC_GetPCLK1Freq
 .text.HAL_RCC_GetPCLK2Freq
                0x0800534c       0x28 ./Drivers/STM32F4xx_HAL_Driver/Src/stm32f4xx_hal_rcc.o
                0x0800534c                HAL_RCC_GetPCLK2Freq
 .text.HAL_RCC_GetClockConfig
                0x08005374       0x64 ./Drivers/STM32F4xx_HAL_Driver/Src/stm32f4xx_hal_rcc.o
                0x08005374                HAL_RCC_GetClockConfig
 .text.HAL_RCCEx_PeriphCLKConfig
                0x080053d8      0x380 ./Drivers/STM32F4xx_HAL_Driver/Src/stm32f4xx_hal_rcc_ex.o
                0x080053d8                HAL_RCCEx_PeriphCLKConfig
 .text.HAL_SDRAM_Init
                0x08005758       0x68 ./Drivers/STM32F4xx_HAL_Driver/Src/stm32f4xx_hal_sdram.o
                0x08005758                HAL_SDRAM_Init
 .text.HAL_SDRAM_SendCommand
                0x080057c0       0x6a ./Drivers/STM32F4xx_HAL_Driver/Src/stm32f4xx_hal_sdram.o
                0x080057c0                HAL_SDRAM_SendCommand
 .text.HAL_SDRAM_ProgramRefreshRate
                0x0800582a       0x50 ./Drivers/STM32F4xx_HAL_Driver/Src/stm32f4xx_hal_sdram.o
                0x0800582a                HAL_SDRAM_ProgramRefreshRate
 .text.HAL_SPI_Init
                0x0800587a      0x112 ./Drivers/STM32F4xx_HAL_Driver/Src/stm32f4xx_hal_spi.o
                0x0800587a                HAL_SPI_Init
 .text.HAL_SPI_Transmit
                0x0800598c      0x288 ./Drivers/STM32F4xx_HAL_Driver/Src/stm32f4xx_hal_spi.o
                0x0800598c                HAL_SPI_Transmit
 .text.SPI_WaitFlagStateUntilTimeout
                0x08005c14      0x110 ./Drivers/STM32F4xx_HAL_Driver/Src/stm32f4xx_hal_spi.o
 .text.SPI_EndRxTxTransaction
                0x08005d24       0xa8 ./Drivers/STM32F4xx_HAL_Driver/Src/stm32f4xx_hal_spi.o
 .text.HAL_TIM_Base_Init
                0x08005dcc       0x9e ./Drivers/STM32F4xx_HAL_Driver/Src/stm32f4xx_hal_tim.o
                0x08005dcc                HAL_TIM_Base_Init
 *fill*         0x08005e6a        0x2 
 .text.HAL_TIM_Base_Start_IT
                0x08005e6c       0xe0 ./Drivers/STM32F4xx_HAL_Driver/Src/stm32f4xx_hal_tim.o
                0x08005e6c                HAL_TIM_Base_Start_IT
 .text.HAL_TIM_IRQHandler
                0x08005f4c      0x1e0 ./Drivers/STM32F4xx_HAL_Driver/Src/stm32f4xx_hal_tim.o
                0x08005f4c                HAL_TIM_IRQHandler
 .text.HAL_TIM_ConfigClockSource
                0x0800612c      0x18e ./Drivers/STM32F4xx_HAL_Driver/Src/stm32f4xx_hal_tim.o
                0x0800612c                HAL_TIM_ConfigClockSource
 .text.HAL_TIM_OC_DelayElapsedCallback
                0x080062ba       0x14 ./Drivers/STM32F4xx_HAL_Driver/Src/stm32f4xx_hal_tim.o
                0x080062ba                HAL_TIM_OC_DelayElapsedCallback
 .text.HAL_TIM_IC_CaptureCallback
                0x080062ce       0x14 ./Drivers/STM32F4xx_HAL_Driver/Src/stm32f4xx_hal_tim.o
                0x080062ce                HAL_TIM_IC_CaptureCallback
 .text.HAL_TIM_PWM_PulseFinishedCallback
                0x080062e2       0x14 ./Drivers/STM32F4xx_HAL_Driver/Src/stm32f4xx_hal_tim.o
                0x080062e2                HAL_TIM_PWM_PulseFinishedCallback
 .text.HAL_TIM_TriggerCallback
                0x080062f6       0x14 ./Drivers/STM32F4xx_HAL_Driver/Src/stm32f4xx_hal_tim.o
                0x080062f6                HAL_TIM_TriggerCallback
 *fill*         0x0800630a        0x2 
 .text.TIM_Base_SetConfig
                0x0800630c      0x14c ./Drivers/STM32F4xx_HAL_Driver/Src/stm32f4xx_hal_tim.o
                0x0800630c                TIM_Base_SetConfig
 .text.TIM_TI1_ConfigInputStage
                0x08006458       0x5e ./Drivers/STM32F4xx_HAL_Driver/Src/stm32f4xx_hal_tim.o
 .text.TIM_TI2_ConfigInputStage
                0x080064b6       0x60 ./Drivers/STM32F4xx_HAL_Driver/Src/stm32f4xx_hal_tim.o
 .text.TIM_ITRx_SetConfig
                0x08006516       0x36 ./Drivers/STM32F4xx_HAL_Driver/Src/stm32f4xx_hal_tim.o
 .text.TIM_ETR_SetConfig
                0x0800654c       0x40 ./Drivers/STM32F4xx_HAL_Driver/Src/stm32f4xx_hal_tim.o
                0x0800654c                TIM_ETR_SetConfig
 .text.HAL_TIMEx_MasterConfigSynchronization
                0x0800658c       0xf8 ./Drivers/STM32F4xx_HAL_Driver/Src/stm32f4xx_hal_tim_ex.o
                0x0800658c                HAL_TIMEx_MasterConfigSynchronization
 .text.HAL_TIMEx_CommutCallback
                0x08006684       0x14 ./Drivers/STM32F4xx_HAL_Driver/Src/stm32f4xx_hal_tim_ex.o
                0x08006684                HAL_TIMEx_CommutCallback
 .text.HAL_TIMEx_BreakCallback
                0x08006698       0x14 ./Drivers/STM32F4xx_HAL_Driver/Src/stm32f4xx_hal_tim_ex.o
                0x08006698                HAL_TIMEx_BreakCallback
 .text.HAL_UART_Init
                0x080066ac       0xa0 ./Drivers/STM32F4xx_HAL_Driver/Src/stm32f4xx_hal_uart.o
                0x080066ac                HAL_UART_Init
 .text.UART_SetConfig
                0x0800674c      0x4e8 ./Drivers/STM32F4xx_HAL_Driver/Src/stm32f4xx_hal_uart.o
 .text.FMC_SDRAM_Init
                0x08006c34       0xba ./Drivers/STM32F4xx_HAL_Driver/Src/stm32f4xx_ll_fmc.o
                0x08006c34                FMC_SDRAM_Init
 .text.FMC_SDRAM_Timing_Init
                0x08006cee       0xd2 ./Drivers/STM32F4xx_HAL_Driver/Src/stm32f4xx_ll_fmc.o
                0x08006cee                FMC_SDRAM_Timing_Init
 .text.FMC_SDRAM_SendCommand
                0x08006dc0       0x7a ./Drivers/STM32F4xx_HAL_Driver/Src/stm32f4xx_ll_fmc.o
                0x08006dc0                FMC_SDRAM_SendCommand
 .text.FMC_SDRAM_ProgramRefreshRate
                0x08006e3a       0x2e ./Drivers/STM32F4xx_HAL_Driver/Src/stm32f4xx_ll_fmc.o
                0x08006e3a                FMC_SDRAM_ProgramRefreshRate
 .text.USB_EnableGlobalInt
                0x08006e68       0x22 ./Drivers/STM32F4xx_HAL_Driver/Src/stm32f4xx_ll_usb.o
                0x08006e68                USB_EnableGlobalInt
 .text.USB_DisableGlobalInt
                0x08006e8a       0x22 ./Drivers/STM32F4xx_HAL_Driver/Src/stm32f4xx_ll_usb.o
                0x08006e8a                USB_DisableGlobalInt
 .text.USB_FlushTxFifo
                0x08006eac       0x64 ./Drivers/STM32F4xx_HAL_Driver/Src/stm32f4xx_ll_usb.o
                0x08006eac                USB_FlushTxFifo
 .text.USB_FlushRxFifo
                0x08006f10       0x5c ./Drivers/STM32F4xx_HAL_Driver/Src/stm32f4xx_ll_usb.o
                0x08006f10                USB_FlushRxFifo
 .text.USB_ReadPacket
                0x08006f6c       0xb0 ./Drivers/STM32F4xx_HAL_Driver/Src/stm32f4xx_ll_usb.o
                0x08006f6c                USB_ReadPacket
 .text.USB_ReadInterrupts
                0x0800701c       0x26 ./Drivers/STM32F4xx_HAL_Driver/Src/stm32f4xx_ll_usb.o
                0x0800701c                USB_ReadInterrupts
 .text.USB_ReadChInterrupts
                0x08007042       0x42 ./Drivers/STM32F4xx_HAL_Driver/Src/stm32f4xx_ll_usb.o
                0x08007042                USB_ReadChInterrupts
 .text.USB_GetMode
                0x08007084       0x1c ./Drivers/STM32F4xx_HAL_Driver/Src/stm32f4xx_ll_usb.o
                0x08007084                USB_GetMode
 .text.USB_InitFSLSPClkSel
                0x080070a0       0x7a ./Drivers/STM32F4xx_HAL_Driver/Src/stm32f4xx_ll_usb.o
                0x080070a0                USB_InitFSLSPClkSel
 .text.USB_HC_ReadInterrupt
                0x0800711a       0x22 ./Drivers/STM32F4xx_HAL_Driver/Src/stm32f4xx_ll_usb.o
                0x0800711a                USB_HC_ReadInterrupt
 .text.USB_HC_Halt
                0x0800713c      0x240 ./Drivers/STM32F4xx_HAL_Driver/Src/stm32f4xx_ll_usb.o
                0x0800713c                USB_HC_Halt
 .text.USB_StopHost
                0x0800737c      0x124 ./Drivers/STM32F4xx_HAL_Driver/Src/stm32f4xx_ll_usb.o
                0x0800737c                USB_StopHost
 .text.USBH_LL_IncTimer
                0x080074a0       0x24 ./Middlewares/ST/STM32_USB_Host_Library/Core/Src/usbh_core.o
                0x080074a0                USBH_LL_IncTimer
 .text.USBH_HandleSof
                0x080074c4       0x30 ./Middlewares/ST/STM32_USB_Host_Library/Core/Src/usbh_core.o
 .text.USBH_LL_PortEnabled
                0x080074f4       0x1c ./Middlewares/ST/STM32_USB_Host_Library/Core/Src/usbh_core.o
                0x080074f4                USBH_LL_PortEnabled
 .text.USBH_LL_PortDisabled
                0x08007510       0x24 ./Middlewares/ST/STM32_USB_Host_Library/Core/Src/usbh_core.o
                0x08007510                USBH_LL_PortDisabled
 .text.USBH_LL_Connect
                0x08007534       0x2e ./Middlewares/ST/STM32_USB_Host_Library/Core/Src/usbh_core.o
                0x08007534                USBH_LL_Connect
 .text.USBH_LL_Disconnect
                0x08007562       0x48 ./Middlewares/ST/STM32_USB_Host_Library/Core/Src/usbh_core.o
                0x08007562                USBH_LL_Disconnect
 .text.USBH_FreePipe
                0x080075aa       0x3c ./Middlewares/ST/STM32_USB_Host_Library/Core/Src/usbh_pipes.o
                0x080075aa                USBH_FreePipe
 .text.HAL_HCD_SOF_Callback
                0x080075e6       0x1c ./USB_HOST/Target/usbh_conf.o
                0x080075e6                HAL_HCD_SOF_Callback
 .text.HAL_HCD_Connect_Callback
                0x08007602       0x1c ./USB_HOST/Target/usbh_conf.o
                0x08007602                HAL_HCD_Connect_Callback
 .text.HAL_HCD_Disconnect_Callback
                0x0800761e       0x1c ./USB_HOST/Target/usbh_conf.o
                0x0800761e                HAL_HCD_Disconnect_Callback
 .text.HAL_HCD_HC_NotifyURBChange_Callback
                0x0800763a       0x1c ./USB_HOST/Target/usbh_conf.o
                0x0800763a                HAL_HCD_HC_NotifyURBChange_Callback
 .text.HAL_HCD_PortEnabled_Callback
                0x08007656       0x1c ./USB_HOST/Target/usbh_conf.o
                0x08007656                HAL_HCD_PortEnabled_Callback
 .text.HAL_HCD_PortDisabled_Callback
                0x08007672       0x1c ./USB_HOST/Target/usbh_conf.o
                0x08007672                HAL_HCD_PortDisabled_Callback
 .text.USBH_LL_Stop
                0x0800768e       0x36 ./USB_HOST/Target/usbh_conf.o
                0x0800768e                USBH_LL_Stop
 .text.USBH_Get_USB_Status
                0x080076c4       0x58 ./USB_HOST/Target/usbh_conf.o
                0x080076c4                USBH_Get_USB_Status
 .text.memset   0x0800771c       0x10 C:/ST/STM32CubeIDE_2.2.0/STM32CubeIDE/plugins/com.st.stm32cube.ide.mcu.externaltools.gnu-tools-for-stm32.14.3.rel1.win32_1.0.100.202602081740/tools/bin/../lib/gcc/arm-none-eabi/14.3.1/../../../../arm-none-eabi/lib/thumb/v7e-m+fp/hard\libc_nano.a(libc_a-memset.o)
                0x0800771c                memset
 .text.__libc_init_array
                0x0800772c       0x48 C:/ST/STM32CubeIDE_2.2.0/STM32CubeIDE/plugins/com.st.stm32cube.ide.mcu.externaltools.gnu-tools-for-stm32.14.3.rel1.win32_1.0.100.202602081740/tools/bin/../lib/gcc/arm-none-eabi/14.3.1/../../../../arm-none-eabi/lib/thumb/v7e-m+fp/hard\libc_nano.a(libc_a-init.o)
                0x0800772c                __libc_init_array
 *(.glue_7)
 .glue_7        0x08007774        0x0 linker stubs
 *(.glue_7t)
 .glue_7t       0x08007774        0x0 linker stubs
 *(.eh_frame)
 .eh_frame      0x08007774        0x0 C:/ST/STM32CubeIDE_2.2.0/STM32CubeIDE/plugins/com.st.stm32cube.ide.mcu.externaltools.gnu-tools-for-stm32.14.3.rel1.win32_1.0.100.202602081740/tools/bin/../lib/gcc/arm-none-eabi/14.3.1/thumb/v7e-m+fp/hard/crtbegin.o
 *(.init)
 .init          0x08007774        0x4 C:/ST/STM32CubeIDE_2.2.0/STM32CubeIDE/plugins/com.st.stm32cube.ide.mcu.externaltools.gnu-tools-for-stm32.14.3.rel1.win32_1.0.100.202602081740/tools/bin/../lib/gcc/arm-none-eabi/14.3.1/thumb/v7e-m+fp/hard/crti.o
                0x08007774                _init
 .init          0x08007778        0x8 C:/ST/STM32CubeIDE_2.2.0/STM32CubeIDE/plugins/com.st.stm32cube.ide.mcu.externaltools.gnu-tools-for-stm32.14.3.rel1.win32_1.0.100.202602081740/tools/bin/../lib/gcc/arm-none-eabi/14.3.1/thumb/v7e-m+fp/hard/crtn.o
 *(.fini)
 .fini          0x08007780        0x4 C:/ST/STM32CubeIDE_2.2.0/STM32CubeIDE/plugins/com.st.stm32cube.ide.mcu.externaltools.gnu-tools-for-stm32.14.3.rel1.win32_1.0.100.202602081740/tools/bin/../lib/gcc/arm-none-eabi/14.3.1/thumb/v7e-m+fp/hard/crti.o
                0x08007780                _fini
 .fini          0x08007784        0x8 C:/ST/STM32CubeIDE_2.2.0/STM32CubeIDE/plugins/com.st.stm32cube.ide.mcu.externaltools.gnu-tools-for-stm32.14.3.rel1.win32_1.0.100.202602081740/tools/bin/../lib/gcc/arm-none-eabi/14.3.1/thumb/v7e-m+fp/hard/crtn.o
                0x0800778c                        . = ALIGN (0x4)
                0x0800778c                        _etext = .

.vfp11_veneer   0x0800778c        0x0
 .vfp11_veneer  0x0800778c        0x0 linker stubs

.v4_bx          0x0800778c        0x0
 .v4_bx         0x0800778c        0x0 linker stubs

.iplt           0x0800778c        0x0
 .iplt          0x0800778c        0x0 C:/ST/STM32CubeIDE_2.2.0/STM32CubeIDE/plugins/com.st.stm32cube.ide.mcu.externaltools.gnu-tools-for-stm32.14.3.rel1.win32_1.0.100.202602081740/tools/bin/../lib/gcc/arm-none-eabi/14.3.1/thumb/v7e-m+fp/hard/crtbegin.o

.rodata         0x0800778c       0x18
                0x0800778c                        . = ALIGN (0x4)
 *(.rodata)
 *(.rodata*)
 .rodata.AHBPrescTable
                0x0800778c       0x10 ./Core/Src/system_stm32f4xx.o
                0x0800778c                AHBPrescTable
 .rodata.APBPrescTable
                0x0800779c        0x8 ./Core/Src/system_stm32f4xx.o
                0x0800779c                APBPrescTable
                0x080077a4                        . = ALIGN (0x4)

.ARM.extab      0x080077a4        0x0
                0x080077a4                        . = ALIGN (0x4)
 *(.ARM.extab* .gnu.linkonce.armextab.*)
                0x080077a4                        . = ALIGN (0x4)

.ARM            0x080077a4        0x8
                0x080077a4                        . = ALIGN (0x4)
                0x080077a4                        __exidx_start = .
 *(.ARM.exidx*)
 .ARM.exidx     0x080077a4        0x8 C:/ST/STM32CubeIDE_2.2.0/STM32CubeIDE/plugins/com.st.stm32cube.ide.mcu.externaltools.gnu-tools-for-stm32.14.3.rel1.win32_1.0.100.202602081740/tools/bin/../lib/gcc/arm-none-eabi/14.3.1/thumb/v7e-m+fp/hard\libgcc.a(_udivmoddi4.o)
                0x080077ac                        __exidx_end = .
                0x080077ac                        . = ALIGN (0x4)

.preinit_array  0x080077ac        0x0
                0x080077ac                        . = ALIGN (0x4)
                0x080077ac                        PROVIDE (__preinit_array_start = .)
 *(.preinit_array*)
                0x080077ac                        PROVIDE (__preinit_array_end = .)
                0x080077ac                        . = ALIGN (0x4)

.init_array     0x080077ac        0x4
                0x080077ac                        . = ALIGN (0x4)
                0x080077ac                        PROVIDE (__init_array_start = .)
 *(SORT_BY_NAME(.init_array.*))
 *(.init_array*)
 .init_array    0x080077ac        0x4 C:/ST/STM32CubeIDE_2.2.0/STM32CubeIDE/plugins/com.st.stm32cube.ide.mcu.externaltools.gnu-tools-for-stm32.14.3.rel1.win32_1.0.100.202602081740/tools/bin/../lib/gcc/arm-none-eabi/14.3.1/thumb/v7e-m+fp/hard/crtbegin.o
                0x080077b0                        PROVIDE (__init_array_end = .)
                0x080077b0                        . = ALIGN (0x4)

.fini_array     0x080077b0        0x4
                0x080077b0                        . = ALIGN (0x4)
                [!provide]                        PROVIDE (__fini_array_start = .)
 *(SORT_BY_NAME(.fini_array.*))
 *(.fini_array*)
 .fini_array    0x080077b0        0x4 C:/ST/STM32CubeIDE_2.2.0/STM32CubeIDE/plugins/com.st.stm32cube.ide.mcu.externaltools.gnu-tools-for-stm32.14.3.rel1.win32_1.0.100.202602081740/tools/bin/../lib/gcc/arm-none-eabi/14.3.1/thumb/v7e-m+fp/hard/crtbegin.o
                [!provide]                        PROVIDE (__fini_array_end = .)
                0x080077b4                        . = ALIGN (0x4)
                0x080077b4                        _sidata = LOADADDR (.data)

.rel.dyn        0x080077b4        0x0
 .rel.iplt      0x080077b4        0x0 C:/ST/STM32CubeIDE_2.2.0/STM32CubeIDE/plugins/com.st.stm32cube.ide.mcu.externaltools.gnu-tools-for-stm32.14.3.rel1.win32_1.0.100.202602081740/tools/bin/../lib/gcc/arm-none-eabi/14.3.1/thumb/v7e-m+fp/hard/crtbegin.o

.data           0x20000000        0xc load address 0x080077b4
                0x20000000                        . = ALIGN (0x4)
                0x20000000                        _sdata = .
 *(.data)
 *(.data*)
 .data.SystemCoreClock
                0x20000000        0x4 ./Core/Src/system_stm32f4xx.o
                0x20000000                SystemCoreClock
 .data.uwTickPrio
                0x20000004        0x4 ./Drivers/STM32F4xx_HAL_Driver/Src/stm32f4xx_hal.o
                0x20000004                uwTickPrio
 .data.uwTickFreq
                0x20000008        0x1 ./Drivers/STM32F4xx_HAL_Driver/Src/stm32f4xx_hal.o
                0x20000008                uwTickFreq
 *(.RamFunc)
 *(.RamFunc*)
                0x2000000c                        . = ALIGN (0x4)
 *fill*         0x20000009        0x3 
                0x2000000c                        _edata = .
                0x080077c0                        _siccmram = LOADADDR (.ccmram)

.igot.plt       0x2000000c        0x0 load address 0x080077c0
 .igot.plt      0x2000000c        0x0 C:/ST/STM32CubeIDE_2.2.0/STM32CubeIDE/plugins/com.st.stm32cube.ide.mcu.externaltools.gnu-tools-for-stm32.14.3.rel1.win32_1.0.100.202602081740/tools/bin/../lib/gcc/arm-none-eabi/14.3.1/thumb/v7e-m+fp/hard/crtbegin.o

.ccmram         0x10000000        0x0 load address 0x080077c0
                0x10000000                        . = ALIGN (0x4)
                0x10000000                        _sccmram = .
 *(.ccmram)
 *(.ccmram*)
                0x10000000                        . = ALIGN (0x4)
                0x10000000                        _eccmram = .
                0x10000000                        . = ALIGN (0x4)

.bss            0x2000000c      0x6b8
                0x2000000c                        _sbss = .
                0x2000000c                        __bss_start__ = _sbss
 *(.bss)
 .bss           0x2000000c       0x1c C:/ST/STM32CubeIDE_2.2.0/STM32CubeIDE/plugins/com.st.stm32cube.ide.mcu.externaltools.gnu-tools-for-stm32.14.3.rel1.win32_1.0.100.202602081740/tools/bin/../lib/gcc/arm-none-eabi/14.3.1/thumb/v7e-m+fp/hard/crtbegin.o
 *(.bss*)
 .bss.hcrc      0x20000028        0x8 ./Core/Src/main.o
                0x20000028                hcrc
 .bss.hdma2d    0x20000030       0x40 ./Core/Src/main.o
                0x20000030                hdma2d
 .bss.hi2c3     0x20000070       0x54 ./Core/Src/main.o
                0x20000070                hi2c3
 .bss.hltdc     0x200000c4       0xa8 ./Core/Src/main.o
                0x200000c4                hltdc
 .bss.hspi5     0x2000016c       0x58 ./Core/Src/main.o
                0x2000016c                hspi5
 .bss.htim1     0x200001c4       0x48 ./Core/Src/main.o
                0x200001c4                htim1
 .bss.huart1    0x2000020c       0x48 ./Core/Src/main.o
                0x2000020c                huart1
 .bss.hsdram1   0x20000254       0x34 ./Core/Src/main.o
                0x20000254                hsdram1
 .bss.FMC_Initialized
                0x20000288        0x4 ./Core/Src/stm32f4xx_hal_msp.o
 .bss.htim6     0x2000028c       0x48 ./Core/Src/stm32f4xx_hal_timebase_tim.o
                0x2000028c                htim6
 .bss.a         0x200002d4        0x4 ./Core/Src/stm32f4xx_it.o
                0x200002d4                a
 .bss.b         0x200002d8        0x4 ./Core/Src/stm32f4xx_it.o
                0x200002d8                b
 .bss.c         0x200002dc        0x4 ./Core/Src/stm32f4xx_it.o
                0x200002dc                c
 .bss.uwTick    0x200002e0        0x4 ./Drivers/STM32F4xx_HAL_Driver/Src/stm32f4xx_hal.o
                0x200002e0                uwTick
 .bss.hhcd_USB_OTG_HS
                0x200002e4      0x3e0 ./USB_HOST/Target/usbh_conf.o
                0x200002e4                hhcd_USB_OTG_HS
 *(COMMON)
                0x200006c4                        . = ALIGN (0x4)
                0x200006c4                        _ebss = .
                0x200006c4                        __bss_end__ = _ebss

._user_heap_stack
                0x200006c4      0x604
                0x200006c8                        . = ALIGN (0x8)
 *fill*         0x200006c4        0x4 
                [!provide]                        PROVIDE (end = .)
                0x200006c8                        PROVIDE (_end = .)
                0x200008c8                        . = (. + _Min_Heap_Size)
 *fill*         0x200006c8      0x200 
                0x20000cc8                        . = (. + _Min_Stack_Size)
 *fill*         0x200008c8      0x400 
                0x20000cc8                        . = ALIGN (0x8)

/DISCARD/
 libc.a(*)
 libm.a(*)
 libgcc.a(*)

.ARM.attributes
                0x00000000       0x30
 *(.ARM.attributes)
 .ARM.attributes
                0x00000000       0x22 C:/ST/STM32CubeIDE_2.2.0/STM32CubeIDE/plugins/com.st.stm32cube.ide.mcu.externaltools.gnu-tools-for-stm32.14.3.rel1.win32_1.0.100.202602081740/tools/bin/../lib/gcc/arm-none-eabi/14.3.1/thumb/v7e-m+fp/hard/crti.o
 .ARM.attributes
                0x00000022       0x34 C:/ST/STM32CubeIDE_2.2.0/STM32CubeIDE/plugins/com.st.stm32cube.ide.mcu.externaltools.gnu-tools-for-stm32.14.3.rel1.win32_1.0.100.202602081740/tools/bin/../lib/gcc/arm-none-eabi/14.3.1/thumb/v7e-m+fp/hard/crtbegin.o
 .ARM.attributes
                0x00000056       0x34 ./Core/Src/lcd_ili9341_min.o
 .ARM.attributes
                0x0000008a       0x34 ./Core/Src/main.o
 .ARM.attributes
                0x000000be       0x34 ./Core/Src/stm32f4xx_hal_msp.o
 .ARM.attributes
                0x000000f2       0x34 ./Core/Src/stm32f4xx_hal_timebase_tim.o
 .ARM.attributes
                0x00000126       0x34 ./Core/Src/stm32f4xx_it.o
 .ARM.attributes
                0x0000015a       0x34 ./Core/Src/system_stm32f4xx.o
 .ARM.attributes
                0x0000018e       0x21 ./Core/Startup/startup_stm32f429zitx.o
 .ARM.attributes
                0x000001af       0x34 ./Drivers/STM32F4xx_HAL_Driver/Src/stm32f4xx_hal.o
 .ARM.attributes
                0x000001e3       0x34 ./Drivers/STM32F4xx_HAL_Driver/Src/stm32f4xx_hal_cortex.o
 .ARM.attributes
                0x00000217       0x34 ./Drivers/STM32F4xx_HAL_Driver/Src/stm32f4xx_hal_crc.o
 .ARM.attributes
                0x0000024b       0x34 ./Drivers/STM32F4xx_HAL_Driver/Src/stm32f4xx_hal_dma2d.o
 .ARM.attributes
                0x0000027f       0x34 ./Drivers/STM32F4xx_HAL_Driver/Src/stm32f4xx_hal_gpio.o
 .ARM.attributes
                0x000002b3       0x34 ./Drivers/STM32F4xx_HAL_Driver/Src/stm32f4xx_hal_hcd.o
 .ARM.attributes
                0x000002e7       0x34 ./Drivers/STM32F4xx_HAL_Driver/Src/stm32f4xx_hal_i2c.o
 .ARM.attributes
                0x0000031b       0x34 ./Drivers/STM32F4xx_HAL_Driver/Src/stm32f4xx_hal_i2c_ex.o
 .ARM.attributes
                0x0000034f       0x34 ./Drivers/STM32F4xx_HAL_Driver/Src/stm32f4xx_hal_ltdc.o
 .ARM.attributes
                0x00000383       0x34 ./Drivers/STM32F4xx_HAL_Driver/Src/stm32f4xx_hal_rcc.o
 .ARM.attributes
                0x000003b7       0x34 ./Drivers/STM32F4xx_HAL_Driver/Src/stm32f4xx_hal_rcc_ex.o
 .ARM.attributes
                0x000003eb       0x34 ./Drivers/STM32F4xx_HAL_Driver/Src/stm32f4xx_hal_sdram.o
 .ARM.attributes
                0x0000041f       0x34 ./Drivers/STM32F4xx_HAL_Driver/Src/stm32f4xx_hal_spi.o
 .ARM.attributes
                0x00000453       0x34 ./Drivers/STM32F4xx_HAL_Driver/Src/stm32f4xx_hal_tim.o
 .ARM.attributes
                0x00000487       0x34 ./Drivers/STM32F4xx_HAL_Driver/Src/stm32f4xx_hal_tim_ex.o
 .ARM.attributes
                0x000004bb       0x34 ./Drivers/STM32F4xx_HAL_Driver/Src/stm32f4xx_hal_uart.o
 .ARM.attributes
                0x000004ef       0x34 ./Drivers/STM32F4xx_HAL_Driver/Src/stm32f4xx_ll_fmc.o
 .ARM.attributes
                0x00000523       0x34 ./Drivers/STM32F4xx_HAL_Driver/Src/stm32f4xx_ll_usb.o
 .ARM.attributes
                0x00000557       0x34 ./Middlewares/ST/STM32_USB_Host_Library/Core/Src/usbh_core.o
 .ARM.attributes
                0x0000058b       0x34 ./Middlewares/ST/STM32_USB_Host_Library/Core/Src/usbh_pipes.o
 .ARM.attributes
                0x000005bf       0x34 ./USB_HOST/Target/usbh_conf.o
 .ARM.attributes
                0x000005f3       0x34 C:/ST/STM32CubeIDE_2.2.0/STM32CubeIDE/plugins/com.st.stm32cube.ide.mcu.externaltools.gnu-tools-for-stm32.14.3.rel1.win32_1.0.100.202602081740/tools/bin/../lib/gcc/arm-none-eabi/14.3.1/../../../../arm-none-eabi/lib/thumb/v7e-m+fp/hard\libc_nano.a(libc_a-memset.o)
 .ARM.attributes
                0x00000627       0x34 C:/ST/STM32CubeIDE_2.2.0/STM32CubeIDE/plugins/com.st.stm32cube.ide.mcu.externaltools.gnu-tools-for-stm32.14.3.rel1.win32_1.0.100.202602081740/tools/bin/../lib/gcc/arm-none-eabi/14.3.1/../../../../arm-none-eabi/lib/thumb/v7e-m+fp/hard\libc_nano.a(libc_a-init.o)
 .ARM.attributes
                0x0000065b       0x22 C:/ST/STM32CubeIDE_2.2.0/STM32CubeIDE/plugins/com.st.stm32cube.ide.mcu.externaltools.gnu-tools-for-stm32.14.3.rel1.win32_1.0.100.202602081740/tools/bin/../lib/gcc/arm-none-eabi/14.3.1/thumb/v7e-m+fp/hard\libgcc.a(_aeabi_uldivmod.o)
 .ARM.attributes
                0x0000067d       0x34 C:/ST/STM32CubeIDE_2.2.0/STM32CubeIDE/plugins/com.st.stm32cube.ide.mcu.externaltools.gnu-tools-for-stm32.14.3.rel1.win32_1.0.100.202602081740/tools/bin/../lib/gcc/arm-none-eabi/14.3.1/thumb/v7e-m+fp/hard\libgcc.a(_udivmoddi4.o)
 .ARM.attributes
                0x000006b1       0x22 C:/ST/STM32CubeIDE_2.2.0/STM32CubeIDE/plugins/com.st.stm32cube.ide.mcu.externaltools.gnu-tools-for-stm32.14.3.rel1.win32_1.0.100.202602081740/tools/bin/../lib/gcc/arm-none-eabi/14.3.1/thumb/v7e-m+fp/hard\libgcc.a(_dvmd_tls.o)
 .ARM.attributes
                0x000006d3       0x22 C:/ST/STM32CubeIDE_2.2.0/STM32CubeIDE/plugins/com.st.stm32cube.ide.mcu.externaltools.gnu-tools-for-stm32.14.3.rel1.win32_1.0.100.202602081740/tools/bin/../lib/gcc/arm-none-eabi/14.3.1/thumb/v7e-m+fp/hard/crtn.o
OUTPUT(TFT_From_Board.elf elf32-littlearm)
LOAD linker stubs
LOAD C:/ST/STM32CubeIDE_2.2.0/STM32CubeIDE/plugins/com.st.stm32cube.ide.mcu.externaltools.gnu-tools-for-stm32.14.3.rel1.win32_1.0.100.202602081740/tools/bin/../lib/gcc/arm-none-eabi/14.3.1/../../../../arm-none-eabi/lib/thumb/v7e-m+fp/hard\libc.a
LOAD C:/ST/STM32CubeIDE_2.2.0/STM32CubeIDE/plugins/com.st.stm32cube.ide.mcu.externaltools.gnu-tools-for-stm32.14.3.rel1.win32_1.0.100.202602081740/tools/bin/../lib/gcc/arm-none-eabi/14.3.1/../../../../arm-none-eabi/lib/thumb/v7e-m+fp/hard\libm.a
LOAD C:/ST/STM32CubeIDE_2.2.0/STM32CubeIDE/plugins/com.st.stm32cube.ide.mcu.externaltools.gnu-tools-for-stm32.14.3.rel1.win32_1.0.100.202602081740/tools/bin/../lib/gcc/arm-none-eabi/14.3.1/thumb/v7e-m+fp/hard\libgcc.a

.debug_info     0x00000000    0x1f551
 .debug_info    0x00000000      0xc50 ./Core/Src/lcd_ili9341_min.o
 .debug_info    0x00000c50     0x22f4 ./Core/Src/main.o
 .debug_info    0x00002f44     0x22cf ./Core/Src/stm32f4xx_hal_msp.o
 .debug_info    0x00005213      0xc40 ./Core/Src/stm32f4xx_hal_timebase_tim.o
 .debug_info    0x00005e53     0x1513 ./Core/Src/stm32f4xx_it.o
 .debug_info    0x00007366      0x52e ./Core/Src/system_stm32f4xx.o
 .debug_info    0x00007894       0x30 ./Core/Startup/startup_stm32f429zitx.o
 .debug_info    0x000078c4      0x9ba ./Drivers/STM32F4xx_HAL_Driver/Src/stm32f4xx_hal.o
 .debug_info    0x0000827e      0xdc2 ./Drivers/STM32F4xx_HAL_Driver/Src/stm32f4xx_hal_cortex.o
 .debug_info    0x00009040      0x37f ./Drivers/STM32F4xx_HAL_Driver/Src/stm32f4xx_hal_crc.o
 .debug_info    0x000093bf      0xe82 ./Drivers/STM32F4xx_HAL_Driver/Src/stm32f4xx_hal_dma2d.o
 .debug_info    0x0000a241      0x6db ./Drivers/STM32F4xx_HAL_Driver/Src/stm32f4xx_hal_gpio.o
 .debug_info    0x0000a91c     0x114c ./Drivers/STM32F4xx_HAL_Driver/Src/stm32f4xx_hal_hcd.o
 .debug_info    0x0000ba68     0x2421 ./Drivers/STM32F4xx_HAL_Driver/Src/stm32f4xx_hal_i2c.o
 .debug_info    0x0000de89      0x672 ./Drivers/STM32F4xx_HAL_Driver/Src/stm32f4xx_hal_i2c_ex.o
 .debug_info    0x0000e4fb     0x1031 ./Drivers/STM32F4xx_HAL_Driver/Src/stm32f4xx_hal_ltdc.o
 .debug_info    0x0000f52c      0x8db ./Drivers/STM32F4xx_HAL_Driver/Src/stm32f4xx_hal_rcc.o
 .debug_info    0x0000fe07      0x64c ./Drivers/STM32F4xx_HAL_Driver/Src/stm32f4xx_hal_rcc_ex.o
 .debug_info    0x00010453      0xed7 ./Drivers/STM32F4xx_HAL_Driver/Src/stm32f4xx_hal_sdram.o
 .debug_info    0x0001132a     0x1525 ./Drivers/STM32F4xx_HAL_Driver/Src/stm32f4xx_hal_spi.o
 .debug_info    0x0001284f     0x299d ./Drivers/STM32F4xx_HAL_Driver/Src/stm32f4xx_hal_tim.o
 .debug_info    0x000151ec     0x14db ./Drivers/STM32F4xx_HAL_Driver/Src/stm32f4xx_hal_tim_ex.o
 .debug_info    0x000166c7     0x2f4f ./Drivers/STM32F4xx_HAL_Driver/Src/stm32f4xx_hal_uart.o
 .debug_info    0x00019616      0xe2d ./Drivers/STM32F4xx_HAL_Driver/Src/stm32f4xx_ll_fmc.o
 .debug_info    0x0001a443     0x1993 ./Drivers/STM32F4xx_HAL_Driver/Src/stm32f4xx_ll_usb.o
 .debug_info    0x0001bdd6      0xfa9 ./Middlewares/ST/STM32_USB_Host_Library/Core/Src/usbh_core.o
 .debug_info    0x0001cd7f      0xa91 ./Middlewares/ST/STM32_USB_Host_Library/Core/Src/usbh_pipes.o
 .debug_info    0x0001d810     0x1d41 ./USB_HOST/Target/usbh_conf.o

.debug_abbrev   0x00000000     0x402d
 .debug_abbrev  0x00000000      0x220 ./Core/Src/lcd_ili9341_min.o
 .debug_abbrev  0x00000220      0x357 ./Core/Src/main.o
 .debug_abbrev  0x00000577      0x2d5 ./Core/Src/stm32f4xx_hal_msp.o
 .debug_abbrev  0x0000084c      0x1f4 ./Core/Src/stm32f4xx_hal_timebase_tim.o
 .debug_abbrev  0x00000a40      0x20a ./Core/Src/stm32f4xx_it.o
 .debug_abbrev  0x00000c4a      0x11a ./Core/Src/system_stm32f4xx.o
 .debug_abbrev  0x00000d64       0x24 ./Core/Startup/startup_stm32f429zitx.o
 .debug_abbrev  0x00000d88      0x214 ./Drivers/STM32F4xx_HAL_Driver/Src/stm32f4xx_hal.o
 .debug_abbrev  0x00000f9c      0x31d ./Drivers/STM32F4xx_HAL_Driver/Src/stm32f4xx_hal_cortex.o
 .debug_abbrev  0x000012b9      0x1b1 ./Drivers/STM32F4xx_HAL_Driver/Src/stm32f4xx_hal_crc.o
 .debug_abbrev  0x0000146a      0x23e ./Drivers/STM32F4xx_HAL_Driver/Src/stm32f4xx_hal_dma2d.o
 .debug_abbrev  0x000016a8      0x1d4 ./Drivers/STM32F4xx_HAL_Driver/Src/stm32f4xx_hal_gpio.o
 .debug_abbrev  0x0000187c      0x296 ./Drivers/STM32F4xx_HAL_Driver/Src/stm32f4xx_hal_hcd.o
 .debug_abbrev  0x00001b12      0x2ad ./Drivers/STM32F4xx_HAL_Driver/Src/stm32f4xx_hal_i2c.o
 .debug_abbrev  0x00001dbf      0x157 ./Drivers/STM32F4xx_HAL_Driver/Src/stm32f4xx_hal_i2c_ex.o
 .debug_abbrev  0x00001f16      0x23a ./Drivers/STM32F4xx_HAL_Driver/Src/stm32f4xx_hal_ltdc.o
 .debug_abbrev  0x00002150      0x2b7 ./Drivers/STM32F4xx_HAL_Driver/Src/stm32f4xx_hal_rcc.o
 .debug_abbrev  0x00002407      0x1b0 ./Drivers/STM32F4xx_HAL_Driver/Src/stm32f4xx_hal_rcc_ex.o
 .debug_abbrev  0x000025b7      0x227 ./Drivers/STM32F4xx_HAL_Driver/Src/stm32f4xx_hal_sdram.o
 .debug_abbrev  0x000027de      0x27a ./Drivers/STM32F4xx_HAL_Driver/Src/stm32f4xx_hal_spi.o
 .debug_abbrev  0x00002a58      0x278 ./Drivers/STM32F4xx_HAL_Driver/Src/stm32f4xx_hal_tim.o
 .debug_abbrev  0x00002cd0      0x283 ./Drivers/STM32F4xx_HAL_Driver/Src/stm32f4xx_hal_tim_ex.o
 .debug_abbrev  0x00002f53      0x30e ./Drivers/STM32F4xx_HAL_Driver/Src/stm32f4xx_hal_uart.o
 .debug_abbrev  0x00003261      0x1ac ./Drivers/STM32F4xx_HAL_Driver/Src/stm32f4xx_ll_fmc.o
 .debug_abbrev  0x0000340d      0x2b3 ./Drivers/STM32F4xx_HAL_Driver/Src/stm32f4xx_ll_usb.o
 .debug_abbrev  0x000036c0      0x32a ./Middlewares/ST/STM32_USB_Host_Library/Core/Src/usbh_core.o
 .debug_abbrev  0x000039ea      0x281 ./Middlewares/ST/STM32_USB_Host_Library/Core/Src/usbh_pipes.o
 .debug_abbrev  0x00003c6b      0x3c2 ./USB_HOST/Target/usbh_conf.o

.debug_aranges  0x00000000     0x1b00
 .debug_aranges
                0x00000000       0x50 ./Core/Src/lcd_ili9341_min.o
 .debug_aranges
                0x00000050       0x98 ./Core/Src/main.o
 .debug_aranges
                0x000000e8       0xb0 ./Core/Src/stm32f4xx_hal_msp.o
 .debug_aranges
                0x00000198       0x30 ./Core/Src/stm32f4xx_hal_timebase_tim.o
 .debug_aranges
                0x000001c8       0x80 ./Core/Src/stm32f4xx_it.o
 .debug_aranges
                0x00000248       0x28 ./Core/Src/system_stm32f4xx.o
 .debug_aranges
                0x00000270       0x28 ./Core/Startup/startup_stm32f429zitx.o
 .debug_aranges
                0x00000298      0x100 ./Drivers/STM32F4xx_HAL_Driver/Src/stm32f4xx_hal.o
 .debug_aranges
                0x00000398      0x130 ./Drivers/STM32F4xx_HAL_Driver/Src/stm32f4xx_hal_cortex.o
 .debug_aranges
                0x000004c8       0x50 ./Drivers/STM32F4xx_HAL_Driver/Src/stm32f4xx_hal_crc.o
 .debug_aranges
                0x00000518      0x118 ./Drivers/STM32F4xx_HAL_Driver/Src/stm32f4xx_hal_dma2d.o
 .debug_aranges
                0x00000630       0x58 ./Drivers/STM32F4xx_HAL_Driver/Src/stm32f4xx_hal_gpio.o
 .debug_aranges
                0x00000688      0x108 ./Drivers/STM32F4xx_HAL_Driver/Src/stm32f4xx_hal_hcd.o
 .debug_aranges
                0x00000790      0x2a8 ./Drivers/STM32F4xx_HAL_Driver/Src/stm32f4xx_hal_i2c.o
 .debug_aranges
                0x00000a38       0x28 ./Drivers/STM32F4xx_HAL_Driver/Src/stm32f4xx_hal_i2c_ex.o
 .debug_aranges
                0x00000a60      0x158 ./Drivers/STM32F4xx_HAL_Driver/Src/stm32f4xx_hal_ltdc.o
 .debug_aranges
                0x00000bb8       0x88 ./Drivers/STM32F4xx_HAL_Driver/Src/stm32f4xx_hal_rcc.o
 .debug_aranges
                0x00000c40       0x58 ./Drivers/STM32F4xx_HAL_Driver/Src/stm32f4xx_hal_rcc_ex.o
 .debug_aranges
                0x00000c98       0xe8 ./Drivers/STM32F4xx_HAL_Driver/Src/stm32f4xx_hal_sdram.o
 .debug_aranges
                0x00000d80      0x1d0 ./Drivers/STM32F4xx_HAL_Driver/Src/stm32f4xx_hal_spi.o
 .debug_aranges
                0x00000f50      0x3d0 ./Drivers/STM32F4xx_HAL_Driver/Src/stm32f4xx_hal_tim.o
 .debug_aranges
                0x00001320      0x168 ./Drivers/STM32F4xx_HAL_Driver/Src/stm32f4xx_hal_tim_ex.o
 .debug_aranges
                0x00001488      0x208 ./Drivers/STM32F4xx_HAL_Driver/Src/stm32f4xx_hal_uart.o
 .debug_aranges
                0x00001690       0xf0 ./Drivers/STM32F4xx_HAL_Driver/Src/stm32f4xx_ll_fmc.o
 .debug_aranges
                0x00001780      0x1a0 ./Drivers/STM32F4xx_HAL_Driver/Src/stm32f4xx_ll_usb.o
 .debug_aranges
                0x00001920       0xc0 ./Middlewares/ST/STM32_USB_Host_Library/Core/Src/usbh_core.o
 .debug_aranges
                0x000019e0       0x40 ./Middlewares/ST/STM32_USB_Host_Library/Core/Src/usbh_pipes.o
 .debug_aranges
                0x00001a20       0xe0 ./USB_HOST/Target/usbh_conf.o

.debug_rnglists
                0x00000000     0x1515
 .debug_rnglists
                0x00000000       0x38 ./Core/Src/lcd_ili9341_min.o
 .debug_rnglists
                0x00000038       0x75 ./Core/Src/main.o
 .debug_rnglists
                0x000000ad       0x85 ./Core/Src/stm32f4xx_hal_msp.o
 .debug_rnglists
                0x00000132       0x20 ./Core/Src/stm32f4xx_hal_timebase_tim.o
 .debug_rnglists
                0x00000152       0x5b ./Core/Src/stm32f4xx_it.o
 .debug_rnglists
                0x000001ad       0x1a ./Core/Src/system_stm32f4xx.o
 .debug_rnglists
                0x000001c7       0x19 ./Core/Startup/startup_stm32f429zitx.o
 .debug_rnglists
                0x000001e0       0xbb ./Drivers/STM32F4xx_HAL_Driver/Src/stm32f4xx_hal.o
 .debug_rnglists
                0x0000029b       0xe0 ./Drivers/STM32F4xx_HAL_Driver/Src/stm32f4xx_hal_cortex.o
 .debug_rnglists
                0x0000037b       0x37 ./Drivers/STM32F4xx_HAL_Driver/Src/stm32f4xx_hal_crc.o
 .debug_rnglists
                0x000003b2       0xdc ./Drivers/STM32F4xx_HAL_Driver/Src/stm32f4xx_hal_dma2d.o
 .debug_rnglists
                0x0000048e       0x3f ./Drivers/STM32F4xx_HAL_Driver/Src/stm32f4xx_hal_gpio.o
 .debug_rnglists
                0x000004cd       0xca ./Drivers/STM32F4xx_HAL_Driver/Src/stm32f4xx_hal_hcd.o
 .debug_rnglists
                0x00000597      0x23c ./Drivers/STM32F4xx_HAL_Driver/Src/stm32f4xx_hal_i2c.o
 .debug_rnglists
                0x000007d3       0x19 ./Drivers/STM32F4xx_HAL_Driver/Src/stm32f4xx_hal_i2c_ex.o
 .debug_rnglists
                0x000007ec      0x10a ./Drivers/STM32F4xx_HAL_Driver/Src/stm32f4xx_hal_ltdc.o
 .debug_rnglists
                0x000008f6       0x66 ./Drivers/STM32F4xx_HAL_Driver/Src/stm32f4xx_hal_rcc.o
 .debug_rnglists
                0x0000095c       0x43 ./Drivers/STM32F4xx_HAL_Driver/Src/stm32f4xx_hal_rcc_ex.o
 .debug_rnglists
                0x0000099f       0xb1 ./Drivers/STM32F4xx_HAL_Driver/Src/stm32f4xx_hal_sdram.o
 .debug_rnglists
                0x00000a50      0x16f ./Drivers/STM32F4xx_HAL_Driver/Src/stm32f4xx_hal_spi.o
 .debug_rnglists
                0x00000bbf      0x31a ./Drivers/STM32F4xx_HAL_Driver/Src/stm32f4xx_hal_tim.o
 .debug_rnglists
                0x00000ed9      0x125 ./Drivers/STM32F4xx_HAL_Driver/Src/stm32f4xx_hal_tim_ex.o
 .debug_rnglists
                0x00000ffe      0x1bc ./Drivers/STM32F4xx_HAL_Driver/Src/stm32f4xx_hal_uart.o
 .debug_rnglists
                0x000011ba       0xb5 ./Drivers/STM32F4xx_HAL_Driver/Src/stm32f4xx_ll_fmc.o
 .debug_rnglists
                0x0000126f      0x147 ./Drivers/STM32F4xx_HAL_Driver/Src/stm32f4xx_ll_usb.o
 .debug_rnglists
                0x000013b6       0x8f ./Middlewares/ST/STM32_USB_Host_Library/Core/Src/usbh_core.o
 .debug_rnglists
                0x00001445       0x2b ./Middlewares/ST/STM32_USB_Host_Library/Core/Src/usbh_pipes.o
 .debug_rnglists
                0x00001470       0xa5 ./USB_HOST/Target/usbh_conf.o

.debug_macro    0x00000000    0x27070
 .debug_macro   0x00000000      0x33e ./Core/Src/lcd_ili9341_min.o
 .debug_macro   0x0000033e      0xad8 ./Core/Src/lcd_ili9341_min.o
 .debug_macro   0x00000e16      0x2c5 ./Core/Src/lcd_ili9341_min.o
 .debug_macro   0x000010db       0x2e ./Core/Src/lcd_ili9341_min.o
 .debug_macro   0x00001109       0x28 ./Core/Src/lcd_ili9341_min.o
 .debug_macro   0x00001131       0x22 ./Core/Src/lcd_ili9341_min.o
 .debug_macro   0x00001153       0x8e ./Core/Src/lcd_ili9341_min.o
 .debug_macro   0x000011e1       0x51 ./Core/Src/lcd_ili9341_min.o
 .debug_macro   0x00001232      0x103 ./Core/Src/lcd_ili9341_min.o
 .debug_macro   0x00001335       0x6a ./Core/Src/lcd_ili9341_min.o
 .debug_macro   0x0000139f      0x1df ./Core/Src/lcd_ili9341_min.o
 .debug_macro   0x0000157e       0x1c ./Core/Src/lcd_ili9341_min.o
 .debug_macro   0x0000159a       0x22 ./Core/Src/lcd_ili9341_min.o
 .debug_macro   0x000015bc       0xfb ./Core/Src/lcd_ili9341_min.o
 .debug_macro   0x000016b7     0x1011 ./Core/Src/lcd_ili9341_min.o
 .debug_macro   0x000026c8      0x11f ./Core/Src/lcd_ili9341_min.o
 .debug_macro   0x000027e7    0x17ff1 ./Core/Src/lcd_ili9341_min.o
 .debug_macro   0x0001a7d8       0x6d ./Core/Src/lcd_ili9341_min.o
 .debug_macro   0x0001a845     0x370a ./Core/Src/lcd_ili9341_min.o
 .debug_macro   0x0001df4f      0x190 ./Core/Src/lcd_ili9341_min.o
 .debug_macro   0x0001e0df       0x5c ./Core/Src/lcd_ili9341_min.o
 .debug_macro   0x0001e13b      0xcba ./Core/Src/lcd_ili9341_min.o
 .debug_macro   0x0001edf5      0x9e9 ./Core/Src/lcd_ili9341_min.o
 .debug_macro   0x0001f7de      0x115 ./Core/Src/lcd_ili9341_min.o
 .debug_macro   0x0001f8f3      0x156 ./Core/Src/lcd_ili9341_min.o
 .debug_macro   0x0001fa49       0xa5 ./Core/Src/lcd_ili9341_min.o
 .debug_macro   0x0001faee      0x182 ./Core/Src/lcd_ili9341_min.o
 .debug_macro   0x0001fc70      0x287 ./Core/Src/lcd_ili9341_min.o
 .debug_macro   0x0001fef7       0x5f ./Core/Src/lcd_ili9341_min.o
 .debug_macro   0x0001ff56      0x236 ./Core/Src/lcd_ili9341_min.o
 .debug_macro   0x0002018c       0x22 ./Core/Src/lcd_ili9341_min.o
 .debug_macro   0x000201ae      0x208 ./Core/Src/lcd_ili9341_min.o
 .debug_macro   0x000203b6      0x132 ./Core/Src/lcd_ili9341_min.o
 .debug_macro   0x000204e8      0x41d ./Core/Src/lcd_ili9341_min.o
 .debug_macro   0x00020905       0x2e ./Core/Src/lcd_ili9341_min.o
 .debug_macro   0x00020933      0x556 ./Core/Src/lcd_ili9341_min.o
 .debug_macro   0x00020e89      0x1b5 ./Core/Src/lcd_ili9341_min.o
 .debug_macro   0x0002103e       0x22 ./Core/Src/lcd_ili9341_min.o
 .debug_macro   0x00021060       0xd6 ./Core/Src/lcd_ili9341_min.o
 .debug_macro   0x00021136      0x198 ./Core/Src/lcd_ili9341_min.o
 .debug_macro   0x000212ce       0xd6 ./Core/Src/lcd_ili9341_min.o
 .debug_macro   0x000213a4      0x127 ./Core/Src/lcd_ili9341_min.o
 .debug_macro   0x000214cb       0xe2 ./Core/Src/lcd_ili9341_min.o
 .debug_macro   0x000215ad       0x89 ./Core/Src/lcd_ili9341_min.o
 .debug_macro   0x00021636      0x225 ./Core/Src/lcd_ili9341_min.o
 .debug_macro   0x0002185b      0x8ed ./Core/Src/lcd_ili9341_min.o
 .debug_macro   0x00022148       0x4d ./Core/Src/lcd_ili9341_min.o
 .debug_macro   0x00022195      0x2aa ./Core/Src/lcd_ili9341_min.o
 .debug_macro   0x0002243f      0x293 ./Core/Src/lcd_ili9341_min.o
 .debug_macro   0x000226d2       0x98 ./Core/Src/lcd_ili9341_min.o
 .debug_macro   0x0002276a      0x134 ./Core/Src/lcd_ili9341_min.o
 .debug_macro   0x0002289e      0x4c8 ./Core/Src/lcd_ili9341_min.o
 .debug_macro   0x00022d66      0x29e ./Core/Src/main.o
 .debug_macro   0x00023004      0x262 ./Core/Src/stm32f4xx_hal_msp.o
 .debug_macro   0x00023266      0x253 ./Core/Src/stm32f4xx_hal_timebase_tim.o
 .debug_macro   0x000234b9      0x26c ./Core/Src/stm32f4xx_it.o
 .debug_macro   0x00023725      0x253 ./Core/Src/system_stm32f4xx.o
 .debug_macro   0x00023978      0x2b3 ./Drivers/STM32F4xx_HAL_Driver/Src/stm32f4xx_hal.o
 .debug_macro   0x00023c2b      0x253 ./Drivers/STM32F4xx_HAL_Driver/Src/stm32f4xx_hal_cortex.o
 .debug_macro   0x00023e7e      0x253 ./Drivers/STM32F4xx_HAL_Driver/Src/stm32f4xx_hal_crc.o
 .debug_macro   0x000240d1      0x262 ./Drivers/STM32F4xx_HAL_Driver/Src/stm32f4xx_hal_dma2d.o
 .debug_macro   0x00024333      0x259 ./Drivers/STM32F4xx_HAL_Driver/Src/stm32f4xx_hal_gpio.o
 .debug_macro   0x0002458c      0x253 ./Drivers/STM32F4xx_HAL_Driver/Src/stm32f4xx_hal_hcd.o
 .debug_macro   0x000247df      0x2a1 ./Drivers/STM32F4xx_HAL_Driver/Src/stm32f4xx_hal_i2c.o
 .debug_macro   0x00024a80      0x253 ./Drivers/STM32F4xx_HAL_Driver/Src/stm32f4xx_hal_i2c_ex.o
 .debug_macro   0x00024cd3      0x25b ./Drivers/STM32F4xx_HAL_Driver/Src/stm32f4xx_hal_ltdc.o
 .debug_macro   0x00024f2e      0x277 ./Drivers/STM32F4xx_HAL_Driver/Src/stm32f4xx_hal_rcc.o
 .debug_macro   0x000251a5      0x253 ./Drivers/STM32F4xx_HAL_Driver/Src/stm32f4xx_hal_rcc_ex.o
 .debug_macro   0x000253f8      0x253 ./Drivers/STM32F4xx_HAL_Driver/Src/stm32f4xx_hal_sdram.o
 .debug_macro   0x0002564b      0x262 ./Drivers/STM32F4xx_HAL_Driver/Src/stm32f4xx_hal_spi.o
 .debug_macro   0x000258ad      0x254 ./Drivers/STM32F4xx_HAL_Driver/Src/stm32f4xx_hal_tim.o
 .debug_macro   0x00025b01      0x253 ./Drivers/STM32F4xx_HAL_Driver/Src/stm32f4xx_hal_tim_ex.o
 .debug_macro   0x00025d54      0x254 ./Drivers/STM32F4xx_HAL_Driver/Src/stm32f4xx_hal_uart.o
 .debug_macro   0x00025fa8      0x29c ./Drivers/STM32F4xx_HAL_Driver/Src/stm32f4xx_ll_fmc.o
 .debug_macro   0x00026244      0x253 ./Drivers/STM32F4xx_HAL_Driver/Src/stm32f4xx_ll_usb.o
 .debug_macro   0x00026497      0x3f7 ./Middlewares/ST/STM32_USB_Host_Library/Core/Src/usbh_core.o
 .debug_macro   0x0002688e      0x3e9 ./Middlewares/ST/STM32_USB_Host_Library/Core/Src/usbh_pipes.o
 .debug_macro   0x00026c77      0x3f9 ./USB_HOST/Target/usbh_conf.o

.debug_line     0x00000000    0x20aef
 .debug_line    0x00000000      0x9a2 ./Core/Src/lcd_ili9341_min.o
 .debug_line    0x000009a2      0xd19 ./Core/Src/main.o
 .debug_line    0x000016bb      0xbd2 ./Core/Src/stm32f4xx_hal_msp.o
 .debug_line    0x0000228d      0x8cf ./Core/Src/stm32f4xx_hal_timebase_tim.o
 .debug_line    0x00002b5c      0x96d ./Core/Src/stm32f4xx_it.o
 .debug_line    0x000034c9      0x8c7 ./Core/Src/system_stm32f4xx.o
 .debug_line    0x00003d90       0x7a ./Core/Startup/startup_stm32f429zitx.o
 .debug_line    0x00003e0a      0xb7c ./Drivers/STM32F4xx_HAL_Driver/Src/stm32f4xx_hal.o
 .debug_line    0x00004986      0xe13 ./Drivers/STM32F4xx_HAL_Driver/Src/stm32f4xx_hal_cortex.o
 .debug_line    0x00005799      0x978 ./Drivers/STM32F4xx_HAL_Driver/Src/stm32f4xx_hal_crc.o
 .debug_line    0x00006111     0x126b ./Drivers/STM32F4xx_HAL_Driver/Src/stm32f4xx_hal_dma2d.o
 .debug_line    0x0000737c      0xcc0 ./Drivers/STM32F4xx_HAL_Driver/Src/stm32f4xx_hal_gpio.o
 .debug_line    0x0000803c     0x16e9 ./Drivers/STM32F4xx_HAL_Driver/Src/stm32f4xx_hal_hcd.o
 .debug_line    0x00009725     0x3bf0 ./Drivers/STM32F4xx_HAL_Driver/Src/stm32f4xx_hal_i2c.o
 .debug_line    0x0000d315      0x8cc ./Drivers/STM32F4xx_HAL_Driver/Src/stm32f4xx_hal_i2c_ex.o
 .debug_line    0x0000dbe1     0x1453 ./Drivers/STM32F4xx_HAL_Driver/Src/stm32f4xx_hal_ltdc.o
 .debug_line    0x0000f034      0xf52 ./Drivers/STM32F4xx_HAL_Driver/Src/stm32f4xx_hal_rcc.o
 .debug_line    0x0000ff86      0xd9b ./Drivers/STM32F4xx_HAL_Driver/Src/stm32f4xx_hal_rcc_ex.o
 .debug_line    0x00010d21      0xe4e ./Drivers/STM32F4xx_HAL_Driver/Src/stm32f4xx_hal_sdram.o
 .debug_line    0x00011b6f     0x1dde ./Drivers/STM32F4xx_HAL_Driver/Src/stm32f4xx_hal_spi.o
 .debug_line    0x0001394d     0x38be ./Drivers/STM32F4xx_HAL_Driver/Src/stm32f4xx_hal_tim.o
 .debug_line    0x0001720b     0x1aa3 ./Drivers/STM32F4xx_HAL_Driver/Src/stm32f4xx_hal_tim_ex.o
 .debug_line    0x00018cae     0x268b ./Drivers/STM32F4xx_HAL_Driver/Src/stm32f4xx_hal_uart.o
 .debug_line    0x0001b339      0xd38 ./Drivers/STM32F4xx_HAL_Driver/Src/stm32f4xx_ll_fmc.o
 .debug_line    0x0001c071     0x1e7d ./Drivers/STM32F4xx_HAL_Driver/Src/stm32f4xx_ll_usb.o
 .debug_line    0x0001deee     0x1264 ./Middlewares/ST/STM32_USB_Host_Library/Core/Src/usbh_core.o
 .debug_line    0x0001f152      0xb5e ./Middlewares/ST/STM32_USB_Host_Library/Core/Src/usbh_pipes.o
 .debug_line    0x0001fcb0      0xe3f ./USB_HOST/Target/usbh_conf.o

.debug_str      0x00000000    0xeb268
 .debug_str     0x00000000    0xeb268 ./Core/Src/lcd_ili9341_min.o
                              0xde740 (size before relaxing)
 .debug_str     0x000eb268    0xdf58c ./Core/Src/main.o
 .debug_str     0x000eb268    0xdf6cd ./Core/Src/stm32f4xx_hal_msp.o
 .debug_str     0x000eb268    0xdd91e ./Core/Src/stm32f4xx_hal_timebase_tim.o
 .debug_str     0x000eb268    0xdea65 ./Core/Src/stm32f4xx_it.o
 .debug_str     0x000eb268    0xdcdc3 ./Core/Src/system_stm32f4xx.o
 .debug_str     0x000eb268       0x73 ./Core/Startup/startup_stm32f429zitx.o
 .debug_str     0x000eb268    0xdd9e6 ./Drivers/STM32F4xx_HAL_Driver/Src/stm32f4xx_hal.o
 .debug_str     0x000eb268    0xdd714 ./Drivers/STM32F4xx_HAL_Driver/Src/stm32f4xx_hal_cortex.o
 .debug_str     0x000eb268    0xdcdde ./Drivers/STM32F4xx_HAL_Driver/Src/stm32f4xx_hal_crc.o
 .debug_str     0x000eb268    0xdd39f ./Drivers/STM32F4xx_HAL_Driver/Src/stm32f4xx_hal_dma2d.o
 .debug_str     0x000eb268    0xdcf3e ./Drivers/STM32F4xx_HAL_Driver/Src/stm32f4xx_hal_gpio.o
 .debug_str     0x000eb268    0xdd698 ./Drivers/STM32F4xx_HAL_Driver/Src/stm32f4xx_hal_hcd.o
 .debug_str     0x000eb268    0xdddd3 ./Drivers/STM32F4xx_HAL_Driver/Src/stm32f4xx_hal_i2c.o
 .debug_str     0x000eb268    0xdd192 ./Drivers/STM32F4xx_HAL_Driver/Src/stm32f4xx_hal_i2c_ex.o
 .debug_str     0x000eb268    0xdd427 ./Drivers/STM32F4xx_HAL_Driver/Src/stm32f4xx_hal_ltdc.o
 .debug_str     0x000eb268    0xdd1f7 ./Drivers/STM32F4xx_HAL_Driver/Src/stm32f4xx_hal_rcc.o
 .debug_str     0x000eb268    0xdcfbe ./Drivers/STM32F4xx_HAL_Driver/Src/stm32f4xx_hal_rcc_ex.o
 .debug_str     0x000eb268    0xdd4e3 ./Drivers/STM32F4xx_HAL_Driver/Src/stm32f4xx_hal_sdram.o
 .debug_str     0x000eb268    0xdd66e ./Drivers/STM32F4xx_HAL_Driver/Src/stm32f4xx_hal_spi.o
 .debug_str     0x000eb268    0xde13a ./Drivers/STM32F4xx_HAL_Driver/Src/stm32f4xx_hal_tim.o
 .debug_str     0x000eb268    0xdd946 ./Drivers/STM32F4xx_HAL_Driver/Src/stm32f4xx_hal_tim_ex.o
 .debug_str     0x000eb268    0xdd7c5 ./Drivers/STM32F4xx_HAL_Driver/Src/stm32f4xx_hal_uart.o
 .debug_str     0x000eb268    0xdd9ad ./Drivers/STM32F4xx_HAL_Driver/Src/stm32f4xx_ll_fmc.o
 .debug_str     0x000eb268    0xdd769 ./Drivers/STM32F4xx_HAL_Driver/Src/stm32f4xx_ll_usb.o
 .debug_str     0x000eb268    0xe308f ./Middlewares/ST/STM32_USB_Host_Library/Core/Src/usbh_core.o
 .debug_str     0x000eb268    0xe2dc7 ./Middlewares/ST/STM32_USB_Host_Library/Core/Src/usbh_pipes.o
 .debug_str     0x000eb268    0xe3dba ./USB_HOST/Target/usbh_conf.o

.comment        0x00000000       0x43
 .comment       0x00000000       0x43 ./Core/Src/lcd_ili9341_min.o
                                 0x44 (size before relaxing)
 .comment       0x00000043       0x44 ./Core/Src/main.o
 .comment       0x00000043       0x44 ./Core/Src/stm32f4xx_hal_msp.o
 .comment       0x00000043       0x44 ./Core/Src/stm32f4xx_hal_timebase_tim.o
 .comment       0x00000043       0x44 ./Core/Src/stm32f4xx_it.o
 .comment       0x00000043       0x44 ./Core/Src/system_stm32f4xx.o
 .comment       0x00000043       0x44 ./Drivers/STM32F4xx_HAL_Driver/Src/stm32f4xx_hal.o
 .comment       0x00000043       0x44 ./Drivers/STM32F4xx_HAL_Driver/Src/stm32f4xx_hal_cortex.o
 .comment       0x00000043       0x44 ./Drivers/STM32F4xx_HAL_Driver/Src/stm32f4xx_hal_crc.o
 .comment       0x00000043       0x44 ./Drivers/STM32F4xx_HAL_Driver/Src/stm32f4xx_hal_dma2d.o
 .comment       0x00000043       0x44 ./Drivers/STM32F4xx_HAL_Driver/Src/stm32f4xx_hal_gpio.o
 .comment       0x00000043       0x44 ./Drivers/STM32F4xx_HAL_Driver/Src/stm32f4xx_hal_hcd.o
 .comment       0x00000043       0x44 ./Drivers/STM32F4xx_HAL_Driver/Src/stm32f4xx_hal_i2c.o
 .comment       0x00000043       0x44 ./Drivers/STM32F4xx_HAL_Driver/Src/stm32f4xx_hal_i2c_ex.o
 .comment       0x00000043       0x44 ./Drivers/STM32F4xx_HAL_Driver/Src/stm32f4xx_hal_ltdc.o
 .comment       0x00000043       0x44 ./Drivers/STM32F4xx_HAL_Driver/Src/stm32f4xx_hal_rcc.o
 .comment       0x00000043       0x44 ./Drivers/STM32F4xx_HAL_Driver/Src/stm32f4xx_hal_rcc_ex.o
 .comment       0x00000043       0x44 ./Drivers/STM32F4xx_HAL_Driver/Src/stm32f4xx_hal_sdram.o
 .comment       0x00000043       0x44 ./Drivers/STM32F4xx_HAL_Driver/Src/stm32f4xx_hal_spi.o
 .comment       0x00000043       0x44 ./Drivers/STM32F4xx_HAL_Driver/Src/stm32f4xx_hal_tim.o
 .comment       0x00000043       0x44 ./Drivers/STM32F4xx_HAL_Driver/Src/stm32f4xx_hal_tim_ex.o
 .comment       0x00000043       0x44 ./Drivers/STM32F4xx_HAL_Driver/Src/stm32f4xx_hal_uart.o
 .comment       0x00000043       0x44 ./Drivers/STM32F4xx_HAL_Driver/Src/stm32f4xx_ll_fmc.o
 .comment       0x00000043       0x44 ./Drivers/STM32F4xx_HAL_Driver/Src/stm32f4xx_ll_usb.o
 .comment       0x00000043       0x44 ./Middlewares/ST/STM32_USB_Host_Library/Core/Src/usbh_core.o
 .comment       0x00000043       0x44 ./Middlewares/ST/STM32_USB_Host_Library/Core/Src/usbh_pipes.o
 .comment       0x00000043       0x44 ./USB_HOST/Target/usbh_conf.o

.debug_frame    0x00000000     0x6eb8
 .debug_frame   0x00000000       0xfc ./Core/Src/lcd_ili9341_min.o
 .debug_frame   0x000000fc      0x20c ./Core/Src/main.o
 .debug_frame   0x00000308      0x2b8 ./Core/Src/stm32f4xx_hal_msp.o
 .debug_frame   0x000005c0       0x6c ./Core/Src/stm32f4xx_hal_timebase_tim.o
 .debug_frame   0x0000062c      0x168 ./Core/Src/stm32f4xx_it.o
 .debug_frame   0x00000794       0x50 ./Core/Src/system_stm32f4xx.o
 .debug_frame   0x000007e4      0x354 ./Drivers/STM32F4xx_HAL_Driver/Src/stm32f4xx_hal.o
 .debug_frame   0x00000b38      0x4b8 ./Drivers/STM32F4xx_HAL_Driver/Src/stm32f4xx_hal_cortex.o
 .debug_frame   0x00000ff0      0x10c ./Drivers/STM32F4xx_HAL_Driver/Src/stm32f4xx_hal_crc.o
 .debug_frame   0x000010fc      0x490 ./Drivers/STM32F4xx_HAL_Driver/Src/stm32f4xx_hal_dma2d.o
 .debug_frame   0x0000158c      0x130 ./Drivers/STM32F4xx_HAL_Driver/Src/stm32f4xx_hal_gpio.o
 .debug_frame   0x000016bc      0x460 ./Drivers/STM32F4xx_HAL_Driver/Src/stm32f4xx_hal_hcd.o
 .debug_frame   0x00001b1c      0xbf4 ./Drivers/STM32F4xx_HAL_Driver/Src/stm32f4xx_hal_i2c.o
 .debug_frame   0x00002710       0x58 ./Drivers/STM32F4xx_HAL_Driver/Src/stm32f4xx_hal_i2c_ex.o
 .debug_frame   0x00002768      0x5b8 ./Drivers/STM32F4xx_HAL_Driver/Src/stm32f4xx_hal_ltdc.o
 .debug_frame   0x00002d20      0x1d8 ./Drivers/STM32F4xx_HAL_Driver/Src/stm32f4xx_hal_rcc.o
 .debug_frame   0x00002ef8      0x134 ./Drivers/STM32F4xx_HAL_Driver/Src/stm32f4xx_hal_rcc_ex.o
 .debug_frame   0x0000302c      0x3b8 ./Drivers/STM32F4xx_HAL_Driver/Src/stm32f4xx_hal_sdram.o
 .debug_frame   0x000033e4      0x7e0 ./Drivers/STM32F4xx_HAL_Driver/Src/stm32f4xx_hal_spi.o
 .debug_frame   0x00003bc4     0x10f0 ./Drivers/STM32F4xx_HAL_Driver/Src/stm32f4xx_hal_tim.o
 .debug_frame   0x00004cb4      0x600 ./Drivers/STM32F4xx_HAL_Driver/Src/stm32f4xx_hal_tim_ex.o
 .debug_frame   0x000052b4      0x8ec ./Drivers/STM32F4xx_HAL_Driver/Src/stm32f4xx_hal_uart.o
 .debug_frame   0x00005ba0      0x3dc ./Drivers/STM32F4xx_HAL_Driver/Src/stm32f4xx_ll_fmc.o
 .debug_frame   0x00005f7c      0x724 ./Drivers/STM32F4xx_HAL_Driver/Src/stm32f4xx_ll_usb.o
 .debug_frame   0x000066a0      0x30c ./Middlewares/ST/STM32_USB_Host_Library/Core/Src/usbh_core.o
 .debug_frame   0x000069ac       0xc4 ./Middlewares/ST/STM32_USB_Host_Library/Core/Src/usbh_pipes.o
 .debug_frame   0x00006a70      0x39c ./USB_HOST/Target/usbh_conf.o
 .debug_frame   0x00006e0c       0x20 C:/ST/STM32CubeIDE_2.2.0/STM32CubeIDE/plugins/com.st.stm32cube.ide.mcu.externaltools.gnu-tools-for-stm32.14.3.rel1.win32_1.0.100.202602081740/tools/bin/../lib/gcc/arm-none-eabi/14.3.1/../../../../arm-none-eabi/lib/thumb/v7e-m+fp/hard\libc_nano.a(libc_a-memset.o)
 .debug_frame   0x00006e2c       0x2c C:/ST/STM32CubeIDE_2.2.0/STM32CubeIDE/plugins/com.st.stm32cube.ide.mcu.externaltools.gnu-tools-for-stm32.14.3.rel1.win32_1.0.100.202602081740/tools/bin/../lib/gcc/arm-none-eabi/14.3.1/../../../../arm-none-eabi/lib/thumb/v7e-m+fp/hard\libc_nano.a(libc_a-init.o)
 .debug_frame   0x00006e58       0x2c C:/ST/STM32CubeIDE_2.2.0/STM32CubeIDE/plugins/com.st.stm32cube.ide.mcu.externaltools.gnu-tools-for-stm32.14.3.rel1.win32_1.0.100.202602081740/tools/bin/../lib/gcc/arm-none-eabi/14.3.1/thumb/v7e-m+fp/hard\libgcc.a(_aeabi_uldivmod.o)
 .debug_frame   0x00006e84       0x34 C:/ST/STM32CubeIDE_2.2.0/STM32CubeIDE/plugins/com.st.stm32cube.ide.mcu.externaltools.gnu-tools-for-stm32.14.3.rel1.win32_1.0.100.202602081740/tools/bin/../lib/gcc/arm-none-eabi/14.3.1/thumb/v7e-m+fp/hard\libgcc.a(_udivmoddi4.o)

.debug_line_str
                0x00000000       0x57
 .debug_line_str
                0x00000000       0x57 ./Core/Startup/startup_stm32f429zitx.o
