Archive member included to satisfy reference by file (symbol)

C:/ST/STM32CubeIDE_2.2.0/STM32CubeIDE/plugins/com.st.stm32cube.ide.mcu.externaltools.gnu-tools-for-stm32.14.3.rel1.win32_1.0.100.202602081740/tools/bin/../lib/gcc/arm-none-eabi/14.3.1/../../../../arm-none-eabi/lib/thumb/v7e-m+fp/hard\libc_nano.a(libc_a-exit.o)
                              C:/ST/STM32CubeIDE_2.2.0/STM32CubeIDE/plugins/com.st.stm32cube.ide.mcu.externaltools.gnu-tools-for-stm32.14.3.rel1.win32_1.0.100.202602081740/tools/bin/../lib/gcc/arm-none-eabi/14.3.1/../../../../arm-none-eabi/lib/thumb/v7e-m+fp/hard/crt0.o (exit)
C:/ST/STM32CubeIDE_2.2.0/STM32CubeIDE/plugins/com.st.stm32cube.ide.mcu.externaltools.gnu-tools-for-stm32.14.3.rel1.win32_1.0.100.202602081740/tools/bin/../lib/gcc/arm-none-eabi/14.3.1/../../../../arm-none-eabi/lib/thumb/v7e-m+fp/hard\libc_nano.a(libc_a-findfp.o)
                              C:/ST/STM32CubeIDE_2.2.0/STM32CubeIDE/plugins/com.st.stm32cube.ide.mcu.externaltools.gnu-tools-for-stm32.14.3.rel1.win32_1.0.100.202602081740/tools/bin/../lib/gcc/arm-none-eabi/14.3.1/../../../../arm-none-eabi/lib/thumb/v7e-m+fp/hard\libc_nano.a(libc_a-exit.o) (__stdio_exit_handler)
C:/ST/STM32CubeIDE_2.2.0/STM32CubeIDE/plugins/com.st.stm32cube.ide.mcu.externaltools.gnu-tools-for-stm32.14.3.rel1.win32_1.0.100.202602081740/tools/bin/../lib/gcc/arm-none-eabi/14.3.1/../../../../arm-none-eabi/lib/thumb/v7e-m+fp/hard\libc_nano.a(libc_a-fwalk.o)
                              C:/ST/STM32CubeIDE_2.2.0/STM32CubeIDE/plugins/com.st.stm32cube.ide.mcu.externaltools.gnu-tools-for-stm32.14.3.rel1.win32_1.0.100.202602081740/tools/bin/../lib/gcc/arm-none-eabi/14.3.1/../../../../arm-none-eabi/lib/thumb/v7e-m+fp/hard\libc_nano.a(libc_a-findfp.o) (_fwalk_sglue)
C:/ST/STM32CubeIDE_2.2.0/STM32CubeIDE/plugins/com.st.stm32cube.ide.mcu.externaltools.gnu-tools-for-stm32.14.3.rel1.win32_1.0.100.202602081740/tools/bin/../lib/gcc/arm-none-eabi/14.3.1/../../../../arm-none-eabi/lib/thumb/v7e-m+fp/hard\libc_nano.a(libc_a-stdio.o)
                              C:/ST/STM32CubeIDE_2.2.0/STM32CubeIDE/plugins/com.st.stm32cube.ide.mcu.externaltools.gnu-tools-for-stm32.14.3.rel1.win32_1.0.100.202602081740/tools/bin/../lib/gcc/arm-none-eabi/14.3.1/../../../../arm-none-eabi/lib/thumb/v7e-m+fp/hard\libc_nano.a(libc_a-findfp.o) (__sread)
C:/ST/STM32CubeIDE_2.2.0/STM32CubeIDE/plugins/com.st.stm32cube.ide.mcu.externaltools.gnu-tools-for-stm32.14.3.rel1.win32_1.0.100.202602081740/tools/bin/../lib/gcc/arm-none-eabi/14.3.1/../../../../arm-none-eabi/lib/thumb/v7e-m+fp/hard\libc_nano.a(libc_a-memset.o)
                              C:/ST/STM32CubeIDE_2.2.0/STM32CubeIDE/plugins/com.st.stm32cube.ide.mcu.externaltools.gnu-tools-for-stm32.14.3.rel1.win32_1.0.100.202602081740/tools/bin/../lib/gcc/arm-none-eabi/14.3.1/../../../../arm-none-eabi/lib/thumb/v7e-m+fp/hard/crt0.o (memset)
C:/ST/STM32CubeIDE_2.2.0/STM32CubeIDE/plugins/com.st.stm32cube.ide.mcu.externaltools.gnu-tools-for-stm32.14.3.rel1.win32_1.0.100.202602081740/tools/bin/../lib/gcc/arm-none-eabi/14.3.1/../../../../arm-none-eabi/lib/thumb/v7e-m+fp/hard\libc_nano.a(libc_a-closer.o)
                              C:/ST/STM32CubeIDE_2.2.0/STM32CubeIDE/plugins/com.st.stm32cube.ide.mcu.externaltools.gnu-tools-for-stm32.14.3.rel1.win32_1.0.100.202602081740/tools/bin/../lib/gcc/arm-none-eabi/14.3.1/../../../../arm-none-eabi/lib/thumb/v7e-m+fp/hard\libc_nano.a(libc_a-stdio.o) (_close_r)
C:/ST/STM32CubeIDE_2.2.0/STM32CubeIDE/plugins/com.st.stm32cube.ide.mcu.externaltools.gnu-tools-for-stm32.14.3.rel1.win32_1.0.100.202602081740/tools/bin/../lib/gcc/arm-none-eabi/14.3.1/../../../../arm-none-eabi/lib/thumb/v7e-m+fp/hard\libc_nano.a(libc_a-reent.o)
                              C:/ST/STM32CubeIDE_2.2.0/STM32CubeIDE/plugins/com.st.stm32cube.ide.mcu.externaltools.gnu-tools-for-stm32.14.3.rel1.win32_1.0.100.202602081740/tools/bin/../lib/gcc/arm-none-eabi/14.3.1/../../../../arm-none-eabi/lib/thumb/v7e-m+fp/hard\libc_nano.a(libc_a-closer.o) (errno)
C:/ST/STM32CubeIDE_2.2.0/STM32CubeIDE/plugins/com.st.stm32cube.ide.mcu.externaltools.gnu-tools-for-stm32.14.3.rel1.win32_1.0.100.202602081740/tools/bin/../lib/gcc/arm-none-eabi/14.3.1/../../../../arm-none-eabi/lib/thumb/v7e-m+fp/hard\libc_nano.a(libc_a-impure.o)
                              C:/ST/STM32CubeIDE_2.2.0/STM32CubeIDE/plugins/com.st.stm32cube.ide.mcu.externaltools.gnu-tools-for-stm32.14.3.rel1.win32_1.0.100.202602081740/tools/bin/../lib/gcc/arm-none-eabi/14.3.1/../../../../arm-none-eabi/lib/thumb/v7e-m+fp/hard\libc_nano.a(libc_a-reent.o) (_impure_ptr)
C:/ST/STM32CubeIDE_2.2.0/STM32CubeIDE/plugins/com.st.stm32cube.ide.mcu.externaltools.gnu-tools-for-stm32.14.3.rel1.win32_1.0.100.202602081740/tools/bin/../lib/gcc/arm-none-eabi/14.3.1/../../../../arm-none-eabi/lib/thumb/v7e-m+fp/hard\libc_nano.a(libc_a-lseekr.o)
[...]
Memory Configuration

Name             Origin             Length             Attributes
CCMRAM           0x10000000         0x00010000         xrw
RAM              0x20000000         0x00030000         xrw
FLASH            0x08000000         0x00200000         xr
*default*        0x00000000         0xffffffff

Linker script and memory map

LOAD C:/ST/STM32CubeIDE_2.2.0/STM32CubeIDE/plugins/com.st.stm32cube.ide.mcu.externaltools.gnu-tools-for-stm32.14.3.rel1.win32_1.0.100.202602081740/tools/bin/../lib/gcc/arm-none-eabi/14.3.1/thumb/v7e-m+fp/hard/crti.o
LOAD C:/ST/STM32CubeIDE_2.2.0/STM32CubeIDE/plugins/com.st.stm32cube.ide.mcu.externaltools.gnu-tools-for-stm32.14.3.rel1.win32_1.0.100.202602081740/tools/bin/../lib/gcc/arm-none-eabi/14.3.1/thumb/v7e-m+fp/hard/crtbegin.o
LOAD C:/ST/STM32CubeIDE_2.2.0/STM32CubeIDE/plugins/com.st.stm32cube.ide.mcu.externaltools.gnu-tools-for-stm32.14.3.rel1.win32_1.0.100.202602081740/tools/bin/../lib/gcc/arm-none-eabi/14.3.1/../../../../arm-none-eabi/lib/thumb/v7e-m+fp/hard/crt0.o
LOAD ./Core/Src/font.o
LOAD ./Core/Src/images.o
LOAD ./Core/Src/lcd_ili9341_min.o
LOAD ./Core/Src/main.o
LOAD ./Core/Src/stm32f4xx_hal_msp.o
LOAD ./Core/Src/stm32f4xx_hal_timebase_tim.o
LOAD ./Core/Src/stm32f4xx_it.o
LOAD ./Core/Src/syscalls.o
LOAD ./Core/Src/sysmem.o
LOAD ./Core/Src/system_stm32f4xx.o
LOAD ./Core/Startup/startup_stm32f429zitx.o
LOAD ./Drivers/STM32F4xx_HAL_Driver/Src/stm32f4xx_hal.o
LOAD ./Drivers/STM32F4xx_HAL_Driver/Src/stm32f4xx_hal_cortex.o
LOAD ./Drivers/STM32F4xx_HAL_Driver/Src/stm32f4xx_hal_crc.o
LOAD ./Drivers/STM32F4xx_HAL_Driver/Src/stm32f4xx_hal_dma.o
LOAD ./Drivers/STM32F4xx_HAL_Driver/Src/stm32f4xx_hal_dma2d.o
LOAD ./Drivers/STM32F4xx_HAL_Driver/Src/stm32f4xx_hal_dma_ex.o
LOAD ./Drivers/STM32F4xx_HAL_Driver/Src/stm32f4xx_hal_dsi.o
LOAD ./Drivers/STM32F4xx_HAL_Driver/Src/stm32f4xx_hal_exti.o
LOAD ./Drivers/STM32F4xx_HAL_Driver/Src/stm32f4xx_hal_flash.o
LOAD ./Drivers/STM32F4xx_HAL_Driver/Src/stm32f4xx_hal_flash_ex.o
LOAD ./Drivers/STM32F4xx_HAL_Driver/Src/stm32f4xx_hal_flash_ramfunc.o
LOAD ./Drivers/STM32F4xx_HAL_Driver/Src/stm32f4xx_hal_gpio.o
LOAD ./Drivers/STM32F4xx_HAL_Driver/Src/stm32f4xx_hal_ltdc.o
LOAD ./Drivers/STM32F4xx_HAL_Driver/Src/stm32f4xx_hal_ltdc_ex.o
LOAD ./Drivers/STM32F4xx_HAL_Driver/Src/stm32f4xx_hal_nand.o
LOAD ./Drivers/STM32F4xx_HAL_Driver/Src/stm32f4xx_hal_nor.o
LOAD ./Drivers/STM32F4xx_HAL_Driver/Src/stm32f4xx_hal_pccard.o
LOAD ./Drivers/STM32F4xx_HAL_Driver/Src/stm32f4xx_hal_pwr.o
LOAD ./Drivers/STM32F4xx_HAL_Driver/Src/stm32f4xx_hal_pwr_ex.o
LOAD ./Drivers/STM32F4xx_HAL_Driver/Src/stm32f4xx_hal_rcc.o
LOAD ./Drivers/STM32F4xx_HAL_Driver/Src/stm32f4xx_hal_rcc_ex.o
LOAD ./Drivers/STM32F4xx_HAL_Driver/Src/stm32f4xx_hal_sdram.o
LOAD ./Drivers/STM32F4xx_HAL_Driver/Src/stm32f4xx_hal_spi.o
LOAD ./Drivers/STM32F4xx_HAL_Driver/Src/stm32f4xx_hal_sram.o
LOAD ./Drivers/STM32F4xx_HAL_Driver/Src/stm32f4xx_hal_tim.o
LOAD ./Drivers/STM32F4xx_HAL_Driver/Src/stm32f4xx_hal_tim_ex.o
LOAD ./Drivers/STM32F4xx_HAL_Driver/Src/stm32f4xx_hal_uart.o
LOAD ./Drivers/STM32F4xx_HAL_Driver/Src/stm32f4xx_ll_fmc.o
START GROUP
LOAD C:/ST/STM32CubeIDE_2.2.0/STM32CubeIDE/plugins/com.st.stm32cube.ide.mcu.externaltools.gnu-tools-for-stm32.14.3.rel1.win32_1.0.100.202602081740/tools/bin/../lib/gcc/arm-none-eabi/14.3.1/../../../../arm-none-eabi/lib/thumb/v7e-m+fp/hard\libc_nano.a
LOAD C:/ST/STM32CubeIDE_2.2.0/STM32CubeIDE/plugins/com.st.stm32cube.ide.mcu.externaltools.gnu-tools-for-stm32.14.3.rel1.win32_1.0.100.202602081740/tools/bin/../lib/gcc/arm-none-eabi/14.3.1/../../../../arm-none-eabi/lib/thumb/v7e-m+fp/hard\libm.a
END GROUP
START GROUP
LOAD C:/ST/STM32CubeIDE_2.2.0/STM32CubeIDE/plugins/com.st.stm32cube.ide.mcu.externaltools.gnu-tools-for-stm32.14.3.rel1.win32_1.0.100.202602081740/tools/bin/../lib/gcc/arm-none-eabi/14.3.1/thumb/v7e-m+fp/hard\libgcc.a
LOAD C:/ST/STM32CubeIDE_2.2.0/STM32CubeIDE/plugins/com.st.stm32cube.ide.mcu.externaltools.gnu-tools-for-stm32.14.3.rel1.win32_1.0.100.202602081740/tools/bin/../lib/gcc/arm-none-eabi/14.3.1/../../../../arm-none-eabi/lib/thumb/v7e-m+fp/hard\libc_nano.a
END GROUP
START GROUP
LOAD C:/ST/STM32CubeIDE_2.2.0/STM32CubeIDE/plugins/com.st.stm32cube.ide.mcu.externaltools.gnu-tools-for-stm32.14.3.rel1.win32_1.0.100.202602081740/tools/bin/../lib/gcc/arm-none-eabi/14.3.1/thumb/v7e-m+fp/hard\libgcc.a
LOAD C:/ST/STM32CubeIDE_2.2.0/STM32CubeIDE/plugins/com.st.stm32cube.ide.mcu.externaltools.gnu-tools-for-stm32.14.3.rel1.win32_1.0.100.202602081740/tools/bin/../lib/gcc/arm-none-eabi/14.3.1/../../../../arm-none-eabi/lib/thumb/v7e-m+fp/hard\libc_nano.a
LOAD C:/ST/STM32CubeIDE_2.2.0/STM32CubeIDE/plugins/com.st.stm32cube.ide.mcu.externaltools.gnu-tools-for-stm32.14.3.rel1.win32_1.0.100.202602081740/tools/bin/../lib/gcc/arm-none-eabi/14.3.1/../../../../arm-none-eabi/lib/thumb/v7e-m+fp/hard\libnosys.a
END GROUP
START GROUP
LOAD C:/ST/STM32CubeIDE_2.2.0/STM32CubeIDE/plugins/com.st.stm32cube.ide.mcu.externaltools.gnu-tools-for-stm32.14.3.rel1.win32_1.0.100.202602081740/tools/bin/../lib/gcc/arm-none-eabi/14.3.1/thumb/v7e-m+fp/hard\libgcc.a
LOAD C:/ST/STM32CubeIDE_2.2.0/STM32CubeIDE/plugins/com.st.stm32cube.ide.mcu.externaltools.gnu-tools-for-stm32.14.3.rel1.win32_1.0.100.202602081740/tools/bin/../lib/gcc/arm-none-eabi/14.3.1/../../../../arm-none-eabi/lib/thumb/v7e-m+fp/hard\libc_nano.a
LOAD C:/ST/STM32CubeIDE_2.2.0/STM32CubeIDE/plugins/com.st.stm32cube.ide.mcu.externaltools.gnu-tools-for-stm32.14.3.rel1.win32_1.0.100.202602081740/tools/bin/../lib/gcc/arm-none-eabi/14.3.1/../../../../arm-none-eabi/lib/thumb/v7e-m+fp/hard\libnosys.a
END GROUP
LOAD C:/ST/STM32CubeIDE_2.2.0/STM32CubeIDE/plugins/com.st.stm32cube.ide.mcu.externaltools.gnu-tools-for-stm32.14.3.rel1.win32_1.0.100.202602081740/tools/bin/../lib/gcc/arm-none-eabi/14.3.1/thumb/v7e-m+fp/hard/crtend.o
LOAD C:/ST/STM32CubeIDE_2.2.0/STM32CubeIDE/plugins/com.st.stm32cube.ide.mcu.externaltools.gnu-tools-for-stm32.14.3.rel1.win32_1.0.100.202602081740/tools/bin/../lib/gcc/arm-none-eabi/14.3.1/thumb/v7e-m+fp/hard/crtn.o
                0x20030000                        _estack = (ORIGIN (RAM) + LENGTH (RAM))
                0x00000200                        _Min_Heap_Size = 0x200
                0x00000400                        _Min_Stack_Size = 0x400

.isr_vector     0x08000000      0x1ac
                0x08000000                        . = ALIGN (0x4)
 *(.isr_vector)
 .isr_vector    0x08000000      0x1ac ./Core/Startup/startup_stm32f429zitx.o
                0x08000000                g_pfnVectors
                0x080001ac                        . = ALIGN (0x4)

.text           0x080001ac     0x537c
                0x080001ac                        . = ALIGN (0x4)
 *(.text)
 .text          0x080001ac       0x40 C:/ST/STM32CubeIDE_2.2.0/STM32CubeIDE/plugins/com.st.stm32cube.ide.mcu.externaltools.gnu-tools-for-stm32.14.3.rel1.win32_1.0.100.202602081740/tools/bin/../lib/gcc/arm-none-eabi/14.3.1/thumb/v7e-m+fp/hard/crtbegin.o
 .text          0x080001ec       0x30 C:/ST/STM32CubeIDE_2.2.0/STM32CubeIDE/plugins/com.st.stm32cube.ide.mcu.externaltools.gnu-tools-for-stm32.14.3.rel1.win32_1.0.100.202602081740/tools/bin/../lib/gcc/arm-none-eabi/14.3.1/thumb/v7e-m+fp/hard\libgcc.a(_aeabi_uldivmod.o)
                0x080001ec                __aeabi_uldivmod
 .text          0x0800021c      0x2f8 C:/ST/STM32CubeIDE_2.2.0/STM32CubeIDE/plugins/com.st.stm32cube.ide.mcu.externaltools.gnu-tools-for-stm32.14.3.rel1.win32_1.0.100.202602081740/tools/bin/../lib/gcc/arm-none-eabi/14.3.1/thumb/v7e-m+fp/hard\libgcc.a(_udivmoddi4.o)
                0x0800021c                __udivmoddi4
 .text          0x08000514        0x4 C:/ST/STM32CubeIDE_2.2.0/STM32CubeIDE/plugins/com.st.stm32cube.ide.mcu.externaltools.gnu-tools-for-stm32.14.3.rel1.win32_1.0.100.202602081740/tools/bin/../lib/gcc/arm-none-eabi/14.3.1/thumb/v7e-m+fp/hard\libgcc.a(_dvmd_tls.o)
                0x08000514                __aeabi_idiv0
                0x08000514                __aeabi_ldiv0
 *(.text*)
 .text.Pregenerate_Images
                0x08000518        0xc ./Core/Src/images.o
                0x08000518                Pregenerate_Images
 .text.Image_GenerateBigTest
                0x08000524      0x11c ./Core/Src/images.o
                0x08000524                Image_GenerateBigTest
 .text.LCD_IO_Init
                0x08000640       0x34 ./Core/Src/lcd_ili9341_min.o
 .text.LCD_WriteByte
                0x08000674       0x30 ./Core/Src/lcd_ili9341_min.o
 .text.LCD_WriteCommand
                0x080006a4       0x44 ./Core/Src/lcd_ili9341_min.o
 .text.LCD_WriteData
                0x080006e8       0x44 ./Core/Src/lcd_ili9341_min.o
 .text.RGB565_To_DMA2DColor
                0x0800072c       0x94 ./Core/Src/lcd_ili9341_min.o
 .text.LCD_BeginTransfer
                0x080007c0       0x28 ./Core/Src/lcd_ili9341_min.o
 .text.LCD_EndTransfer
                0x080007e8       0x18 ./Core/Src/lcd_ili9341_min.o
 .text.LCD_DMA2D_ConfigR2M
                0x08000800       0x3c ./Core/Src/lcd_ili9341_min.o
 .text.LCD_DrawChar_RGB565
                0x0800083c       0xd6 ./Core/Src/lcd_ili9341_min.o
 *fill*         0x08000912        0x2 
 .text.LCD_Init
                0x08000914      0x2ec ./Core/Src/lcd_ili9341_min.o
                0x08000914                LCD_Init
 .text.LCD_IsReady
                0x08000c00       0x24 ./Core/Src/lcd_ili9341_min.o
                0x08000c00                LCD_IsReady
 .text.LCD_WritePixel
                0x08000c24       0x3e ./Core/Src/lcd_ili9341_min.o
 *fill*         0x08000c62        0x2 
 .text.LCD_FillRGB565_DMA
                0x08000c64       0x64 ./Core/Src/lcd_ili9341_min.o
                0x08000c64                LCD_FillRGB565_DMA
 .text.LCD_Print
                0x08000cc8       0x92 ./Core/Src/lcd_ili9341_min.o
                0x08000cc8                LCD_Print
 .text.LCD_DMA2D_TransferComplete
                0x08000d5a       0x14 ./Core/Src/lcd_ili9341_min.o
 *fill*         0x08000d6e        0x2 
 .text.LCD_DMA2D_TransferError
                0x08000d70       0x20 ./Core/Src/lcd_ili9341_min.o
 .text.SDRAM_Test
                0x08000d90       0xb2 ./Core/Src/main.o
 .text.SDRAM_Initialization_Sequence
                0x08000e42       0x8a ./Core/Src/main.o
 .text.LCD_Reset
                0x08000ecc       0x2c ./Core/Src/main.o
 .text.main     0x08000ef8      0x160 ./Core/Src/main.o
                0x08000ef8                main
 .text.SystemClock_Config
                0x08001058       0xd4 ./Core/Src/main.o
                0x08001058                SystemClock_Config
 .text.MX_CRC_Init
                0x0800112c       0x28 ./Core/Src/main.o
 .text.MX_DMA2D_Init
                0x08001154       0x3c ./Core/Src/main.o
 .text.MX_LTDC_Init
                0x08001190      0x100 ./Core/Src/main.o
 .text.MX_SPI5_Init
                0x08001290       0x6c ./Core/Src/main.o
 .text.MX_TIM1_Init
                0x080012fc       0xa0 ./Core/Src/main.o
 .text.MX_USART1_UART_Init
                0x0800139c       0x54 ./Core/Src/main.o
 .text.MX_FMC_Init
                0x080013f0       0xb4 ./Core/Src/main.o
 .text.MX_GPIO_Init
                0x080014a4      0x2a0 ./Core/Src/main.o
 .text.HAL_TIM_PeriodElapsedCallback
                0x08001744       0x24 ./Core/Src/main.o
                0x08001744                HAL_TIM_PeriodElapsedCallback
 .text.Error_Handler
                0x08001768       0x20 ./Core/Src/main.o
                0x08001768                Error_Handler
 .text.HAL_MspInit
                0x08001788       0x50 ./Core/Src/stm32f4xx_hal_msp.o
                0x08001788                HAL_MspInit
 .text.HAL_CRC_MspInit
                0x080017d8       0x44 ./Core/Src/stm32f4xx_hal_msp.o
                0x080017d8                HAL_CRC_MspInit
 .text.HAL_DMA2D_MspInit
                0x0800181c       0x50 ./Core/Src/stm32f4xx_hal_msp.o
                0x0800181c                HAL_DMA2D_MspInit
 .text.HAL_LTDC_MspInit
                0x0800186c      0x260 ./Core/Src/stm32f4xx_hal_msp.o
                0x0800186c                HAL_LTDC_MspInit
 .text.HAL_SPI_MspInit
                0x08001acc       0x90 ./Core/Src/stm32f4xx_hal_msp.o
                0x08001acc                HAL_SPI_MspInit
 .text.HAL_TIM_Base_MspInit
                0x08001b5c       0x44 ./Core/Src/stm32f4xx_hal_msp.o
                0x08001b5c                HAL_TIM_Base_MspInit
 .text.HAL_UART_MspInit
                0x08001ba0       0x90 ./Core/Src/stm32f4xx_hal_msp.o
                0x08001ba0                HAL_UART_MspInit
 .text.HAL_FMC_MspInit
                0x08001c30      0x124 ./Core/Src/stm32f4xx_hal_msp.o
 .text.HAL_SDRAM_MspInit
                0x08001d54       0x14 ./Core/Src/stm32f4xx_hal_msp.o
                0x08001d54                HAL_SDRAM_MspInit
 .text.HAL_InitTick
                0x08001d68       0xf8 ./Core/Src/stm32f4xx_hal_timebase_tim.o
                0x08001d68                HAL_InitTick
 .text.NMI_Handler
                0x08001e60        0x8 ./Core/Src/stm32f4xx_it.o
                0x08001e60                NMI_Handler
 .text.HardFault_Handler
                0x08001e68       0x30 ./Core/Src/stm32f4xx_it.o
                0x08001e68                HardFault_Handler
 .text.MemManage_Handler
                0x08001e98        0x8 ./Core/Src/stm32f4xx_it.o
                0x08001e98                MemManage_Handler
 .text.BusFault_Handler
                0x08001ea0        0x8 ./Core/Src/stm32f4xx_it.o
                0x08001ea0                BusFault_Handler
 .text.UsageFault_Handler
                0x08001ea8        0x8 ./Core/Src/stm32f4xx_it.o
                0x08001ea8                UsageFault_Handler
 .text.SVC_Handler
                0x08001eb0        0xe ./Core/Src/stm32f4xx_it.o
                0x08001eb0                SVC_Handler
 .text.DebugMon_Handler
                0x08001ebe        0xe ./Core/Src/stm32f4xx_it.o
                0x08001ebe                DebugMon_Handler
 .text.PendSV_Handler
                0x08001ecc        0xe ./Core/Src/stm32f4xx_it.o
                0x08001ecc                PendSV_Handler
 .text.SysTick_Handler
                0x08001eda        0xe ./Core/Src/stm32f4xx_it.o
                0x08001eda                SysTick_Handler
 .text.TIM6_DAC_IRQHandler
                0x08001ee8       0x14 ./Core/Src/stm32f4xx_it.o
                0x08001ee8                TIM6_DAC_IRQHandler
 .text.LTDC_IRQHandler
                0x08001efc       0x14 ./Core/Src/stm32f4xx_it.o
                0x08001efc                LTDC_IRQHandler
 .text.DMA2D_IRQHandler
                0x08001f10       0x14 ./Core/Src/stm32f4xx_it.o
                0x08001f10                DMA2D_IRQHandler
 .text.SystemInit
                0x08001f24       0x24 ./Core/Src/system_stm32f4xx.o
                0x08001f24                SystemInit
 .text.Reset_Handler
                0x08001f48       0x50 ./Core/Startup/startup_stm32f429zitx.o
                0x08001f48                Reset_Handler
 .text.Default_Handler
                0x08001f98        0x2 ./Core/Startup/startup_stm32f429zitx.o
                0x08001f98                RTC_Alarm_IRQHandler
                0x08001f98                HASH_RNG_IRQHandler
                0x08001f98                EXTI2_IRQHandler
                0x08001f98                TIM8_CC_IRQHandler
                0x08001f98                UART8_IRQHandler
                0x08001f98                SPI4_IRQHandler
                0x08001f98                TIM1_CC_IRQHandler
                0x08001f98                DMA2_Stream5_IRQHandler
                0x08001f98                DMA1_Stream5_IRQHandler
                0x08001f98                PVD_IRQHandler
                0x08001f98                SDIO_IRQHandler
                0x08001f98                TAMP_STAMP_IRQHandler
                0x08001f98                CAN2_RX1_IRQHandler
                0x08001f98                EXTI3_IRQHandler
                0x08001f98                TIM8_TRG_COM_TIM14_IRQHandler
                0x08001f98                TIM1_UP_TIM10_IRQHandler
                0x08001f98                TIM8_UP_TIM13_IRQHandler
                0x08001f98                I2C3_ER_IRQHandler
                0x08001f98                EXTI0_IRQHandler
                0x08001f98                I2C2_EV_IRQHandler
                0x08001f98                DMA1_Stream2_IRQHandler
                0x08001f98                CAN1_RX0_IRQHandler
                0x08001f98                FPU_IRQHandler
                0x08001f98                OTG_HS_WKUP_IRQHandler
                0x08001f98                LTDC_ER_IRQHandler
                0x08001f98                CAN2_SCE_IRQHandler
                0x08001f98                DMA2_Stream2_IRQHandler
                0x08001f98                SPI1_IRQHandler
                0x08001f98                TIM1_BRK_TIM9_IRQHandler
                0x08001f98                DCMI_IRQHandler
                0x08001f98                CAN2_RX0_IRQHandler
                0x08001f98                DMA2_Stream3_IRQHandler
                0x08001f98                USART6_IRQHandler
                0x08001f98                USART3_IRQHandler
                0x08001f98                CAN1_RX1_IRQHandler
                0x08001f98                UART5_IRQHandler
                0x08001f98                DMA2_Stream0_IRQHandler
                0x08001f98                TIM4_IRQHandler
                0x08001f98                I2C1_EV_IRQHandler
                0x08001f98                DMA1_Stream6_IRQHandler
                0x08001f98                DMA1_Stream1_IRQHandler
                0x08001f98                UART4_IRQHandler
                0x08001f98                TIM3_IRQHandler
                0x08001f98                RCC_IRQHandler
                0x08001f98                TIM8_BRK_TIM12_IRQHandler
                0x08001f98                Default_Handler
                0x08001f98                EXTI15_10_IRQHandler
                0x08001f98                ADC_IRQHandler
                0x08001f98                DMA1_Stream7_IRQHandler
                0x08001f98                SPI5_IRQHandler
                0x08001f98                TIM7_IRQHandler
                0x08001f98                CAN2_TX_IRQHandler
                0x08001f98                TIM5_IRQHandler
                0x08001f98                DMA2_Stream7_IRQHandler
                0x08001f98                I2C3_EV_IRQHandler
                0x08001f98                EXTI9_5_IRQHandler
                0x08001f98                RTC_WKUP_IRQHandler
                0x08001f98                ETH_WKUP_IRQHandler
                0x08001f98                SPI2_IRQHandler
                0x08001f98                OTG_HS_EP1_IN_IRQHandler
                0x08001f98                DMA1_Stream0_IRQHandler
                0x08001f98                CAN1_TX_IRQHandler
                0x08001f98                EXTI4_IRQHandler
                0x08001f98                ETH_IRQHandler
                0x08001f98                OTG_HS_EP1_OUT_IRQHandler
                0x08001f98                WWDG_IRQHandler
                0x08001f98                SPI6_IRQHandler
                0x08001f98                TIM2_IRQHandler
                0x08001f98                OTG_FS_WKUP_IRQHandler
                0x08001f98                TIM1_TRG_COM_TIM11_IRQHandler
                0x08001f98                OTG_HS_IRQHandler
                0x08001f98                EXTI1_IRQHandler
                0x08001f98                UART7_IRQHandler
                0x08001f98                USART2_IRQHandler
                0x08001f98                I2C2_ER_IRQHandler
                0x08001f98                DMA2_Stream1_IRQHandler
                0x08001f98                CAN1_SCE_IRQHandler
                0x08001f98                FLASH_IRQHandler
                0x08001f98                DMA2_Stream4_IRQHandler
                0x08001f98                USART1_IRQHandler
                0x08001f98                OTG_FS_IRQHandler
                0x08001f98                SPI3_IRQHandler
                0x08001f98                DMA1_Stream4_IRQHandler
                0x08001f98                I2C1_ER_IRQHandler
                0x08001f98                FMC_IRQHandler
                0x08001f98                DMA2_Stream6_IRQHandler
                0x08001f98                SAI1_IRQHandler
                0x08001f98                DMA1_Stream3_IRQHandler
 *fill*         0x08001f9a        0x2 
 .text.HAL_Init
                0x08001f9c       0x44 ./Drivers/STM32F4xx_HAL_Driver/Src/stm32f4xx_hal.o
                0x08001f9c                HAL_Init
 .text.HAL_IncTick
                0x08001fe0       0x28 ./Drivers/STM32F4xx_HAL_Driver/Src/stm32f4xx_hal.o
                0x08001fe0                HAL_IncTick
 .text.HAL_GetTick
                0x08002008       0x18 ./Drivers/STM32F4xx_HAL_Driver/Src/stm32f4xx_hal.o
                0x08002008                HAL_GetTick
 .text.HAL_Delay
                0x08002020       0x48 ./Drivers/STM32F4xx_HAL_Driver/Src/stm32f4xx_hal.o
                0x08002020                HAL_Delay
 .text.__NVIC_SetPriorityGrouping
                0x08002068       0x48 ./Drivers/STM32F4xx_HAL_Driver/Src/stm32f4xx_hal_cortex.o
 .text.__NVIC_GetPriorityGrouping
                0x080020b0       0x1c ./Drivers/STM32F4xx_HAL_Driver/Src/stm32f4xx_hal_cortex.o
 .text.__NVIC_EnableIRQ
                0x080020cc       0x3c ./Drivers/STM32F4xx_HAL_Driver/Src/stm32f4xx_hal_cortex.o
 .text.__NVIC_SetPriority
                0x08002108       0x54 ./Drivers/STM32F4xx_HAL_Driver/Src/stm32f4xx_hal_cortex.o
 .text.NVIC_EncodePriority
                0x0800215c       0x66 ./Drivers/STM32F4xx_HAL_Driver/Src/stm32f4xx_hal_cortex.o
 .text.HAL_NVIC_SetPriorityGrouping
                0x080021c2       0x16 ./Drivers/STM32F4xx_HAL_Driver/Src/stm32f4xx_hal_cortex.o
                0x080021c2                HAL_NVIC_SetPriorityGrouping
 .text.HAL_NVIC_SetPriority
                0x080021d8       0x38 ./Drivers/STM32F4xx_HAL_Driver/Src/stm32f4xx_hal_cortex.o
                0x080021d8                HAL_NVIC_SetPriority
 .text.HAL_NVIC_EnableIRQ
                0x08002210       0x1c ./Drivers/STM32F4xx_HAL_Driver/Src/stm32f4xx_hal_cortex.o
                0x08002210                HAL_NVIC_EnableIRQ
 .text.HAL_CRC_Init
                0x0800222c       0x38 ./Drivers/STM32F4xx_HAL_Driver/Src/stm32f4xx_hal_crc.o
                0x0800222c                HAL_CRC_Init
 .text.HAL_DMA2D_Init
                0x08002264       0x92 ./Drivers/STM32F4xx_HAL_Driver/Src/stm32f4xx_hal_dma2d.o
                0x08002264                HAL_DMA2D_Init
 .text.HAL_DMA2D_Start_IT
                0x080022f6       0x66 ./Drivers/STM32F4xx_HAL_Driver/Src/stm32f4xx_hal_dma2d.o
                0x080022f6                HAL_DMA2D_Start_IT
 .text.HAL_DMA2D_IRQHandler
                0x0800235c      0x1f8 ./Drivers/STM32F4xx_HAL_Driver/Src/stm32f4xx_hal_dma2d.o
                0x0800235c                HAL_DMA2D_IRQHandler
 .text.HAL_DMA2D_LineEventCallback
                0x08002554       0x14 ./Drivers/STM32F4xx_HAL_Driver/Src/stm32f4xx_hal_dma2d.o
                0x08002554                HAL_DMA2D_LineEventCallback
 .text.HAL_DMA2D_CLUTLoadingCpltCallback
                0x08002568       0x14 ./Drivers/STM32F4xx_HAL_Driver/Src/stm32f4xx_hal_dma2d.o
                0x08002568                HAL_DMA2D_CLUTLoadingCpltCallback
 .text.DMA2D_SetConfig
                0x0800257c      0x138 ./Drivers/STM32F4xx_HAL_Driver/Src/stm32f4xx_hal_dma2d.o
 .text.HAL_GPIO_Init
                0x080026b4      0x358 ./Drivers/STM32F4xx_HAL_Driver/Src/stm32f4xx_hal_gpio.o
                0x080026b4                HAL_GPIO_Init
 .text.HAL_GPIO_WritePin
                0x08002a0c       0x32 ./Drivers/STM32F4xx_HAL_Driver/Src/stm32f4xx_hal_gpio.o
                0x08002a0c                HAL_GPIO_WritePin
 .text.HAL_GPIO_TogglePin
                0x08002a3e       0x34 ./Drivers/STM32F4xx_HAL_Driver/Src/stm32f4xx_hal_gpio.o
                0x08002a3e                HAL_GPIO_TogglePin
 .text.HAL_LTDC_Init
                0x08002a72      0x13a ./Drivers/STM32F4xx_HAL_Driver/Src/stm32f4xx_hal_ltdc.o
                0x08002a72                HAL_LTDC_Init
 .text.HAL_LTDC_IRQHandler
                0x08002bac      0x148 ./Drivers/STM32F4xx_HAL_Driver/Src/stm32f4xx_hal_ltdc.o
                0x08002bac                HAL_LTDC_IRQHandler
 .text.HAL_LTDC_ErrorCallback
                0x08002cf4       0x14 ./Drivers/STM32F4xx_HAL_Driver/Src/stm32f4xx_hal_ltdc.o
                0x08002cf4                HAL_LTDC_ErrorCallback
 .text.HAL_LTDC_LineEventCallback
                0x08002d08       0x14 ./Drivers/STM32F4xx_HAL_Driver/Src/stm32f4xx_hal_ltdc.o
                0x08002d08                HAL_LTDC_LineEventCallback
 .text.HAL_LTDC_ReloadEventCallback
                0x08002d1c       0x14 ./Drivers/STM32F4xx_HAL_Driver/Src/stm32f4xx_hal_ltdc.o
                0x08002d1c                HAL_LTDC_ReloadEventCallback
 .text.HAL_LTDC_ConfigLayer
                0x08002d30       0x7c ./Drivers/STM32F4xx_HAL_Driver/Src/stm32f4xx_hal_ltdc.o
                0x08002d30                HAL_LTDC_ConfigLayer
 .text.LTDC_SetConfig
                0x08002dac      0x2e6 ./Drivers/STM32F4xx_HAL_Driver/Src/stm32f4xx_hal_ltdc.o
 *fill*         0x08003092        0x2 
 .text.HAL_RCC_OscConfig
                0x08003094      0x4f0 ./Drivers/STM32F4xx_HAL_Driver/Src/stm32f4xx_hal_rcc.o
                0x08003094                HAL_RCC_OscConfig
 .text.HAL_RCC_ClockConfig
                0x08003584      0x1cc ./Drivers/STM32F4xx_HAL_Driver/Src/stm32f4xx_hal_rcc.o
                0x08003584                HAL_RCC_ClockConfig
 .text.HAL_RCC_GetSysClockFreq
                0x08003750      0x20c ./Drivers/STM32F4xx_HAL_Driver/Src/stm32f4xx_hal_rcc.o
                0x08003750                HAL_RCC_GetSysClockFreq
 .text.HAL_RCC_GetHCLKFreq
                0x0800395c       0x18 ./Drivers/STM32F4xx_HAL_Driver/Src/stm32f4xx_hal_rcc.o
                0x0800395c                HAL_RCC_GetHCLKFreq
 .text.HAL_RCC_GetPCLK1Freq
                0x08003974       0x28 ./Drivers/STM32F4xx_HAL_Driver/Src/stm32f4xx_hal_rcc.o
                0x08003974                HAL_RCC_GetPCLK1Freq
 .text.HAL_RCC_GetPCLK2Freq
                0x0800399c       0x28 ./Drivers/STM32F4xx_HAL_Driver/Src/stm32f4xx_hal_rcc.o
                0x0800399c                HAL_RCC_GetPCLK2Freq
 .text.HAL_RCC_GetClockConfig
                0x080039c4       0x64 ./Drivers/STM32F4xx_HAL_Driver/Src/stm32f4xx_hal_rcc.o
                0x080039c4                HAL_RCC_GetClockConfig
 .text.HAL_RCCEx_PeriphCLKConfig
                0x08003a28      0x380 ./Drivers/STM32F4xx_HAL_Driver/Src/stm32f4xx_hal_rcc_ex.o
                0x08003a28                HAL_RCCEx_PeriphCLKConfig
 .text.HAL_SDRAM_Init
                0x08003da8       0x68 ./Drivers/STM32F4xx_HAL_Driver/Src/stm32f4xx_hal_sdram.o
                0x08003da8                HAL_SDRAM_Init
 .text.HAL_SDRAM_SendCommand
                0x08003e10       0x6a ./Drivers/STM32F4xx_HAL_Driver/Src/stm32f4xx_hal_sdram.o
                0x08003e10                HAL_SDRAM_SendCommand
 .text.HAL_SDRAM_ProgramRefreshRate
                0x08003e7a       0x50 ./Drivers/STM32F4xx_HAL_Driver/Src/stm32f4xx_hal_sdram.o
                0x08003e7a                HAL_SDRAM_ProgramRefreshRate
 .text.HAL_SPI_Init
                0x08003eca      0x112 ./Drivers/STM32F4xx_HAL_Driver/Src/stm32f4xx_hal_spi.o
                0x08003eca                HAL_SPI_Init
 .text.HAL_SPI_Transmit
                0x08003fdc      0x288 ./Drivers/STM32F4xx_HAL_Driver/Src/stm32f4xx_hal_spi.o
                0x08003fdc                HAL_SPI_Transmit
 .text.SPI_WaitFlagStateUntilTimeout
                0x08004264      0x110 ./Drivers/STM32F4xx_HAL_Driver/Src/stm32f4xx_hal_spi.o
 .text.SPI_EndRxTxTransaction
                0x08004374       0xa8 ./Drivers/STM32F4xx_HAL_Driver/Src/stm32f4xx_hal_spi.o
 .text.HAL_TIM_Base_Init
                0x0800441c       0x9e ./Drivers/STM32F4xx_HAL_Driver/Src/stm32f4xx_hal_tim.o
                0x0800441c                HAL_TIM_Base_Init
 *fill*         0x080044ba        0x2 
 .text.HAL_TIM_Base_Start_IT
                0x080044bc       0xe0 ./Drivers/STM32F4xx_HAL_Driver/Src/stm32f4xx_hal_tim.o
                0x080044bc                HAL_TIM_Base_Start_IT
 .text.HAL_TIM_IRQHandler
                0x0800459c      0x1e0 ./Drivers/STM32F4xx_HAL_Driver/Src/stm32f4xx_hal_tim.o
                0x0800459c                HAL_TIM_IRQHandler
 .text.HAL_TIM_ConfigClockSource
                0x0800477c      0x18e ./Drivers/STM32F4xx_HAL_Driver/Src/stm32f4xx_hal_tim.o
                0x0800477c                HAL_TIM_ConfigClockSource
 .text.HAL_TIM_OC_DelayElapsedCallback
                0x0800490a       0x14 ./Drivers/STM32F4xx_HAL_Driver/Src/stm32f4xx_hal_tim.o
                0x0800490a                HAL_TIM_OC_DelayElapsedCallback
 .text.HAL_TIM_IC_CaptureCallback
                0x0800491e       0x14 ./Drivers/STM32F4xx_HAL_Driver/Src/stm32f4xx_hal_tim.o
                0x0800491e                HAL_TIM_IC_CaptureCallback
 .text.HAL_TIM_PWM_PulseFinishedCallback
                0x08004932       0x14 ./Drivers/STM32F4xx_HAL_Driver/Src/stm32f4xx_hal_tim.o
                0x08004932                HAL_TIM_PWM_PulseFinishedCallback
 .text.HAL_TIM_TriggerCallback
                0x08004946       0x14 ./Drivers/STM32F4xx_HAL_Driver/Src/stm32f4xx_hal_tim.o
                0x08004946                HAL_TIM_TriggerCallback
 *fill*         0x0800495a        0x2 
 .text.TIM_Base_SetConfig
                0x0800495c      0x14c ./Drivers/STM32F4xx_HAL_Driver/Src/stm32f4xx_hal_tim.o
                0x0800495c                TIM_Base_SetConfig
 .text.TIM_TI1_ConfigInputStage
                0x08004aa8       0x5e ./Drivers/STM32F4xx_HAL_Driver/Src/stm32f4xx_hal_tim.o
 .text.TIM_TI2_ConfigInputStage
                0x08004b06       0x60 ./Drivers/STM32F4xx_HAL_Driver/Src/stm32f4xx_hal_tim.o
 .text.TIM_ITRx_SetConfig
                0x08004b66       0x36 ./Drivers/STM32F4xx_HAL_Driver/Src/stm32f4xx_hal_tim.o
 .text.TIM_ETR_SetConfig
                0x08004b9c       0x40 ./Drivers/STM32F4xx_HAL_Driver/Src/stm32f4xx_hal_tim.o
                0x08004b9c                TIM_ETR_SetConfig
 .text.HAL_TIMEx_MasterConfigSynchronization
                0x08004bdc       0xf8 ./Drivers/STM32F4xx_HAL_Driver/Src/stm32f4xx_hal_tim_ex.o
                0x08004bdc                HAL_TIMEx_MasterConfigSynchronization
 .text.HAL_TIMEx_CommutCallback
                0x08004cd4       0x14 ./Drivers/STM32F4xx_HAL_Driver/Src/stm32f4xx_hal_tim_ex.o
                0x08004cd4                HAL_TIMEx_CommutCallback
 .text.HAL_TIMEx_BreakCallback
                0x08004ce8       0x14 ./Drivers/STM32F4xx_HAL_Driver/Src/stm32f4xx_hal_tim_ex.o
                0x08004ce8                HAL_TIMEx_BreakCallback
 .text.HAL_UART_Init
                0x08004cfc       0xa0 ./Drivers/STM32F4xx_HAL_Driver/Src/stm32f4xx_hal_uart.o
                0x08004cfc                HAL_UART_Init
 .text.UART_SetConfig
                0x08004d9c      0x4e8 ./Drivers/STM32F4xx_HAL_Driver/Src/stm32f4xx_hal_uart.o
 .text.FMC_SDRAM_Init
                0x08005284       0xba ./Drivers/STM32F4xx_HAL_Driver/Src/stm32f4xx_ll_fmc.o
                0x08005284                FMC_SDRAM_Init
 .text.FMC_SDRAM_Timing_Init
                0x0800533e       0xd2 ./Drivers/STM32F4xx_HAL_Driver/Src/stm32f4xx_ll_fmc.o
                0x0800533e                FMC_SDRAM_Timing_Init
 .text.FMC_SDRAM_SendCommand
                0x08005410       0x7a ./Drivers/STM32F4xx_HAL_Driver/Src/stm32f4xx_ll_fmc.o
                0x08005410                FMC_SDRAM_SendCommand
 .text.FMC_SDRAM_ProgramRefreshRate
                0x0800548a       0x2e ./Drivers/STM32F4xx_HAL_Driver/Src/stm32f4xx_ll_fmc.o
                0x0800548a                FMC_SDRAM_ProgramRefreshRate
 .text.memset   0x080054b8       0x10 C:/ST/STM32CubeIDE_2.2.0/STM32CubeIDE/plugins/com.st.stm32cube.ide.mcu.externaltools.gnu-tools-for-stm32.14.3.rel1.win32_1.0.100.202602081740/tools/bin/../lib/gcc/arm-none-eabi/14.3.1/../../../../arm-none-eabi/lib/thumb/v7e-m+fp/hard\libc_nano.a(libc_a-memset.o)
                0x080054b8                memset
 .text.__libc_init_array
                0x080054c8       0x48 C:/ST/STM32CubeIDE_2.2.0/STM32CubeIDE/plugins/com.st.stm32cube.ide.mcu.externaltools.gnu-tools-for-stm32.14.3.rel1.win32_1.0.100.202602081740/tools/bin/../lib/gcc/arm-none-eabi/14.3.1/../../../../arm-none-eabi/lib/thumb/v7e-m+fp/hard\libc_nano.a(libc_a-init.o)
                0x080054c8                __libc_init_array
 *(.glue_7)
 .glue_7        0x08005510        0x0 linker stubs
 *(.glue_7t)
 .glue_7t       0x08005510        0x0 linker stubs
 *(.eh_frame)
 .eh_frame      0x08005510        0x0 C:/ST/STM32CubeIDE_2.2.0/STM32CubeIDE/plugins/com.st.stm32cube.ide.mcu.externaltools.gnu-tools-for-stm32.14.3.rel1.win32_1.0.100.202602081740/tools/bin/../lib/gcc/arm-none-eabi/14.3.1/thumb/v7e-m+fp/hard/crtbegin.o
 *(.init)
 .init          0x08005510        0x4 C:/ST/STM32CubeIDE_2.2.0/STM32CubeIDE/plugins/com.st.stm32cube.ide.mcu.externaltools.gnu-tools-for-stm32.14.3.rel1.win32_1.0.100.202602081740/tools/bin/../lib/gcc/arm-none-eabi/14.3.1/thumb/v7e-m+fp/hard/crti.o
                0x08005510                _init
 .init          0x08005514        0x8 C:/ST/STM32CubeIDE_2.2.0/STM32CubeIDE/plugins/com.st.stm32cube.ide.mcu.externaltools.gnu-tools-for-stm32.14.3.rel1.win32_1.0.100.202602081740/tools/bin/../lib/gcc/arm-none-eabi/14.3.1/thumb/v7e-m+fp/hard/crtn.o
 *(.fini)
 .fini          0x0800551c        0x4 C:/ST/STM32CubeIDE_2.2.0/STM32CubeIDE/plugins/com.st.stm32cube.ide.mcu.externaltools.gnu-tools-for-stm32.14.3.rel1.win32_1.0.100.202602081740/tools/bin/../lib/gcc/arm-none-eabi/14.3.1/thumb/v7e-m+fp/hard/crti.o
                0x0800551c                _fini
 .fini          0x08005520        0x8 C:/ST/STM32CubeIDE_2.2.0/STM32CubeIDE/plugins/com.st.stm32cube.ide.mcu.externaltools.gnu-tools-for-stm32.14.3.rel1.win32_1.0.100.202602081740/tools/bin/../lib/gcc/arm-none-eabi/14.3.1/thumb/v7e-m+fp/hard/crtn.o
                0x08005528                        . = ALIGN (0x4)
                0x08005528                        _etext = .

.vfp11_veneer   0x08005528        0x0
 .vfp11_veneer  0x08005528        0x0 linker stubs

.v4_bx          0x08005528        0x0
 .v4_bx         0x08005528        0x0 linker stubs

.iplt           0x08005528        0x0
 .iplt          0x08005528        0x0 C:/ST/STM32CubeIDE_2.2.0/STM32CubeIDE/plugins/com.st.stm32cube.ide.mcu.externaltools.gnu-tools-for-stm32.14.3.rel1.win32_1.0.100.202602081740/tools/bin/../lib/gcc/arm-none-eabi/14.3.1/thumb/v7e-m+fp/hard/crtbegin.o

.rodata         0x08005528      0x878
                0x08005528                        . = ALIGN (0x4)
 *(.rodata)
 .rodata        0x08005528       0x73 ./Core/Src/main.o
 *(.rodata*)
 *fill*         0x0800559b        0x1 
 .rodata.Letter_Exclam_data
                0x0800559c        0x8 ./Core/Src/font.o
 .rodata.Letter_Exclam
                0x080055a4        0x8 ./Core/Src/font.o
                0x080055a4                Letter_Exclam
 .rodata.Letter_quot_data
                0x080055ac        0x8 ./Core/Src/font.o
 .rodata.Letter_quot
                0x080055b4        0x8 ./Core/Src/font.o
                0x080055b4                Letter_quot
 .rodata.Letter_hashtag_data
                0x080055bc        0x8 ./Core/Src/font.o
 .rodata.Letter_hashtag
                0x080055c4        0x8 ./Core/Src/font.o
                0x080055c4                Letter_hashtag
 .rodata.Letter_dollar_data
                0x080055cc        0x8 ./Core/Src/font.o
 .rodata.Letter_dollar
                0x080055d4        0x8 ./Core/Src/font.o
                0x080055d4                Letter_dollar
 .rodata.Letter_percent_data
                0x080055dc        0x8 ./Core/Src/font.o
 .rodata.Letter_percent
                0x080055e4        0x8 ./Core/Src/font.o
                0x080055e4                Letter_percent
 .rodata.Letter_and_data
                0x080055ec        0x8 ./Core/Src/font.o
 .rodata.Letter_and
                0x080055f4        0x8 ./Core/Src/font.o
                0x080055f4                Letter_and
 .rodata.Letter_apostrophe_data
                0x080055fc        0x8 ./Core/Src/font.o
 .rodata.Letter_apostrophe
                0x08005604        0x8 ./Core/Src/font.o
                0x08005604                Letter_apostrophe
 .rodata.Letter_op_bracket_data
                0x0800560c        0x8 ./Core/Src/font.o
 .rodata.Letter_op_bracket
                0x08005614        0x8 ./Core/Src/font.o
                0x08005614                Letter_op_bracket
 .rodata.Letter_cl_bracket_data
                0x0800561c        0x8 ./Core/Src/font.o
 .rodata.Letter_cl_bracket
                0x08005624        0x8 ./Core/Src/font.o
                0x08005624                Letter_cl_bracket
 .rodata.Letter_star_data
                0x0800562c        0x8 ./Core/Src/font.o
 .rodata.Letter_star
                0x08005634        0x8 ./Core/Src/font.o
                0x08005634                Letter_star
 .rodata.Letter_plus_data
                0x0800563c        0x8 ./Core/Src/font.o
 .rodata.Letter_plus
                0x08005644        0x8 ./Core/Src/font.o
                0x08005644                Letter_plus
 .rodata.Letter_comma_data
                0x0800564c        0x8 ./Core/Src/font.o
 .rodata.Letter_comma
                0x08005654        0x8 ./Core/Src/font.o
                0x08005654                Letter_comma
 .rodata.Letter_minus_data
                0x0800565c        0x8 ./Core/Src/font.o
 .rodata.Letter_minnus
                0x08005664        0x8 ./Core/Src/font.o
                0x08005664                Letter_minnus
 .rodata.Letter_dot_data
                0x0800566c        0x8 ./Core/Src/font.o
 .rodata.Letter_dot
                0x08005674        0x8 ./Core/Src/font.o
                0x08005674                Letter_dot
 .rodata.Letter_slash_data
                0x0800567c        0x8 ./Core/Src/font.o
 .rodata.Letter_slash
                0x08005684        0x8 ./Core/Src/font.o
                0x08005684                Letter_slash
 .rodata.Letter_null_data
                0x0800568c        0x8 ./Core/Src/font.o
 .rodata.Letter_null
                0x08005694        0x8 ./Core/Src/font.o
                0x08005694                Letter_null
 .rodata.Letter_one_data
                0x0800569c        0x8 ./Core/Src/font.o
 .rodata.Letter_one
                0x080056a4        0x8 ./Core/Src/font.o
                0x080056a4                Letter_one
 .rodata.Letter_two_data
                0x080056ac        0x8 ./Core/Src/font.o
 .rodata.Letter_two
                0x080056b4        0x8 ./Core/Src/font.o
                0x080056b4                Letter_two
 .rodata.Letter_three_data
                0x080056bc        0x8 ./Core/Src/font.o
 .rodata.Letter_three
                0x080056c4        0x8 ./Core/Src/font.o
                0x080056c4                Letter_three
 .rodata.Letter_four_data
                0x080056cc        0x8 ./Core/Src/font.o
 .rodata.Letter_four
                0x080056d4        0x8 ./Core/Src/font.o
                0x080056d4                Letter_four
 .rodata.Letter_five_data
                0x080056dc        0x8 ./Core/Src/font.o
 .rodata.Letter_five
                0x080056e4        0x8 ./Core/Src/font.o
                0x080056e4                Letter_five
 .rodata.Letter_six_data
                0x080056ec        0x8 ./Core/Src/font.o
 .rodata.Letter_six
                0x080056f4        0x8 ./Core/Src/font.o
                0x080056f4                Letter_six
 .rodata.Letter_seven_data
                0x080056fc        0x8 ./Core/Src/font.o
 .rodata.Letter_seven
                0x08005704        0x8 ./Core/Src/font.o
                0x08005704                Letter_seven
 .rodata.Letter_eight_data
                0x0800570c        0x8 ./Core/Src/font.o
 .rodata.Letter_eight
                0x08005714        0x8 ./Core/Src/font.o
                0x08005714                Letter_eight
 .rodata.Letter_nine_data
                0x0800571c        0x8 ./Core/Src/font.o
 .rodata.Letter_nine
                0x08005724        0x8 ./Core/Src/font.o
                0x08005724                Letter_nine
 .rodata.Letter_colon_data
                0x0800572c        0x8 ./Core/Src/font.o
 .rodata.Letter_colon
                0x08005734        0x8 ./Core/Src/font.o
                0x08005734                Letter_colon
 .rodata.Letter_semicolon_data
                0x0800573c        0x8 ./Core/Src/font.o
 .rodata.Letter_semicolon
                0x08005744        0x8 ./Core/Src/font.o
                0x08005744                Letter_semicolon
 .rodata.Letter_smaller_data
                0x0800574c        0x8 ./Core/Src/font.o
 .rodata.Letter_smaller
                0x08005754        0x8 ./Core/Src/font.o
                0x08005754                Letter_smaller
 .rodata.Letter_equal_data
                0x0800575c        0x8 ./Core/Src/font.o
 .rodata.Letter_equal
                0x08005764        0x8 ./Core/Src/font.o
                0x08005764                Letter_equal
 .rodata.Letter_bigger_data
                0x0800576c        0x8 ./Core/Src/font.o
 .rodata.Letter_bigger
                0x08005774        0x8 ./Core/Src/font.o
                0x08005774                Letter_bigger
 .rodata.Letter_question_data
                0x0800577c        0x8 ./Core/Src/font.o
 .rodata.Letter_question
                0x08005784        0x8 ./Core/Src/font.o
                0x08005784                Letter_question
 .rodata.Letter_dog_data
                0x0800578c        0x8 ./Core/Src/font.o
 .rodata.Letter_dog
                0x08005794        0x8 ./Core/Src/font.o
                0x08005794                Letter_dog
 .rodata.Letter_Big_A_data
                0x0800579c        0x8 ./Core/Src/font.o
 .rodata.Letter_Big_A
                0x080057a4        0x8 ./Core/Src/font.o
                0x080057a4                Letter_Big_A
 .rodata.Letter_Big_B_data
                0x080057ac        0x8 ./Core/Src/font.o
 .rodata.Letter_Big_B
                0x080057b4        0x8 ./Core/Src/font.o
                0x080057b4                Letter_Big_B
 .rodata.Letter_Big_C_data
                0x080057bc        0x8 ./Core/Src/font.o
 .rodata.Letter_Big_C
                0x080057c4        0x8 ./Core/Src/font.o
                0x080057c4                Letter_Big_C
 .rodata.Letter_Big_D_data
                0x080057cc        0x8 ./Core/Src/font.o
 .rodata.Letter_Big_D
                0x080057d4        0x8 ./Core/Src/font.o
                0x080057d4                Letter_Big_D
 .rodata.Letter_Big_E_data
                0x080057dc        0x8 ./Core/Src/font.o
 .rodata.Letter_Big_E
                0x080057e4        0x8 ./Core/Src/font.o
                0x080057e4                Letter_Big_E
 .rodata.Letter_Big_F_data
                0x080057ec        0x8 ./Core/Src/font.o
 .rodata.Letter_Big_F
                0x080057f4        0x8 ./Core/Src/font.o
                0x080057f4                Letter_Big_F
 .rodata.Letter_Big_G_data
                0x080057fc        0x8 ./Core/Src/font.o
 .rodata.Letter_Big_G
                0x08005804        0x8 ./Core/Src/font.o
                0x08005804                Letter_Big_G
 .rodata.Letter_Big_H_data
                0x0800580c        0x8 ./Core/Src/font.o
 .rodata.Letter_Big_H
                0x08005814        0x8 ./Core/Src/font.o
                0x08005814                Letter_Big_H
 .rodata.Letter_Big_I_data
                0x0800581c        0x8 ./Core/Src/font.o
 .rodata.Letter_Big_I
                0x08005824        0x8 ./Core/Src/font.o
                0x08005824                Letter_Big_I
 .rodata.Letter_Big_J_data
                0x0800582c        0x8 ./Core/Src/font.o
 .rodata.Letter_Big_J
                0x08005834        0x8 ./Core/Src/font.o
                0x08005834                Letter_Big_J
 .rodata.Letter_Big_K_data
                0x0800583c        0x8 ./Core/Src/font.o
 .rodata.Letter_Big_K
                0x08005844        0x8 ./Core/Src/font.o
                0x08005844                Letter_Big_K
 .rodata.Letter_Big_L_data
                0x0800584c        0x8 ./Core/Src/font.o
 .rodata.Letter_Big_L
                0x08005854        0x8 ./Core/Src/font.o
                0x08005854                Letter_Big_L
 .rodata.Letter_Big_M_data
                0x0800585c        0x8 ./Core/Src/font.o
 .rodata.Letter_Big_M
                0x08005864        0x8 ./Core/Src/font.o
                0x08005864                Letter_Big_M
 .rodata.Letter_Big_N_data
                0x0800586c        0x8 ./Core/Src/font.o
 .rodata.Letter_Big_N
                0x08005874        0x8 ./Core/Src/font.o
                0x08005874                Letter_Big_N
 .rodata.Letter_Big_O_data
                0x0800587c        0x8 ./Core/Src/font.o
 .rodata.Letter_Big_O
                0x08005884        0x8 ./Core/Src/font.o
                0x08005884                Letter_Big_O
 .rodata.Letter_Big_P_data
                0x0800588c        0x8 ./Core/Src/font.o
 .rodata.Letter_Big_P
                0x08005894        0x8 ./Core/Src/font.o
                0x08005894                Letter_Big_P
 .rodata.Letter_Big_Q_data
                0x0800589c        0x8 ./Core/Src/font.o
 .rodata.Letter_Big_Q
                0x080058a4        0x8 ./Core/Src/font.o
                0x080058a4                Letter_Big_Q
 .rodata.Letter_Big_R_data
                0x080058ac        0x8 ./Core/Src/font.o
 .rodata.Letter_Big_R
                0x080058b4        0x8 ./Core/Src/font.o
                0x080058b4                Letter_Big_R
 .rodata.Letter_Big_S_data
                0x080058bc        0x8 ./Core/Src/font.o
 .rodata.Letter_Big_S
                0x080058c4        0x8 ./Core/Src/font.o
                0x080058c4                Letter_Big_S
 .rodata.Letter_Big_T_data
                0x080058cc        0x8 ./Core/Src/font.o
 .rodata.Letter_Big_T
                0x080058d4        0x8 ./Core/Src/font.o
                0x080058d4                Letter_Big_T
 .rodata.Letter_Big_U_data
                0x080058dc        0x8 ./Core/Src/font.o
 .rodata.Letter_Big_U
                0x080058e4        0x8 ./Core/Src/font.o
                0x080058e4                Letter_Big_U
 .rodata.Letter_Big_V_data
                0x080058ec        0x8 ./Core/Src/font.o
 .rodata.Letter_Big_V
                0x080058f4        0x8 ./Core/Src/font.o
                0x080058f4                Letter_Big_V
 .rodata.Letter_Big_W_data
                0x080058fc        0x8 ./Core/Src/font.o
 .rodata.Letter_Big_W
                0x08005904        0x8 ./Core/Src/font.o
                0x08005904                Letter_Big_W
 .rodata.Letter_Big_X_data
                0x0800590c        0x8 ./Core/Src/font.o
 .rodata.Letter_Big_X
                0x08005914        0x8 ./Core/Src/font.o
                0x08005914                Letter_Big_X
 .rodata.Letter_Big_Y_data
                0x0800591c        0x8 ./Core/Src/font.o
 .rodata.Letter_Big_Y
                0x08005924        0x8 ./Core/Src/font.o
                0x08005924                Letter_Big_Y
 .rodata.Letter_Big_Z_data
                0x0800592c        0x8 ./Core/Src/font.o
 .rodata.Letter_Big_Z
                0x08005934        0x8 ./Core/Src/font.o
                0x08005934                Letter_Big_Z
 .rodata.Letter_op_sq_bracket_data
                0x0800593c        0x8 ./Core/Src/font.o
 .rodata.Letter_op_sq_bracket
                0x08005944        0x8 ./Core/Src/font.o
                0x08005944                Letter_op_sq_bracket
 .rodata.Letter_rev_slash_data
                0x0800594c        0x8 ./Core/Src/font.o
 .rodata.Letter_rev_slash
                0x08005954        0x8 ./Core/Src/font.o
                0x08005954                Letter_rev_slash
 .rodata.Letter_cl_sq_bracket_data
                0x0800595c        0x8 ./Core/Src/font.o
 .rodata.Letter_cl_sq_braket
                0x08005964        0x8 ./Core/Src/font.o
                0x08005964                Letter_cl_sq_braket
 .rodata.Letter_caret_data
                0x0800596c        0x8 ./Core/Src/font.o
 .rodata.Letter_caret
                0x08005974        0x8 ./Core/Src/font.o
                0x08005974                Letter_caret
 .rodata.Letter_dash_data
                0x0800597c        0x8 ./Core/Src/font.o
 .rodata.Letter_dash
                0x08005984        0x8 ./Core/Src/font.o
                0x08005984                Letter_dash
 .rodata.Letter_backquote_data
                0x0800598c        0x8 ./Core/Src/font.o
 .rodata.Letter_backquote
                0x08005994        0x8 ./Core/Src/font.o
                0x08005994                Letter_backquote
 .rodata.Letter_a_data
                0x0800599c        0x8 ./Core/Src/font.o
 .rodata.Letter_a
                0x080059a4        0x8 ./Core/Src/font.o
                0x080059a4                Letter_a
 .rodata.Letter_b_data
                0x080059ac        0x8 ./Core/Src/font.o
 .rodata.Letter_b
                0x080059b4        0x8 ./Core/Src/font.o
                0x080059b4                Letter_b
 .rodata.Letter_c_data
                0x080059bc        0x8 ./Core/Src/font.o
 .rodata.Letter_c
                0x080059c4        0x8 ./Core/Src/font.o
                0x080059c4                Letter_c
 .rodata.Letter_d_data
                0x080059cc        0x8 ./Core/Src/font.o
 .rodata.Letter_d
                0x080059d4        0x8 ./Core/Src/font.o
                0x080059d4                Letter_d
 .rodata.Letter_e_data
                0x080059dc        0x8 ./Core/Src/font.o
 .rodata.Letter_e
                0x080059e4        0x8 ./Core/Src/font.o
                0x080059e4                Letter_e
 .rodata.Letter_f_data
                0x080059ec        0x8 ./Core/Src/font.o
 .rodata.Letter_f
                0x080059f4        0x8 ./Core/Src/font.o
                0x080059f4                Letter_f
 .rodata.Letter_g_data
                0x080059fc        0x8 ./Core/Src/font.o
 .rodata.Letter_g
                0x08005a04        0x8 ./Core/Src/font.o
                0x08005a04                Letter_g
 .rodata.Letter_h_data
                0x08005a0c        0x8 ./Core/Src/font.o
 .rodata.Letter_h
                0x08005a14        0x8 ./Core/Src/font.o
                0x08005a14                Letter_h
 .rodata.Letter_i_data
                0x08005a1c        0x8 ./Core/Src/font.o
 .rodata.Letter_i
                0x08005a24        0x8 ./Core/Src/font.o
                0x08005a24                Letter_i
 .rodata.Letter_j_data
                0x08005a2c        0x8 ./Core/Src/font.o
 .rodata.Letter_j
                0x08005a34        0x8 ./Core/Src/font.o
                0x08005a34                Letter_j
 .rodata.Letter_k_data
                0x08005a3c        0x8 ./Core/Src/font.o
 .rodata.Letter_k
                0x08005a44        0x8 ./Core/Src/font.o
                0x08005a44                Letter_k
 .rodata.Letter_l_data
                0x08005a4c        0x8 ./Core/Src/font.o
 .rodata.Letter_l
                0x08005a54        0x8 ./Core/Src/font.o
                0x08005a54                Letter_l
 .rodata.Letter_m_data
                0x08005a5c        0x8 ./Core/Src/font.o
 .rodata.Letter_m
                0x08005a64        0x8 ./Core/Src/font.o
                0x08005a64                Letter_m
 .rodata.Letter_n_data
                0x08005a6c        0x8 ./Core/Src/font.o
 .rodata.Letter_n
                0x08005a74        0x8 ./Core/Src/font.o
                0x08005a74                Letter_n
 .rodata.Letter_o_data
                0x08005a7c        0x8 ./Core/Src/font.o
 .rodata.Letter_o
                0x08005a84        0x8 ./Core/Src/font.o
                0x08005a84                Letter_o
 .rodata.Letter_p_data
                0x08005a8c        0x8 ./Core/Src/font.o
 .rodata.Letter_p
                0x08005a94        0x8 ./Core/Src/font.o
                0x08005a94                Letter_p
 .rodata.Letter_q_data
                0x08005a9c        0x8 ./Core/Src/font.o
 .rodata.Letter_q
                0x08005aa4        0x8 ./Core/Src/font.o
                0x08005aa4                Letter_q
 .rodata.Letter_r_data
                0x08005aac        0x8 ./Core/Src/font.o
 .rodata.Letter_r
                0x08005ab4        0x8 ./Core/Src/font.o
                0x08005ab4                Letter_r
 .rodata.Letter_s_data
                0x08005abc        0x8 ./Core/Src/font.o
 .rodata.Letter_s
                0x08005ac4        0x8 ./Core/Src/font.o
                0x08005ac4                Letter_s
 .rodata.Letter_t_data
                0x08005acc        0x8 ./Core/Src/font.o
 .rodata.Letter_t
                0x08005ad4        0x8 ./Core/Src/font.o
                0x08005ad4                Letter_t
 .rodata.Letter_u_data
                0x08005adc        0x8 ./Core/Src/font.o
 .rodata.Letter_u
                0x08005ae4        0x8 ./Core/Src/font.o
                0x08005ae4                Letter_u
 .rodata.Letter_v_data
                0x08005aec        0x8 ./Core/Src/font.o
 .rodata.Letter_v
                0x08005af4        0x8 ./Core/Src/font.o
                0x08005af4                Letter_v
 .rodata.Letter_w_data
                0x08005afc        0x8 ./Core/Src/font.o
 .rodata.Letter_w
                0x08005b04        0x8 ./Core/Src/font.o
                0x08005b04                Letter_w
 .rodata.Letter_x_data
                0x08005b0c        0x8 ./Core/Src/font.o
 .rodata.Letter_x
                0x08005b14        0x8 ./Core/Src/font.o
                0x08005b14                Letter_x
 .rodata.Letter_y_data
                0x08005b1c        0x8 ./Core/Src/font.o
 .rodata.Letter_y
                0x08005b24        0x8 ./Core/Src/font.o
                0x08005b24                Letter_y
 .rodata.Letter_z_data
                0x08005b2c        0x8 ./Core/Src/font.o
 .rodata.Letter_z
                0x08005b34        0x8 ./Core/Src/font.o
                0x08005b34                Letter_z
 .rodata.Letter_op_curl_bracket_data
                0x08005b3c        0x8 ./Core/Src/font.o
 .rodata.Letter_op_curl_bracket
                0x08005b44        0x8 ./Core/Src/font.o
                0x08005b44                Letter_op_curl_bracket
 .rodata.Letter_pipe_data
                0x08005b4c        0x8 ./Core/Src/font.o
 .rodata.Letter_pipe
                0x08005b54        0x8 ./Core/Src/font.o
                0x08005b54                Letter_pipe
 .rodata.Letter_cl_curl_bracket_data
                0x08005b5c        0x8 ./Core/Src/font.o
 .rodata.Letter_cl_curl_bracket
                0x08005b64        0x8 ./Core/Src/font.o
                0x08005b64                Letter_cl_curl_bracket
 .rodata.Letter_tilde_data
                0x08005b6c        0x8 ./Core/Src/font.o
 .rodata.Letter_tilde
                0x08005b74        0x8 ./Core/Src/font.o
                0x08005b74                Letter_tilde
 .rodata.Letter_space_data
                0x08005b7c        0x8 ./Core/Src/font.o
 .rodata.Letter_space
                0x08005b84        0x8 ./Core/Src/font.o
                0x08005b84                Letter_space
 .rodata.Font_Default
                0x08005b8c      0x1fc ./Core/Src/font.o
                0x08005b8c                Font_Default
 .rodata.AHBPrescTable
                0x08005d88       0x10 ./Core/Src/system_stm32f4xx.o
                0x08005d88                AHBPrescTable
 .rodata.APBPrescTable
                0x08005d98        0x8 ./Core/Src/system_stm32f4xx.o
                0x08005d98                APBPrescTable
                0x08005da0                        . = ALIGN (0x4)

.ARM.extab      0x08005da0        0x0
                0x08005da0                        . = ALIGN (0x4)
 *(.ARM.extab* .gnu.linkonce.armextab.*)
                0x08005da0                        . = ALIGN (0x4)

.ARM            0x08005da0        0x8
                0x08005da0                        . = ALIGN (0x4)
                0x08005da0                        __exidx_start = .
 *(.ARM.exidx*)
 .ARM.exidx     0x08005da0        0x8 C:/ST/STM32CubeIDE_2.2.0/STM32CubeIDE/plugins/com.st.stm32cube.ide.mcu.externaltools.gnu-tools-for-stm32.14.3.rel1.win32_1.0.100.202602081740/tools/bin/../lib/gcc/arm-none-eabi/14.3.1/thumb/v7e-m+fp/hard\libgcc.a(_udivmoddi4.o)
                0x08005da8                        __exidx_end = .
                0x08005da8                        . = ALIGN (0x4)

.preinit_array  0x08005da8        0x0
                0x08005da8                        . = ALIGN (0x4)
                0x08005da8                        PROVIDE (__preinit_array_start = .)
 *(.preinit_array*)
                0x08005da8                        PROVIDE (__preinit_array_end = .)
                0x08005da8                        . = ALIGN (0x4)

.init_array     0x08005da8        0x4
                0x08005da8                        . = ALIGN (0x4)
                0x08005da8                        PROVIDE (__init_array_start = .)
 *(SORT_BY_NAME(.init_array.*))
 *(.init_array*)
 .init_array    0x08005da8        0x4 C:/ST/STM32CubeIDE_2.2.0/STM32CubeIDE/plugins/com.st.stm32cube.ide.mcu.externaltools.gnu-tools-for-stm32.14.3.rel1.win32_1.0.100.202602081740/tools/bin/../lib/gcc/arm-none-eabi/14.3.1/thumb/v7e-m+fp/hard/crtbegin.o
                0x08005dac                        PROVIDE (__init_array_end = .)
                0x08005dac                        . = ALIGN (0x4)

.fini_array     0x08005dac        0x4
                0x08005dac                        . = ALIGN (0x4)
                [!provide]                        PROVIDE (__fini_array_start = .)
 *(SORT_BY_NAME(.fini_array.*))
 *(.fini_array*)
 .fini_array    0x08005dac        0x4 C:/ST/STM32CubeIDE_2.2.0/STM32CubeIDE/plugins/com.st.stm32cube.ide.mcu.externaltools.gnu-tools-for-stm32.14.3.rel1.win32_1.0.100.202602081740/tools/bin/../lib/gcc/arm-none-eabi/14.3.1/thumb/v7e-m+fp/hard/crtbegin.o
                [!provide]                        PROVIDE (__fini_array_end = .)
                0x08005db0                        . = ALIGN (0x4)
                0x08005db0                        _sidata = LOADADDR (.data)

.rel.dyn        0x08005db0        0x0
 .rel.iplt      0x08005db0        0x0 C:/ST/STM32CubeIDE_2.2.0/STM32CubeIDE/plugins/com.st.stm32cube.ide.mcu.externaltools.gnu-tools-for-stm32.14.3.rel1.win32_1.0.100.202602081740/tools/bin/../lib/gcc/arm-none-eabi/14.3.1/thumb/v7e-m+fp/hard/crtbegin.o

.data           0x20000000        0xc load address 0x08005db0
                0x20000000                        . = ALIGN (0x4)
                0x20000000                        _sdata = .
 *(.data)
 *(.data*)
 .data.SystemCoreClock
                0x20000000        0x4 ./Core/Src/system_stm32f4xx.o
                0x20000000                SystemCoreClock
 .data.uwTickPrio
                0x20000004        0x4 ./Drivers/STM32F4xx_HAL_Driver/Src/stm32f4xx_hal.o
                0x20000004                uwTickPrio
 .data.uwTickFreq
                0x20000008        0x1 ./Drivers/STM32F4xx_HAL_Driver/Src/stm32f4xx_hal.o
                0x20000008                uwTickFreq
 *(.RamFunc)
 *(.RamFunc*)
                0x2000000c                        . = ALIGN (0x4)
 *fill*         0x20000009        0x3 
                0x2000000c                        _edata = .
                0x08005dbc                        _siccmram = LOADADDR (.ccmram)

.igot.plt       0x2000000c        0x0 load address 0x08005dbc
 .igot.plt      0x2000000c        0x0 C:/ST/STM32CubeIDE_2.2.0/STM32CubeIDE/plugins/com.st.stm32cube.ide.mcu.externaltools.gnu-tools-for-stm32.14.3.rel1.win32_1.0.100.202602081740/tools/bin/../lib/gcc/arm-none-eabi/14.3.1/thumb/v7e-m+fp/hard/crtbegin.o

.ccmram         0x10000000        0x0 load address 0x08005dbc
                0x10000000                        . = ALIGN (0x4)
                0x10000000                        _sccmram = .
 *(.ccmram)
 *(.ccmram*)
                0x10000000                        . = ALIGN (0x4)
                0x10000000                        _eccmram = .
                0x10000000                        . = ALIGN (0x4)

.bss            0x2000000c     0x7308
                0x2000000c                        _sbss = .
                0x2000000c                        __bss_start__ = _sbss
 *(.bss)
 .bss           0x2000000c       0x1c C:/ST/STM32CubeIDE_2.2.0/STM32CubeIDE/plugins/com.st.stm32cube.ide.mcu.externaltools.gnu-tools-for-stm32.14.3.rel1.win32_1.0.100.202602081740/tools/bin/../lib/gcc/arm-none-eabi/14.3.1/thumb/v7e-m+fp/hard/crtbegin.o
 *(.bss*)
 .bss.img_big_test_pixels
                0x20000028     0x7080 ./Core/Src/images.o
 .bss.lcd_state
                0x200070a8        0x1 ./Core/Src/lcd_ili9341_min.o
                0x200070a8                lcd_state
 *fill*         0x200070a9        0x3 
 .bss.hcrc      0x200070ac        0x8 ./Core/Src/main.o
                0x200070ac                hcrc
 .bss.hdma2d    0x200070b4       0x40 ./Core/Src/main.o
                0x200070b4                hdma2d
 .bss.hltdc     0x200070f4       0xa8 ./Core/Src/main.o
                0x200070f4                hltdc
 .bss.hspi5     0x2000719c       0x58 ./Core/Src/main.o
                0x2000719c                hspi5
 .bss.htim1     0x200071f4       0x48 ./Core/Src/main.o
                0x200071f4                htim1
 .bss.huart1    0x2000723c       0x48 ./Core/Src/main.o
                0x2000723c                huart1
 .bss.hsdram1   0x20007284       0x34 ./Core/Src/main.o
                0x20007284                hsdram1
 .bss.FMC_Initialized
                0x200072b8        0x4 ./Core/Src/stm32f4xx_hal_msp.o
 .bss.htim6     0x200072bc       0x48 ./Core/Src/stm32f4xx_hal_timebase_tim.o
                0x200072bc                htim6
 .bss.a         0x20007304        0x4 ./Core/Src/stm32f4xx_it.o
                0x20007304                a
 .bss.b         0x20007308        0x4 ./Core/Src/stm32f4xx_it.o
                0x20007308                b
 .bss.c         0x2000730c        0x4 ./Core/Src/stm32f4xx_it.o
                0x2000730c                c
 .bss.uwTick    0x20007310        0x4 ./Drivers/STM32F4xx_HAL_Driver/Src/stm32f4xx_hal.o
                0x20007310                uwTick
 *(COMMON)
                0x20007314                        . = ALIGN (0x4)
                0x20007314                        _ebss = .
                0x20007314                        __bss_end__ = _ebss

._user_heap_stack
                0x20007314      0x604
                0x20007318                        . = ALIGN (0x8)
 *fill*         0x20007314        0x4 
                [!provide]                        PROVIDE (end = .)
                0x20007318                        PROVIDE (_end = .)
                0x20007518                        . = (. + _Min_Heap_Size)
 *fill*         0x20007318      0x200 
                0x20007918                        . = (. + _Min_Stack_Size)
 *fill*         0x20007518      0x400 
                0x20007918                        . = ALIGN (0x8)

/DISCARD/
 libc.a(*)
 libm.a(*)
 libgcc.a(*)

.ARM.attributes
                0x00000000       0x30
 *(.ARM.attributes)
 .ARM.attributes
                0x00000000       0x22 C:/ST/STM32CubeIDE_2.2.0/STM32CubeIDE/plugins/com.st.stm32cube.ide.mcu.externaltools.gnu-tools-for-stm32.14.3.rel1.win32_1.0.100.202602081740/tools/bin/../lib/gcc/arm-none-eabi/14.3.1/thumb/v7e-m+fp/hard/crti.o
 .ARM.attributes
                0x00000022       0x34 C:/ST/STM32CubeIDE_2.2.0/STM32CubeIDE/plugins/com.st.stm32cube.ide.mcu.externaltools.gnu-tools-for-stm32.14.3.rel1.win32_1.0.100.202602081740/tools/bin/../lib/gcc/arm-none-eabi/14.3.1/thumb/v7e-m+fp/hard/crtbegin.o
 .ARM.attributes
                0x00000056       0x34 ./Core/Src/font.o
 .ARM.attributes
                0x0000008a       0x34 ./Core/Src/images.o
 .ARM.attributes
                0x000000be       0x34 ./Core/Src/lcd_ili9341_min.o
 .ARM.attributes
                0x000000f2       0x34 ./Core/Src/main.o
 .ARM.attributes
                0x00000126       0x34 ./Core/Src/stm32f4xx_hal_msp.o
 .ARM.attributes
                0x0000015a       0x34 ./Core/Src/stm32f4xx_hal_timebase_tim.o
 .ARM.attributes
                0x0000018e       0x34 ./Core/Src/stm32f4xx_it.o
 .ARM.attributes
                0x000001c2       0x34 ./Core/Src/system_stm32f4xx.o
 .ARM.attributes
                0x000001f6       0x21 ./Core/Startup/startup_stm32f429zitx.o
 .ARM.attributes
                0x00000217       0x34 ./Drivers/STM32F4xx_HAL_Driver/Src/stm32f4xx_hal.o
 .ARM.attributes
                0x0000024b       0x34 ./Drivers/STM32F4xx_HAL_Driver/Src/stm32f4xx_hal_cortex.o
 .ARM.attributes
                0x0000027f       0x34 ./Drivers/STM32F4xx_HAL_Driver/Src/stm32f4xx_hal_crc.o
 .ARM.attributes
                0x000002b3       0x34 ./Drivers/STM32F4xx_HAL_Driver/Src/stm32f4xx_hal_dma2d.o
 .ARM.attributes
                0x000002e7       0x34 ./Drivers/STM32F4xx_HAL_Driver/Src/stm32f4xx_hal_gpio.o
 .ARM.attributes
                0x0000031b       0x34 ./Drivers/STM32F4xx_HAL_Driver/Src/stm32f4xx_hal_ltdc.o
 .ARM.attributes
                0x0000034f       0x34 ./Drivers/STM32F4xx_HAL_Driver/Src/stm32f4xx_hal_rcc.o
 .ARM.attributes
                0x00000383       0x34 ./Drivers/STM32F4xx_HAL_Driver/Src/stm32f4xx_hal_rcc_ex.o
 .ARM.attributes
                0x000003b7       0x34 ./Drivers/STM32F4xx_HAL_Driver/Src/stm32f4xx_hal_sdram.o
 .ARM.attributes
                0x000003eb       0x34 ./Drivers/STM32F4xx_HAL_Driver/Src/stm32f4xx_hal_spi.o
 .ARM.attributes
                0x0000041f       0x34 ./Drivers/STM32F4xx_HAL_Driver/Src/stm32f4xx_hal_tim.o
 .ARM.attributes
                0x00000453       0x34 ./Drivers/STM32F4xx_HAL_Driver/Src/stm32f4xx_hal_tim_ex.o
 .ARM.attributes
                0x00000487       0x34 ./Drivers/STM32F4xx_HAL_Driver/Src/stm32f4xx_hal_uart.o
 .ARM.attributes
                0x000004bb       0x34 ./Drivers/STM32F4xx_HAL_Driver/Src/stm32f4xx_ll_fmc.o
 .ARM.attributes
                0x000004ef       0x34 C:/ST/STM32CubeIDE_2.2.0/STM32CubeIDE/plugins/com.st.stm32cube.ide.mcu.externaltools.gnu-tools-for-stm32.14.3.rel1.win32_1.0.100.202602081740/tools/bin/../lib/gcc/arm-none-eabi/14.3.1/../../../../arm-none-eabi/lib/thumb/v7e-m+fp/hard\libc_nano.a(libc_a-memset.o)
 .ARM.attributes
                0x00000523       0x34 C:/ST/STM32CubeIDE_2.2.0/STM32CubeIDE/plugins/com.st.stm32cube.ide.mcu.externaltools.gnu-tools-for-stm32.14.3.rel1.win32_1.0.100.202602081740/tools/bin/../lib/gcc/arm-none-eabi/14.3.1/../../../../arm-none-eabi/lib/thumb/v7e-m+fp/hard\libc_nano.a(libc_a-init.o)
 .ARM.attributes
                0x00000557       0x22 C:/ST/STM32CubeIDE_2.2.0/STM32CubeIDE/plugins/com.st.stm32cube.ide.mcu.externaltools.gnu-tools-for-stm32.14.3.rel1.win32_1.0.100.202602081740/tools/bin/../lib/gcc/arm-none-eabi/14.3.1/thumb/v7e-m+fp/hard\libgcc.a(_aeabi_uldivmod.o)
 .ARM.attributes
                0x00000579       0x34 C:/ST/STM32CubeIDE_2.2.0/STM32CubeIDE/plugins/com.st.stm32cube.ide.mcu.externaltools.gnu-tools-for-stm32.14.3.rel1.win32_1.0.100.202602081740/tools/bin/../lib/gcc/arm-none-eabi/14.3.1/thumb/v7e-m+fp/hard\libgcc.a(_udivmoddi4.o)
 .ARM.attributes
                0x000005ad       0x22 C:/ST/STM32CubeIDE_2.2.0/STM32CubeIDE/plugins/com.st.stm32cube.ide.mcu.externaltools.gnu-tools-for-stm32.14.3.rel1.win32_1.0.100.202602081740/tools/bin/../lib/gcc/arm-none-eabi/14.3.1/thumb/v7e-m+fp/hard\libgcc.a(_dvmd_tls.o)
 .ARM.attributes
                0x000005cf       0x22 C:/ST/STM32CubeIDE_2.2.0/STM32CubeIDE/plugins/com.st.stm32cube.ide.mcu.externaltools.gnu-tools-for-stm32.14.3.rel1.win32_1.0.100.202602081740/tools/bin/../lib/gcc/arm-none-eabi/14.3.1/thumb/v7e-m+fp/hard/crtn.o
OUTPUT(TFT_From_Board.elf elf32-littlearm)
LOAD linker stubs
LOAD C:/ST/STM32CubeIDE_2.2.0/STM32CubeIDE/plugins/com.st.stm32cube.ide.mcu.externaltools.gnu-tools-for-stm32.14.3.rel1.win32_1.0.100.202602081740/tools/bin/../lib/gcc/arm-none-eabi/14.3.1/../../../../arm-none-eabi/lib/thumb/v7e-m+fp/hard\libc.a
LOAD C:/ST/STM32CubeIDE_2.2.0/STM32CubeIDE/plugins/com.st.stm32cube.ide.mcu.externaltools.gnu-tools-for-stm32.14.3.rel1.win32_1.0.100.202602081740/tools/bin/../lib/gcc/arm-none-eabi/14.3.1/../../../../arm-none-eabi/lib/thumb/v7e-m+fp/hard\libm.a
LOAD C:/ST/STM32CubeIDE_2.2.0/STM32CubeIDE/plugins/com.st.stm32cube.ide.mcu.externaltools.gnu-tools-for-stm32.14.3.rel1.win32_1.0.100.202602081740/tools/bin/../lib/gcc/arm-none-eabi/14.3.1/thumb/v7e-m+fp/hard\libgcc.a

.debug_info     0x00000000    0x177a9
 .debug_info    0x00000000      0xddb ./Core/Src/font.o
 .debug_info    0x00000ddb      0x241 ./Core/Src/images.o
 .debug_info    0x0000101c     0x1636 ./Core/Src/lcd_ili9341_min.o
 .debug_info    0x00002652     0x20c2 ./Core/Src/main.o
 .debug_info    0x00004714     0x1f7c ./Core/Src/stm32f4xx_hal_msp.o
 .debug_info    0x00006690      0xc40 ./Core/Src/stm32f4xx_hal_timebase_tim.o
 .debug_info    0x000072d0      0xfdb ./Core/Src/stm32f4xx_it.o
 .debug_info    0x000082ab      0x52e ./Core/Src/system_stm32f4xx.o
 .debug_info    0x000087d9       0x30 ./Core/Startup/startup_stm32f429zitx.o
 .debug_info    0x00008809      0x9ba ./Drivers/STM32F4xx_HAL_Driver/Src/stm32f4xx_hal.o
 .debug_info    0x000091c3      0xdc2 ./Drivers/STM32F4xx_HAL_Driver/Src/stm32f4xx_hal_cortex.o
 .debug_info    0x00009f85      0x37f ./Drivers/STM32F4xx_HAL_Driver/Src/stm32f4xx_hal_crc.o
 .debug_info    0x0000a304      0xe82 ./Drivers/STM32F4xx_HAL_Driver/Src/stm32f4xx_hal_dma2d.o
 .debug_info    0x0000b186      0x6db ./Drivers/STM32F4xx_HAL_Driver/Src/stm32f4xx_hal_gpio.o
 .debug_info    0x0000b861     0x1031 ./Drivers/STM32F4xx_HAL_Driver/Src/stm32f4xx_hal_ltdc.o
 .debug_info    0x0000c892      0x8db ./Drivers/STM32F4xx_HAL_Driver/Src/stm32f4xx_hal_rcc.o
 .debug_info    0x0000d16d      0x64c ./Drivers/STM32F4xx_HAL_Driver/Src/stm32f4xx_hal_rcc_ex.o
 .debug_info    0x0000d7b9      0xed7 ./Drivers/STM32F4xx_HAL_Driver/Src/stm32f4xx_hal_sdram.o
 .debug_info    0x0000e690     0x1525 ./Drivers/STM32F4xx_HAL_Driver/Src/stm32f4xx_hal_spi.o
 .debug_info    0x0000fbb5     0x299d ./Drivers/STM32F4xx_HAL_Driver/Src/stm32f4xx_hal_tim.o
 .debug_info    0x00012552     0x14db ./Drivers/STM32F4xx_HAL_Driver/Src/stm32f4xx_hal_tim_ex.o
 .debug_info    0x00013a2d     0x2f4f ./Drivers/STM32F4xx_HAL_Driver/Src/stm32f4xx_hal_uart.o
 .debug_info    0x0001697c      0xe2d ./Drivers/STM32F4xx_HAL_Driver/Src/stm32f4xx_ll_fmc.o

.debug_abbrev   0x00000000     0x30ce
 .debug_abbrev  0x00000000       0xed ./Core/Src/font.o
 .debug_abbrev  0x000000ed      0x144 ./Core/Src/images.o
 .debug_abbrev  0x00000231      0x38e ./Core/Src/lcd_ili9341_min.o
 .debug_abbrev  0x000005bf      0x34f ./Core/Src/main.o
 .debug_abbrev  0x0000090e      0x2d5 ./Core/Src/stm32f4xx_hal_msp.o
 .debug_abbrev  0x00000be3      0x1f4 ./Core/Src/stm32f4xx_hal_timebase_tim.o
 .debug_abbrev  0x00000dd7      0x1ce ./Core/Src/stm32f4xx_it.o
 .debug_abbrev  0x00000fa5      0x11a ./Core/Src/system_stm32f4xx.o
 .debug_abbrev  0x000010bf       0x24 ./Core/Startup/startup_stm32f429zitx.o
 .debug_abbrev  0x000010e3      0x214 ./Drivers/STM32F4xx_HAL_Driver/Src/stm32f4xx_hal.o
 .debug_abbrev  0x000012f7      0x31d ./Drivers/STM32F4xx_HAL_Driver/Src/stm32f4xx_hal_cortex.o
 .debug_abbrev  0x00001614      0x1b1 ./Drivers/STM32F4xx_HAL_Driver/Src/stm32f4xx_hal_crc.o
 .debug_abbrev  0x000017c5      0x23e ./Drivers/STM32F4xx_HAL_Driver/Src/stm32f4xx_hal_dma2d.o
 .debug_abbrev  0x00001a03      0x1d4 ./Drivers/STM32F4xx_HAL_Driver/Src/stm32f4xx_hal_gpio.o
 .debug_abbrev  0x00001bd7      0x23a ./Drivers/STM32F4xx_HAL_Driver/Src/stm32f4xx_hal_ltdc.o
 .debug_abbrev  0x00001e11      0x2b7 ./Drivers/STM32F4xx_HAL_Driver/Src/stm32f4xx_hal_rcc.o
 .debug_abbrev  0x000020c8      0x1b0 ./Drivers/STM32F4xx_HAL_Driver/Src/stm32f4xx_hal_rcc_ex.o
 .debug_abbrev  0x00002278      0x227 ./Drivers/STM32F4xx_HAL_Driver/Src/stm32f4xx_hal_sdram.o
 .debug_abbrev  0x0000249f      0x27a ./Drivers/STM32F4xx_HAL_Driver/Src/stm32f4xx_hal_spi.o
 .debug_abbrev  0x00002719      0x278 ./Drivers/STM32F4xx_HAL_Driver/Src/stm32f4xx_hal_tim.o
 .debug_abbrev  0x00002991      0x283 ./Drivers/STM32F4xx_HAL_Driver/Src/stm32f4xx_hal_tim_ex.o
 .debug_abbrev  0x00002c14      0x30e ./Drivers/STM32F4xx_HAL_Driver/Src/stm32f4xx_hal_uart.o
 .debug_abbrev  0x00002f22      0x1ac ./Drivers/STM32F4xx_HAL_Driver/Src/stm32f4xx_ll_fmc.o

.debug_aranges  0x00000000     0x1450
 .debug_aranges
                0x00000000       0x18 ./Core/Src/font.o
 .debug_aranges
                0x00000018       0x28 ./Core/Src/images.o
 .debug_aranges
                0x00000040       0xd8 ./Core/Src/lcd_ili9341_min.o
 .debug_aranges
                0x00000118       0x90 ./Core/Src/main.o
 .debug_aranges
                0x000001a8       0xa0 ./Core/Src/stm32f4xx_hal_msp.o
 .debug_aranges
                0x00000248       0x30 ./Core/Src/stm32f4xx_hal_timebase_tim.o
 .debug_aranges
                0x00000278       0x78 ./Core/Src/stm32f4xx_it.o
 .debug_aranges
                0x000002f0       0x28 ./Core/Src/system_stm32f4xx.o
 .debug_aranges
                0x00000318       0x28 ./Core/Startup/startup_stm32f429zitx.o
 .debug_aranges
                0x00000340      0x100 ./Drivers/STM32F4xx_HAL_Driver/Src/stm32f4xx_hal.o
 .debug_aranges
                0x00000440      0x130 ./Drivers/STM32F4xx_HAL_Driver/Src/stm32f4xx_hal_cortex.o
 .debug_aranges
                0x00000570       0x50 ./Drivers/STM32F4xx_HAL_Driver/Src/stm32f4xx_hal_crc.o
 .debug_aranges
                0x000005c0      0x118 ./Drivers/STM32F4xx_HAL_Driver/Src/stm32f4xx_hal_dma2d.o
 .debug_aranges
                0x000006d8       0x58 ./Drivers/STM32F4xx_HAL_Driver/Src/stm32f4xx_hal_gpio.o
 .debug_aranges
                0x00000730      0x158 ./Drivers/STM32F4xx_HAL_Driver/Src/stm32f4xx_hal_ltdc.o
 .debug_aranges
                0x00000888       0x88 ./Drivers/STM32F4xx_HAL_Driver/Src/stm32f4xx_hal_rcc.o
 .debug_aranges
                0x00000910       0x58 ./Drivers/STM32F4xx_HAL_Driver/Src/stm32f4xx_hal_rcc_ex.o
 .debug_aranges
                0x00000968       0xe8 ./Drivers/STM32F4xx_HAL_Driver/Src/stm32f4xx_hal_sdram.o
 .debug_aranges
                0x00000a50      0x1d0 ./Drivers/STM32F4xx_HAL_Driver/Src/stm32f4xx_hal_spi.o
 .debug_aranges
                0x00000c20      0x3d0 ./Drivers/STM32F4xx_HAL_Driver/Src/stm32f4xx_hal_tim.o
 .debug_aranges
                0x00000ff0      0x168 ./Drivers/STM32F4xx_HAL_Driver/Src/stm32f4xx_hal_tim_ex.o
 .debug_aranges
                0x00001158      0x208 ./Drivers/STM32F4xx_HAL_Driver/Src/stm32f4xx_hal_uart.o
 .debug_aranges
                0x00001360       0xf0 ./Drivers/STM32F4xx_HAL_Driver/Src/stm32f4xx_ll_fmc.o

.debug_macro    0x00000000    0x261da
 .debug_macro   0x00000000      0x31e ./Core/Src/font.o
 .debug_macro   0x0000031e      0xad8 ./Core/Src/font.o
 .debug_macro   0x00000df6      0x2b9 ./Core/Src/font.o
 .debug_macro   0x000010af       0x2e ./Core/Src/font.o
 .debug_macro   0x000010dd       0x28 ./Core/Src/font.o
 .debug_macro   0x00001105       0x22 ./Core/Src/font.o
 .debug_macro   0x00001127       0x8e ./Core/Src/font.o
 .debug_macro   0x000011b5       0x51 ./Core/Src/font.o
 .debug_macro   0x00001206      0x103 ./Core/Src/font.o
 .debug_macro   0x00001309       0x6a ./Core/Src/font.o
 .debug_macro   0x00001373      0x1df ./Core/Src/font.o
 .debug_macro   0x00001552       0x1c ./Core/Src/font.o
 .debug_macro   0x0000156e       0x22 ./Core/Src/font.o
 .debug_macro   0x00001590       0xfb ./Core/Src/font.o
 .debug_macro   0x0000168b     0x1011 ./Core/Src/font.o
 .debug_macro   0x0000269c      0x11f ./Core/Src/font.o
 .debug_macro   0x000027bb    0x17ff1 ./Core/Src/font.o
 .debug_macro   0x0001a7ac       0x6d ./Core/Src/font.o
 .debug_macro   0x0001a819     0x370a ./Core/Src/font.o
 .debug_macro   0x0001df23      0x190 ./Core/Src/font.o
 .debug_macro   0x0001e0b3       0x5c ./Core/Src/font.o
 .debug_macro   0x0001e10f      0xcba ./Core/Src/font.o
 .debug_macro   0x0001edc9      0x9e9 ./Core/Src/font.o
 .debug_macro   0x0001f7b2      0x115 ./Core/Src/font.o
 .debug_macro   0x0001f8c7      0x156 ./Core/Src/font.o
 .debug_macro   0x0001fa1d       0xa5 ./Core/Src/font.o
 .debug_macro   0x0001fac2      0x182 ./Core/Src/font.o
 .debug_macro   0x0001fc44      0x287 ./Core/Src/font.o
 .debug_macro   0x0001fecb       0x5f ./Core/Src/font.o
 .debug_macro   0x0001ff2a      0x236 ./Core/Src/font.o
 .debug_macro   0x00020160       0x22 ./Core/Src/font.o
 .debug_macro   0x00020182      0x208 ./Core/Src/font.o
 .debug_macro   0x0002038a      0x132 ./Core/Src/font.o
 .debug_macro   0x000204bc      0x41d ./Core/Src/font.o
 .debug_macro   0x000208d9       0x2e ./Core/Src/font.o
 .debug_macro   0x00020907      0x556 ./Core/Src/font.o
 .debug_macro   0x00020e5d      0x198 ./Core/Src/font.o
 .debug_macro   0x00020ff5       0xd6 ./Core/Src/font.o
 .debug_macro   0x000210cb      0x127 ./Core/Src/font.o
 .debug_macro   0x000211f2       0xe2 ./Core/Src/font.o
 .debug_macro   0x000212d4       0x89 ./Core/Src/font.o
 .debug_macro   0x0002135d      0x225 ./Core/Src/font.o
 .debug_macro   0x00021582      0x8ed ./Core/Src/font.o
 .debug_macro   0x00021e6f       0x4d ./Core/Src/font.o
 .debug_macro   0x00021ebc      0x2aa ./Core/Src/font.o
 .debug_macro   0x00022166      0x134 ./Core/Src/font.o
 .debug_macro   0x0002229a      0x4c8 ./Core/Src/font.o
 .debug_macro   0x00022762       0x22 ./Core/Src/font.o
 .debug_macro   0x00022784       0x2a ./Core/Src/font.o
 .debug_macro   0x000227ae       0x61 ./Core/Src/font.o
 .debug_macro   0x0002280f       0x43 ./Core/Src/font.o
 .debug_macro   0x00022852       0x34 ./Core/Src/font.o
 .debug_macro   0x00022886       0x16 ./Core/Src/font.o
 .debug_macro   0x0002289c       0x3c ./Core/Src/font.o
 .debug_macro   0x000228d8      0x364 ./Core/Src/font.o
 .debug_macro   0x00022c3c       0x16 ./Core/Src/font.o
 .debug_macro   0x00022c52       0x4a ./Core/Src/font.o
 .debug_macro   0x00022c9c       0x34 ./Core/Src/font.o
 .debug_macro   0x00022cd0       0x10 ./Core/Src/font.o
 .debug_macro   0x00022ce0       0x58 ./Core/Src/font.o
 .debug_macro   0x00022d38       0x8e ./Core/Src/font.o
 .debug_macro   0x00022dc6       0x1c ./Core/Src/font.o
 .debug_macro   0x00022de2      0x17e ./Core/Src/font.o
 .debug_macro   0x00022f60       0x16 ./Core/Src/font.o
 .debug_macro   0x00022f76       0x29 ./Core/Src/font.o
 .debug_macro   0x00022f9f       0x16 ./Core/Src/font.o
 .debug_macro   0x00022fb5      0x322 ./Core/Src/images.o
 .debug_macro   0x000232d7       0x3a ./Core/Src/images.o
 .debug_macro   0x00023311      0x3e1 ./Core/Src/lcd_ili9341_min.o
 .debug_macro   0x000236f2      0x357 ./Core/Src/main.o
 .debug_macro   0x00023a49       0x1c ./Core/Src/main.o
 .debug_macro   0x00023a65      0x230 ./Core/Src/stm32f4xx_hal_msp.o
 .debug_macro   0x00023c95      0x221 ./Core/Src/stm32f4xx_hal_timebase_tim.o
 .debug_macro   0x00023eb6      0x23a ./Core/Src/stm32f4xx_it.o
 .debug_macro   0x000240f0      0x221 ./Core/Src/system_stm32f4xx.o
 .debug_macro   0x00024311      0x281 ./Drivers/STM32F4xx_HAL_Driver/Src/stm32f4xx_hal.o
 .debug_macro   0x00024592      0x221 ./Drivers/STM32F4xx_HAL_Driver/Src/stm32f4xx_hal_cortex.o
 .debug_macro   0x000247b3      0x221 ./Drivers/STM32F4xx_HAL_Driver/Src/stm32f4xx_hal_crc.o
 .debug_macro   0x000249d4      0x230 ./Drivers/STM32F4xx_HAL_Driver/Src/stm32f4xx_hal_dma2d.o
 .debug_macro   0x00024c04      0x227 ./Drivers/STM32F4xx_HAL_Driver/Src/stm32f4xx_hal_gpio.o
 .debug_macro   0x00024e2b      0x229 ./Drivers/STM32F4xx_HAL_Driver/Src/stm32f4xx_hal_ltdc.o
 .debug_macro   0x00025054      0x245 ./Drivers/STM32F4xx_HAL_Driver/Src/stm32f4xx_hal_rcc.o
 .debug_macro   0x00025299      0x221 ./Drivers/STM32F4xx_HAL_Driver/Src/stm32f4xx_hal_rcc_ex.o
 .debug_macro   0x000254ba      0x221 ./Drivers/STM32F4xx_HAL_Driver/Src/stm32f4xx_hal_sdram.o
 .debug_macro   0x000256db      0x230 ./Drivers/STM32F4xx_HAL_Driver/Src/stm32f4xx_hal_spi.o
 .debug_macro   0x0002590b      0x222 ./Drivers/STM32F4xx_HAL_Driver/Src/stm32f4xx_hal_tim.o
 .debug_macro   0x00025b2d      0x221 ./Drivers/STM32F4xx_HAL_Driver/Src/stm32f4xx_hal_tim_ex.o
 .debug_macro   0x00025d4e      0x222 ./Drivers/STM32F4xx_HAL_Driver/Src/stm32f4xx_hal_uart.o
 .debug_macro   0x00025f70      0x26a ./Drivers/STM32F4xx_HAL_Driver/Src/stm32f4xx_ll_fmc.o

.debug_line     0x00000000    0x179f3
 .debug_line    0x00000000      0x94e ./Core/Src/font.o
 .debug_line    0x0000094e      0xa5b ./Core/Src/images.o
 .debug_line    0x000013a9     0x10d2 ./Core/Src/lcd_ili9341_min.o
 .debug_line    0x0000247b      0xe7a ./Core/Src/main.o
 .debug_line    0x000032f5      0xb15 ./Core/Src/stm32f4xx_hal_msp.o
 .debug_line    0x00003e0a      0x871 ./Core/Src/stm32f4xx_hal_timebase_tim.o
 .debug_line    0x0000467b      0x8f7 ./Core/Src/stm32f4xx_it.o
 .debug_line    0x00004f72      0x869 ./Core/Src/system_stm32f4xx.o
 .debug_line    0x000057db       0x7a ./Core/Startup/startup_stm32f429zitx.o
 .debug_line    0x00005855      0xb1e ./Drivers/STM32F4xx_HAL_Driver/Src/stm32f4xx_hal.o
 .debug_line    0x00006373      0xdb5 ./Drivers/STM32F4xx_HAL_Driver/Src/stm32f4xx_hal_cortex.o
 .debug_line    0x00007128      0x91a ./Drivers/STM32F4xx_HAL_Driver/Src/stm32f4xx_hal_crc.o
 .debug_line    0x00007a42     0x120d ./Drivers/STM32F4xx_HAL_Driver/Src/stm32f4xx_hal_dma2d.o
 .debug_line    0x00008c4f      0xc62 ./Drivers/STM32F4xx_HAL_Driver/Src/stm32f4xx_hal_gpio.o
 .debug_line    0x000098b1     0x13f5 ./Drivers/STM32F4xx_HAL_Driver/Src/stm32f4xx_hal_ltdc.o
 .debug_line    0x0000aca6      0xef4 ./Drivers/STM32F4xx_HAL_Driver/Src/stm32f4xx_hal_rcc.o
 .debug_line    0x0000bb9a      0xd3d ./Drivers/STM32F4xx_HAL_Driver/Src/stm32f4xx_hal_rcc_ex.o
 .debug_line    0x0000c8d7      0xdf0 ./Drivers/STM32F4xx_HAL_Driver/Src/stm32f4xx_hal_sdram.o
 .debug_line    0x0000d6c7     0x1d80 ./Drivers/STM32F4xx_HAL_Driver/Src/stm32f4xx_hal_spi.o
 .debug_line    0x0000f447     0x3860 ./Drivers/STM32F4xx_HAL_Driver/Src/stm32f4xx_hal_tim.o
 .debug_line    0x00012ca7     0x1a45 ./Drivers/STM32F4xx_HAL_Driver/Src/stm32f4xx_hal_tim_ex.o
 .debug_line    0x000146ec     0x262d ./Drivers/STM32F4xx_HAL_Driver/Src/stm32f4xx_hal_uart.o
 .debug_line    0x00016d19      0xcda ./Drivers/STM32F4xx_HAL_Driver/Src/stm32f4xx_ll_fmc.o

.debug_str      0x00000000    0xe55d0
 .debug_str     0x00000000    0xe55d0 ./Core/Src/font.o
                              0xdede2 (size before relaxing)
 .debug_str     0x000e55d0    0xde3e2 ./Core/Src/images.o
 .debug_str     0x000e55d0    0xdf2f7 ./Core/Src/lcd_ili9341_min.o
 .debug_str     0x000e55d0    0xdfb11 ./Core/Src/main.o
 .debug_str     0x000e55d0    0xdc90d ./Core/Src/stm32f4xx_hal_msp.o
 .debug_str     0x000e55d0    0xdadfb ./Core/Src/stm32f4xx_hal_timebase_tim.o
 .debug_str     0x000e55d0    0xdbae5 ./Core/Src/stm32f4xx_it.o
 .debug_str     0x000e55d0    0xda2a0 ./Core/Src/system_stm32f4xx.o
 .debug_str     0x000e55d0       0x73 ./Core/Startup/startup_stm32f429zitx.o
 .debug_str     0x000e55d0    0xdaec3 ./Drivers/STM32F4xx_HAL_Driver/Src/stm32f4xx_hal.o
 .debug_str     0x000e55d0    0xdabf1 ./Drivers/STM32F4xx_HAL_Driver/Src/stm32f4xx_hal_cortex.o
 .debug_str     0x000e55d0    0xda2bb ./Drivers/STM32F4xx_HAL_Driver/Src/stm32f4xx_hal_crc.o
 .debug_str     0x000e55d0    0xda87c ./Drivers/STM32F4xx_HAL_Driver/Src/stm32f4xx_hal_dma2d.o
 .debug_str     0x000e55d0    0xda41b ./Drivers/STM32F4xx_HAL_Driver/Src/stm32f4xx_hal_gpio.o
 .debug_str     0x000e55d0    0xda904 ./Drivers/STM32F4xx_HAL_Driver/Src/stm32f4xx_hal_ltdc.o
 .debug_str     0x000e55d0    0xda6d4 ./Drivers/STM32F4xx_HAL_Driver/Src/stm32f4xx_hal_rcc.o
 .debug_str     0x000e55d0    0xda49b ./Drivers/STM32F4xx_HAL_Driver/Src/stm32f4xx_hal_rcc_ex.o
 .debug_str     0x000e55d0    0xda9c0 ./Drivers/STM32F4xx_HAL_Driver/Src/stm32f4xx_hal_sdram.o
 .debug_str     0x000e55d0    0xdab4b ./Drivers/STM32F4xx_HAL_Driver/Src/stm32f4xx_hal_spi.o
 .debug_str     0x000e55d0    0xdb617 ./Drivers/STM32F4xx_HAL_Driver/Src/stm32f4xx_hal_tim.o
 .debug_str     0x000e55d0    0xdae23 ./Drivers/STM32F4xx_HAL_Driver/Src/stm32f4xx_hal_tim_ex.o
 .debug_str     0x000e55d0    0xdaca2 ./Drivers/STM32F4xx_HAL_Driver/Src/stm32f4xx_hal_uart.o
 .debug_str     0x000e55d0    0xdae8a ./Drivers/STM32F4xx_HAL_Driver/Src/stm32f4xx_ll_fmc.o

.comment        0x00000000       0x43
 .comment       0x00000000       0x43 ./Core/Src/font.o
                                 0x44 (size before relaxing)
 .comment       0x00000043       0x44 ./Core/Src/images.o
 .comment       0x00000043       0x44 ./Core/Src/lcd_ili9341_min.o
 .comment       0x00000043       0x44 ./Core/Src/main.o
 .comment       0x00000043       0x44 ./Core/Src/stm32f4xx_hal_msp.o
 .comment       0x00000043       0x44 ./Core/Src/stm32f4xx_hal_timebase_tim.o
 .comment       0x00000043       0x44 ./Core/Src/stm32f4xx_it.o
 .comment       0x00000043       0x44 ./Core/Src/system_stm32f4xx.o
 .comment       0x00000043       0x44 ./Drivers/STM32F4xx_HAL_Driver/Src/stm32f4xx_hal.o
 .comment       0x00000043       0x44 ./Drivers/STM32F4xx_HAL_Driver/Src/stm32f4xx_hal_cortex.o
 .comment       0x00000043       0x44 ./Drivers/STM32F4xx_HAL_Driver/Src/stm32f4xx_hal_crc.o
 .comment       0x00000043       0x44 ./Drivers/STM32F4xx_HAL_Driver/Src/stm32f4xx_hal_dma2d.o
 .comment       0x00000043       0x44 ./Drivers/STM32F4xx_HAL_Driver/Src/stm32f4xx_hal_gpio.o
 .comment       0x00000043       0x44 ./Drivers/STM32F4xx_HAL_Driver/Src/stm32f4xx_hal_ltdc.o
 .comment       0x00000043       0x44 ./Drivers/STM32F4xx_HAL_Driver/Src/stm32f4xx_hal_rcc.o
 .comment       0x00000043       0x44 ./Drivers/STM32F4xx_HAL_Driver/Src/stm32f4xx_hal_rcc_ex.o
 .comment       0x00000043       0x44 ./Drivers/STM32F4xx_HAL_Driver/Src/stm32f4xx_hal_sdram.o
 .comment       0x00000043       0x44 ./Drivers/STM32F4xx_HAL_Driver/Src/stm32f4xx_hal_spi.o
 .comment       0x00000043       0x44 ./Drivers/STM32F4xx_HAL_Driver/Src/stm32f4xx_hal_tim.o
 .comment       0x00000043       0x44 ./Drivers/STM32F4xx_HAL_Driver/Src/stm32f4xx_hal_tim_ex.o
 .comment       0x00000043       0x44 ./Drivers/STM32F4xx_HAL_Driver/Src/stm32f4xx_hal_uart.o
 .comment       0x00000043       0x44 ./Drivers/STM32F4xx_HAL_Driver/Src/stm32f4xx_ll_fmc.o

.debug_rnglists
                0x00000000      0xfca
 .debug_rnglists
                0x00000000       0x1a ./Core/Src/images.o
 .debug_rnglists
                0x0000001a       0xb1 ./Core/Src/lcd_ili9341_min.o
 .debug_rnglists
                0x000000cb       0x6f ./Core/Src/main.o
 .debug_rnglists
                0x0000013a       0x78 ./Core/Src/stm32f4xx_hal_msp.o
 .debug_rnglists
                0x000001b2       0x20 ./Core/Src/stm32f4xx_hal_timebase_tim.o
 .debug_rnglists
                0x000001d2       0x55 ./Core/Src/stm32f4xx_it.o
 .debug_rnglists
                0x00000227       0x1a ./Core/Src/system_stm32f4xx.o
 .debug_rnglists
                0x00000241       0x19 ./Core/Startup/startup_stm32f429zitx.o
 .debug_rnglists
                0x0000025a       0xbb ./Drivers/STM32F4xx_HAL_Driver/Src/stm32f4xx_hal.o
 .debug_rnglists
                0x00000315       0xe0 ./Drivers/STM32F4xx_HAL_Driver/Src/stm32f4xx_hal_cortex.o
 .debug_rnglists
                0x000003f5       0x37 ./Drivers/STM32F4xx_HAL_Driver/Src/stm32f4xx_hal_crc.o
 .debug_rnglists
                0x0000042c       0xdc ./Drivers/STM32F4xx_HAL_Driver/Src/stm32f4xx_hal_dma2d.o
 .debug_rnglists
                0x00000508       0x3f ./Drivers/STM32F4xx_HAL_Driver/Src/stm32f4xx_hal_gpio.o
 .debug_rnglists
                0x00000547      0x10a ./Drivers/STM32F4xx_HAL_Driver/Src/stm32f4xx_hal_ltdc.o
 .debug_rnglists
                0x00000651       0x66 ./Drivers/STM32F4xx_HAL_Driver/Src/stm32f4xx_hal_rcc.o
 .debug_rnglists
                0x000006b7       0x43 ./Drivers/STM32F4xx_HAL_Driver/Src/stm32f4xx_hal_rcc_ex.o
 .debug_rnglists
                0x000006fa       0xb1 ./Drivers/STM32F4xx_HAL_Driver/Src/stm32f4xx_hal_sdram.o
 .debug_rnglists
                0x000007ab      0x16f ./Drivers/STM32F4xx_HAL_Driver/Src/stm32f4xx_hal_spi.o
 .debug_rnglists
                0x0000091a      0x31a ./Drivers/STM32F4xx_HAL_Driver/Src/stm32f4xx_hal_tim.o
 .debug_rnglists
                0x00000c34      0x125 ./Drivers/STM32F4xx_HAL_Driver/Src/stm32f4xx_hal_tim_ex.o
 .debug_rnglists
                0x00000d59      0x1bc ./Drivers/STM32F4xx_HAL_Driver/Src/stm32f4xx_hal_uart.o
 .debug_rnglists
                0x00000f15       0xb5 ./Drivers/STM32F4xx_HAL_Driver/Src/stm32f4xx_ll_fmc.o

.debug_frame    0x00000000     0x51ac
 .debug_frame   0x00000000       0x50 ./Core/Src/images.o
 .debug_frame   0x00000050      0x350 ./Core/Src/lcd_ili9341_min.o
 .debug_frame   0x000003a0      0x1fc ./Core/Src/main.o
 .debug_frame   0x0000059c      0x270 ./Core/Src/stm32f4xx_hal_msp.o
 .debug_frame   0x0000080c       0x6c ./Core/Src/stm32f4xx_hal_timebase_tim.o
 .debug_frame   0x00000878      0x14c ./Core/Src/stm32f4xx_it.o
 .debug_frame   0x000009c4       0x50 ./Core/Src/system_stm32f4xx.o
 .debug_frame   0x00000a14      0x354 ./Drivers/STM32F4xx_HAL_Driver/Src/stm32f4xx_hal.o
 .debug_frame   0x00000d68      0x4b8 ./Drivers/STM32F4xx_HAL_Driver/Src/stm32f4xx_hal_cortex.o
 .debug_frame   0x00001220      0x10c ./Drivers/STM32F4xx_HAL_Driver/Src/stm32f4xx_hal_crc.o
 .debug_frame   0x0000132c      0x490 ./Drivers/STM32F4xx_HAL_Driver/Src/stm32f4xx_hal_dma2d.o
 .debug_frame   0x000017bc      0x130 ./Drivers/STM32F4xx_HAL_Driver/Src/stm32f4xx_hal_gpio.o
 .debug_frame   0x000018ec      0x5b8 ./Drivers/STM32F4xx_HAL_Driver/Src/stm32f4xx_hal_ltdc.o
 .debug_frame   0x00001ea4      0x1d8 ./Drivers/STM32F4xx_HAL_Driver/Src/stm32f4xx_hal_rcc.o
 .debug_frame   0x0000207c      0x134 ./Drivers/STM32F4xx_HAL_Driver/Src/stm32f4xx_hal_rcc_ex.o
 .debug_frame   0x000021b0      0x3b8 ./Drivers/STM32F4xx_HAL_Driver/Src/stm32f4xx_hal_sdram.o
 .debug_frame   0x00002568      0x7e0 ./Drivers/STM32F4xx_HAL_Driver/Src/stm32f4xx_hal_spi.o
 .debug_frame   0x00002d48     0x10f0 ./Drivers/STM32F4xx_HAL_Driver/Src/stm32f4xx_hal_tim.o
 .debug_frame   0x00003e38      0x600 ./Drivers/STM32F4xx_HAL_Driver/Src/stm32f4xx_hal_tim_ex.o
 .debug_frame   0x00004438      0x8ec ./Drivers/STM32F4xx_HAL_Driver/Src/stm32f4xx_hal_uart.o
 .debug_frame   0x00004d24      0x3dc ./Drivers/STM32F4xx_HAL_Driver/Src/stm32f4xx_ll_fmc.o
 .debug_frame   0x00005100       0x20 C:/ST/STM32CubeIDE_2.2.0/STM32CubeIDE/plugins/com.st.stm32cube.ide.mcu.externaltools.gnu-tools-for-stm32.14.3.rel1.win32_1.0.100.202602081740/tools/bin/../lib/gcc/arm-none-eabi/14.3.1/../../../../arm-none-eabi/lib/thumb/v7e-m+fp/hard\libc_nano.a(libc_a-memset.o)
 .debug_frame   0x00005120       0x2c C:/ST/STM32CubeIDE_2.2.0/STM32CubeIDE/plugins/com.st.stm32cube.ide.mcu.externaltools.gnu-tools-for-stm32.14.3.rel1.win32_1.0.100.202602081740/tools/bin/../lib/gcc/arm-none-eabi/14.3.1/../../../../arm-none-eabi/lib/thumb/v7e-m+fp/hard\libc_nano.a(libc_a-init.o)
 .debug_frame   0x0000514c       0x2c C:/ST/STM32CubeIDE_2.2.0/STM32CubeIDE/plugins/com.st.stm32cube.ide.mcu.externaltools.gnu-tools-for-stm32.14.3.rel1.win32_1.0.100.202602081740/tools/bin/../lib/gcc/arm-none-eabi/14.3.1/thumb/v7e-m+fp/hard\libgcc.a(_aeabi_uldivmod.o)
 .debug_frame   0x00005178       0x34 C:/ST/STM32CubeIDE_2.2.0/STM32CubeIDE/plugins/com.st.stm32cube.ide.mcu.externaltools.gnu-tools-for-stm32.14.3.rel1.win32_1.0.100.202602081740/tools/bin/../lib/gcc/arm-none-eabi/14.3.1/thumb/v7e-m+fp/hard\libgcc.a(_udivmoddi4.o)

.debug_line_str
                0x00000000       0x57
 .debug_line_str
                0x00000000       0x57 ./Core/Startup/startup_stm32f429zitx.o
